ARM GAS  C:\Users\ADMINI~1\AppData\Local\Temp\ccZBbC6y.s 			page 1


   1              		.syntax unified
   2              		.cpu cortex-m0
   3              		.fpu softvfp
   4              		.eabi_attribute 20, 1
   5              		.eabi_attribute 21, 1
   6              		.eabi_attribute 23, 3
   7              		.eabi_attribute 24, 1
   8              		.eabi_attribute 25, 1
   9              		.eabi_attribute 26, 1
  10              		.eabi_attribute 30, 6
  11              		.eabi_attribute 34, 0
  12              		.eabi_attribute 18, 4
  13              		.thumb
  14              		.syntax unified
  15              		.file	"I2C_SCB_IRQ.c"
  16              		.text
  17              	.Ltext0:
  18              		.cfi_sections	.debug_frame
  19              		.section	.text.I2C_SCB_IRQ_Start,"ax",%progbits
  20              		.align	2
  21              		.global	I2C_SCB_IRQ_Start
  22              		.code	16
  23              		.thumb_func
  24              		.type	I2C_SCB_IRQ_Start, %function
  25              	I2C_SCB_IRQ_Start:
  26              	.LFB1:
  27              		.file 1 "Generated_Source\\PSoC4\\I2C_SCB_IRQ.c"
   1:Generated_Source\PSoC4/I2C_SCB_IRQ.c **** /*******************************************************************************
   2:Generated_Source\PSoC4/I2C_SCB_IRQ.c **** * File Name: I2C_SCB_IRQ.c  
   3:Generated_Source\PSoC4/I2C_SCB_IRQ.c **** * Version 1.70
   4:Generated_Source\PSoC4/I2C_SCB_IRQ.c **** *
   5:Generated_Source\PSoC4/I2C_SCB_IRQ.c **** *  Description:
   6:Generated_Source\PSoC4/I2C_SCB_IRQ.c **** *   API for controlling the state of an interrupt.
   7:Generated_Source\PSoC4/I2C_SCB_IRQ.c **** *
   8:Generated_Source\PSoC4/I2C_SCB_IRQ.c **** *
   9:Generated_Source\PSoC4/I2C_SCB_IRQ.c **** *  Note:
  10:Generated_Source\PSoC4/I2C_SCB_IRQ.c **** *
  11:Generated_Source\PSoC4/I2C_SCB_IRQ.c **** ********************************************************************************
  12:Generated_Source\PSoC4/I2C_SCB_IRQ.c **** * Copyright 2008-2015, Cypress Semiconductor Corporation.  All rights reserved.
  13:Generated_Source\PSoC4/I2C_SCB_IRQ.c **** * You may use this file only in accordance with the license, terms, conditions, 
  14:Generated_Source\PSoC4/I2C_SCB_IRQ.c **** * disclaimers, and limitations in the end user license agreement accompanying 
  15:Generated_Source\PSoC4/I2C_SCB_IRQ.c **** * the software package with which this file was provided.
  16:Generated_Source\PSoC4/I2C_SCB_IRQ.c **** *******************************************************************************/
  17:Generated_Source\PSoC4/I2C_SCB_IRQ.c **** 
  18:Generated_Source\PSoC4/I2C_SCB_IRQ.c **** 
  19:Generated_Source\PSoC4/I2C_SCB_IRQ.c **** #include <cydevice_trm.h>
  20:Generated_Source\PSoC4/I2C_SCB_IRQ.c **** #include <CyLib.h>
  21:Generated_Source\PSoC4/I2C_SCB_IRQ.c **** #include <I2C_SCB_IRQ.h>
  22:Generated_Source\PSoC4/I2C_SCB_IRQ.c **** 
  23:Generated_Source\PSoC4/I2C_SCB_IRQ.c **** 
  24:Generated_Source\PSoC4/I2C_SCB_IRQ.c **** #if !defined(I2C_SCB_IRQ__REMOVED) /* Check for removal by optimization */
  25:Generated_Source\PSoC4/I2C_SCB_IRQ.c **** 
  26:Generated_Source\PSoC4/I2C_SCB_IRQ.c **** /*******************************************************************************
  27:Generated_Source\PSoC4/I2C_SCB_IRQ.c **** *  Place your includes, defines and code here 
  28:Generated_Source\PSoC4/I2C_SCB_IRQ.c **** ********************************************************************************/
  29:Generated_Source\PSoC4/I2C_SCB_IRQ.c **** /* `#START I2C_SCB_IRQ_intc` */
  30:Generated_Source\PSoC4/I2C_SCB_IRQ.c **** 
ARM GAS  C:\Users\ADMINI~1\AppData\Local\Temp\ccZBbC6y.s 			page 2


  31:Generated_Source\PSoC4/I2C_SCB_IRQ.c **** /* `#END` */
  32:Generated_Source\PSoC4/I2C_SCB_IRQ.c **** 
  33:Generated_Source\PSoC4/I2C_SCB_IRQ.c **** extern cyisraddress CyRamVectors[CYINT_IRQ_BASE + CY_NUM_INTERRUPTS];
  34:Generated_Source\PSoC4/I2C_SCB_IRQ.c **** 
  35:Generated_Source\PSoC4/I2C_SCB_IRQ.c **** /* Declared in startup, used to set unused interrupts to. */
  36:Generated_Source\PSoC4/I2C_SCB_IRQ.c **** CY_ISR_PROTO(IntDefaultHandler);
  37:Generated_Source\PSoC4/I2C_SCB_IRQ.c **** 
  38:Generated_Source\PSoC4/I2C_SCB_IRQ.c **** 
  39:Generated_Source\PSoC4/I2C_SCB_IRQ.c **** /*******************************************************************************
  40:Generated_Source\PSoC4/I2C_SCB_IRQ.c **** * Function Name: I2C_SCB_IRQ_Start
  41:Generated_Source\PSoC4/I2C_SCB_IRQ.c **** ********************************************************************************
  42:Generated_Source\PSoC4/I2C_SCB_IRQ.c **** *
  43:Generated_Source\PSoC4/I2C_SCB_IRQ.c **** * Summary:
  44:Generated_Source\PSoC4/I2C_SCB_IRQ.c **** *  Set up the interrupt and enable it. This function disables the interrupt, 
  45:Generated_Source\PSoC4/I2C_SCB_IRQ.c **** *  sets the default interrupt vector, sets the priority from the value in the
  46:Generated_Source\PSoC4/I2C_SCB_IRQ.c **** *  Design Wide Resources Interrupt Editor, then enables the interrupt to the 
  47:Generated_Source\PSoC4/I2C_SCB_IRQ.c **** *  interrupt controller.
  48:Generated_Source\PSoC4/I2C_SCB_IRQ.c **** *
  49:Generated_Source\PSoC4/I2C_SCB_IRQ.c **** * Parameters:  
  50:Generated_Source\PSoC4/I2C_SCB_IRQ.c **** *   None
  51:Generated_Source\PSoC4/I2C_SCB_IRQ.c **** *
  52:Generated_Source\PSoC4/I2C_SCB_IRQ.c **** * Return:
  53:Generated_Source\PSoC4/I2C_SCB_IRQ.c **** *   None
  54:Generated_Source\PSoC4/I2C_SCB_IRQ.c **** *
  55:Generated_Source\PSoC4/I2C_SCB_IRQ.c **** *******************************************************************************/
  56:Generated_Source\PSoC4/I2C_SCB_IRQ.c **** void I2C_SCB_IRQ_Start(void)
  57:Generated_Source\PSoC4/I2C_SCB_IRQ.c **** {
  28              		.loc 1 57 0
  29              		.cfi_startproc
  30              		@ args = 0, pretend = 0, frame = 0
  31              		@ frame_needed = 1, uses_anonymous_args = 0
  32 0000 80B5     		push	{r7, lr}
  33              		.cfi_def_cfa_offset 8
  34              		.cfi_offset 7, -8
  35              		.cfi_offset 14, -4
  36 0002 00AF     		add	r7, sp, #0
  37              		.cfi_def_cfa_register 7
  58:Generated_Source\PSoC4/I2C_SCB_IRQ.c ****     /* For all we know the interrupt is active. */
  59:Generated_Source\PSoC4/I2C_SCB_IRQ.c ****     I2C_SCB_IRQ_Disable();
  38              		.loc 1 59 0
  39 0004 FFF7FEFF 		bl	I2C_SCB_IRQ_Disable
  60:Generated_Source\PSoC4/I2C_SCB_IRQ.c **** 
  61:Generated_Source\PSoC4/I2C_SCB_IRQ.c ****     /* Set the ISR to point to the I2C_SCB_IRQ Interrupt. */
  62:Generated_Source\PSoC4/I2C_SCB_IRQ.c ****     I2C_SCB_IRQ_SetVector(&I2C_SCB_IRQ_Interrupt);
  40              		.loc 1 62 0
  41 0008 054B     		ldr	r3, .L2
  42 000a 1800     		movs	r0, r3
  43 000c FFF7FEFF 		bl	I2C_SCB_IRQ_SetVector
  63:Generated_Source\PSoC4/I2C_SCB_IRQ.c **** 
  64:Generated_Source\PSoC4/I2C_SCB_IRQ.c ****     /* Set the priority. */
  65:Generated_Source\PSoC4/I2C_SCB_IRQ.c ****     I2C_SCB_IRQ_SetPriority((uint8)I2C_SCB_IRQ_INTC_PRIOR_NUMBER);
  44              		.loc 1 65 0
  45 0010 0320     		movs	r0, #3
  46 0012 FFF7FEFF 		bl	I2C_SCB_IRQ_SetPriority
  66:Generated_Source\PSoC4/I2C_SCB_IRQ.c **** 
  67:Generated_Source\PSoC4/I2C_SCB_IRQ.c ****     /* Enable it. */
  68:Generated_Source\PSoC4/I2C_SCB_IRQ.c ****     I2C_SCB_IRQ_Enable();
ARM GAS  C:\Users\ADMINI~1\AppData\Local\Temp\ccZBbC6y.s 			page 3


  47              		.loc 1 68 0
  48 0016 FFF7FEFF 		bl	I2C_SCB_IRQ_Enable
  69:Generated_Source\PSoC4/I2C_SCB_IRQ.c **** }
  49              		.loc 1 69 0
  50 001a C046     		nop
  51 001c BD46     		mov	sp, r7
  52              		@ sp needed
  53 001e 80BD     		pop	{r7, pc}
  54              	.L3:
  55              		.align	2
  56              	.L2:
  57 0020 00000000 		.word	I2C_SCB_IRQ_Interrupt
  58              		.cfi_endproc
  59              	.LFE1:
  60              		.size	I2C_SCB_IRQ_Start, .-I2C_SCB_IRQ_Start
  61              		.section	.text.I2C_SCB_IRQ_StartEx,"ax",%progbits
  62              		.align	2
  63              		.global	I2C_SCB_IRQ_StartEx
  64              		.code	16
  65              		.thumb_func
  66              		.type	I2C_SCB_IRQ_StartEx, %function
  67              	I2C_SCB_IRQ_StartEx:
  68              	.LFB2:
  70:Generated_Source\PSoC4/I2C_SCB_IRQ.c **** 
  71:Generated_Source\PSoC4/I2C_SCB_IRQ.c **** 
  72:Generated_Source\PSoC4/I2C_SCB_IRQ.c **** /*******************************************************************************
  73:Generated_Source\PSoC4/I2C_SCB_IRQ.c **** * Function Name: I2C_SCB_IRQ_StartEx
  74:Generated_Source\PSoC4/I2C_SCB_IRQ.c **** ********************************************************************************
  75:Generated_Source\PSoC4/I2C_SCB_IRQ.c **** *
  76:Generated_Source\PSoC4/I2C_SCB_IRQ.c **** * Summary:
  77:Generated_Source\PSoC4/I2C_SCB_IRQ.c **** *  Sets up the interrupt and enables it. This function disables the interrupt,
  78:Generated_Source\PSoC4/I2C_SCB_IRQ.c **** *  sets the interrupt vector based on the address passed in, sets the priority 
  79:Generated_Source\PSoC4/I2C_SCB_IRQ.c **** *  from the value in the Design Wide Resources Interrupt Editor, then enables 
  80:Generated_Source\PSoC4/I2C_SCB_IRQ.c **** *  the interrupt to the interrupt controller.
  81:Generated_Source\PSoC4/I2C_SCB_IRQ.c **** *  
  82:Generated_Source\PSoC4/I2C_SCB_IRQ.c **** *  When defining ISR functions, the CY_ISR and CY_ISR_PROTO macros should be 
  83:Generated_Source\PSoC4/I2C_SCB_IRQ.c **** *  used to provide consistent definition across compilers:
  84:Generated_Source\PSoC4/I2C_SCB_IRQ.c **** *  
  85:Generated_Source\PSoC4/I2C_SCB_IRQ.c **** *  Function definition example:
  86:Generated_Source\PSoC4/I2C_SCB_IRQ.c **** *   CY_ISR(MyISR)
  87:Generated_Source\PSoC4/I2C_SCB_IRQ.c **** *   {
  88:Generated_Source\PSoC4/I2C_SCB_IRQ.c **** *   }
  89:Generated_Source\PSoC4/I2C_SCB_IRQ.c **** *   Function prototype example:
  90:Generated_Source\PSoC4/I2C_SCB_IRQ.c **** *   CY_ISR_PROTO(MyISR);
  91:Generated_Source\PSoC4/I2C_SCB_IRQ.c **** *
  92:Generated_Source\PSoC4/I2C_SCB_IRQ.c **** * Parameters:  
  93:Generated_Source\PSoC4/I2C_SCB_IRQ.c **** *   address: Address of the ISR to set in the interrupt vector table.
  94:Generated_Source\PSoC4/I2C_SCB_IRQ.c **** *
  95:Generated_Source\PSoC4/I2C_SCB_IRQ.c **** * Return:
  96:Generated_Source\PSoC4/I2C_SCB_IRQ.c **** *   None
  97:Generated_Source\PSoC4/I2C_SCB_IRQ.c **** *
  98:Generated_Source\PSoC4/I2C_SCB_IRQ.c **** *******************************************************************************/
  99:Generated_Source\PSoC4/I2C_SCB_IRQ.c **** void I2C_SCB_IRQ_StartEx(cyisraddress address)
 100:Generated_Source\PSoC4/I2C_SCB_IRQ.c **** {
  69              		.loc 1 100 0
  70              		.cfi_startproc
  71              		@ args = 0, pretend = 0, frame = 8
ARM GAS  C:\Users\ADMINI~1\AppData\Local\Temp\ccZBbC6y.s 			page 4


  72              		@ frame_needed = 1, uses_anonymous_args = 0
  73 0000 80B5     		push	{r7, lr}
  74              		.cfi_def_cfa_offset 8
  75              		.cfi_offset 7, -8
  76              		.cfi_offset 14, -4
  77 0002 82B0     		sub	sp, sp, #8
  78              		.cfi_def_cfa_offset 16
  79 0004 00AF     		add	r7, sp, #0
  80              		.cfi_def_cfa_register 7
  81 0006 7860     		str	r0, [r7, #4]
 101:Generated_Source\PSoC4/I2C_SCB_IRQ.c ****     /* For all we know the interrupt is active. */
 102:Generated_Source\PSoC4/I2C_SCB_IRQ.c ****     I2C_SCB_IRQ_Disable();
  82              		.loc 1 102 0
  83 0008 FFF7FEFF 		bl	I2C_SCB_IRQ_Disable
 103:Generated_Source\PSoC4/I2C_SCB_IRQ.c **** 
 104:Generated_Source\PSoC4/I2C_SCB_IRQ.c ****     /* Set the ISR to point to the I2C_SCB_IRQ Interrupt. */
 105:Generated_Source\PSoC4/I2C_SCB_IRQ.c ****     I2C_SCB_IRQ_SetVector(address);
  84              		.loc 1 105 0
  85 000c 7B68     		ldr	r3, [r7, #4]
  86 000e 1800     		movs	r0, r3
  87 0010 FFF7FEFF 		bl	I2C_SCB_IRQ_SetVector
 106:Generated_Source\PSoC4/I2C_SCB_IRQ.c **** 
 107:Generated_Source\PSoC4/I2C_SCB_IRQ.c ****     /* Set the priority. */
 108:Generated_Source\PSoC4/I2C_SCB_IRQ.c ****     I2C_SCB_IRQ_SetPriority((uint8)I2C_SCB_IRQ_INTC_PRIOR_NUMBER);
  88              		.loc 1 108 0
  89 0014 0320     		movs	r0, #3
  90 0016 FFF7FEFF 		bl	I2C_SCB_IRQ_SetPriority
 109:Generated_Source\PSoC4/I2C_SCB_IRQ.c **** 
 110:Generated_Source\PSoC4/I2C_SCB_IRQ.c ****     /* Enable it. */
 111:Generated_Source\PSoC4/I2C_SCB_IRQ.c ****     I2C_SCB_IRQ_Enable();
  91              		.loc 1 111 0
  92 001a FFF7FEFF 		bl	I2C_SCB_IRQ_Enable
 112:Generated_Source\PSoC4/I2C_SCB_IRQ.c **** }
  93              		.loc 1 112 0
  94 001e C046     		nop
  95 0020 BD46     		mov	sp, r7
  96 0022 02B0     		add	sp, sp, #8
  97              		@ sp needed
  98 0024 80BD     		pop	{r7, pc}
  99              		.cfi_endproc
 100              	.LFE2:
 101              		.size	I2C_SCB_IRQ_StartEx, .-I2C_SCB_IRQ_StartEx
 102 0026 C046     		.section	.text.I2C_SCB_IRQ_Stop,"ax",%progbits
 103              		.align	2
 104              		.global	I2C_SCB_IRQ_Stop
 105              		.code	16
 106              		.thumb_func
 107              		.type	I2C_SCB_IRQ_Stop, %function
 108              	I2C_SCB_IRQ_Stop:
 109              	.LFB3:
 113:Generated_Source\PSoC4/I2C_SCB_IRQ.c **** 
 114:Generated_Source\PSoC4/I2C_SCB_IRQ.c **** 
 115:Generated_Source\PSoC4/I2C_SCB_IRQ.c **** /*******************************************************************************
 116:Generated_Source\PSoC4/I2C_SCB_IRQ.c **** * Function Name: I2C_SCB_IRQ_Stop
 117:Generated_Source\PSoC4/I2C_SCB_IRQ.c **** ********************************************************************************
 118:Generated_Source\PSoC4/I2C_SCB_IRQ.c **** *
 119:Generated_Source\PSoC4/I2C_SCB_IRQ.c **** * Summary:
ARM GAS  C:\Users\ADMINI~1\AppData\Local\Temp\ccZBbC6y.s 			page 5


 120:Generated_Source\PSoC4/I2C_SCB_IRQ.c **** *   Disables and removes the interrupt.
 121:Generated_Source\PSoC4/I2C_SCB_IRQ.c **** *
 122:Generated_Source\PSoC4/I2C_SCB_IRQ.c **** * Parameters:  
 123:Generated_Source\PSoC4/I2C_SCB_IRQ.c **** *   None
 124:Generated_Source\PSoC4/I2C_SCB_IRQ.c **** *
 125:Generated_Source\PSoC4/I2C_SCB_IRQ.c **** * Return:
 126:Generated_Source\PSoC4/I2C_SCB_IRQ.c **** *   None
 127:Generated_Source\PSoC4/I2C_SCB_IRQ.c **** *
 128:Generated_Source\PSoC4/I2C_SCB_IRQ.c **** *******************************************************************************/
 129:Generated_Source\PSoC4/I2C_SCB_IRQ.c **** void I2C_SCB_IRQ_Stop(void)
 130:Generated_Source\PSoC4/I2C_SCB_IRQ.c **** {
 110              		.loc 1 130 0
 111              		.cfi_startproc
 112              		@ args = 0, pretend = 0, frame = 0
 113              		@ frame_needed = 1, uses_anonymous_args = 0
 114 0000 80B5     		push	{r7, lr}
 115              		.cfi_def_cfa_offset 8
 116              		.cfi_offset 7, -8
 117              		.cfi_offset 14, -4
 118 0002 00AF     		add	r7, sp, #0
 119              		.cfi_def_cfa_register 7
 131:Generated_Source\PSoC4/I2C_SCB_IRQ.c ****     /* Disable this interrupt. */
 132:Generated_Source\PSoC4/I2C_SCB_IRQ.c ****     I2C_SCB_IRQ_Disable();
 120              		.loc 1 132 0
 121 0004 FFF7FEFF 		bl	I2C_SCB_IRQ_Disable
 133:Generated_Source\PSoC4/I2C_SCB_IRQ.c **** 
 134:Generated_Source\PSoC4/I2C_SCB_IRQ.c ****     /* Set the ISR to point to the passive one. */
 135:Generated_Source\PSoC4/I2C_SCB_IRQ.c ****     I2C_SCB_IRQ_SetVector(&IntDefaultHandler);
 122              		.loc 1 135 0
 123 0008 034B     		ldr	r3, .L6
 124 000a 1800     		movs	r0, r3
 125 000c FFF7FEFF 		bl	I2C_SCB_IRQ_SetVector
 136:Generated_Source\PSoC4/I2C_SCB_IRQ.c **** }
 126              		.loc 1 136 0
 127 0010 C046     		nop
 128 0012 BD46     		mov	sp, r7
 129              		@ sp needed
 130 0014 80BD     		pop	{r7, pc}
 131              	.L7:
 132 0016 C046     		.align	2
 133              	.L6:
 134 0018 00000000 		.word	IntDefaultHandler
 135              		.cfi_endproc
 136              	.LFE3:
 137              		.size	I2C_SCB_IRQ_Stop, .-I2C_SCB_IRQ_Stop
 138              		.section	.text.I2C_SCB_IRQ_Interrupt,"ax",%progbits
 139              		.align	2
 140              		.global	I2C_SCB_IRQ_Interrupt
 141              		.code	16
 142              		.thumb_func
 143              		.type	I2C_SCB_IRQ_Interrupt, %function
 144              	I2C_SCB_IRQ_Interrupt:
 145              	.LFB4:
 137:Generated_Source\PSoC4/I2C_SCB_IRQ.c **** 
 138:Generated_Source\PSoC4/I2C_SCB_IRQ.c **** 
 139:Generated_Source\PSoC4/I2C_SCB_IRQ.c **** /*******************************************************************************
 140:Generated_Source\PSoC4/I2C_SCB_IRQ.c **** * Function Name: I2C_SCB_IRQ_Interrupt
ARM GAS  C:\Users\ADMINI~1\AppData\Local\Temp\ccZBbC6y.s 			page 6


 141:Generated_Source\PSoC4/I2C_SCB_IRQ.c **** ********************************************************************************
 142:Generated_Source\PSoC4/I2C_SCB_IRQ.c **** *
 143:Generated_Source\PSoC4/I2C_SCB_IRQ.c **** * Summary:
 144:Generated_Source\PSoC4/I2C_SCB_IRQ.c **** *   The default Interrupt Service Routine for I2C_SCB_IRQ.
 145:Generated_Source\PSoC4/I2C_SCB_IRQ.c **** *
 146:Generated_Source\PSoC4/I2C_SCB_IRQ.c **** *   Add custom code between the START and END comments to keep the next version
 147:Generated_Source\PSoC4/I2C_SCB_IRQ.c **** *   of this file from over-writing your code.
 148:Generated_Source\PSoC4/I2C_SCB_IRQ.c **** *
 149:Generated_Source\PSoC4/I2C_SCB_IRQ.c **** *   Note You may use either the default ISR by using this API, or you may define
 150:Generated_Source\PSoC4/I2C_SCB_IRQ.c **** *   your own separate ISR through ISR_StartEx().
 151:Generated_Source\PSoC4/I2C_SCB_IRQ.c **** *
 152:Generated_Source\PSoC4/I2C_SCB_IRQ.c **** * Parameters:  
 153:Generated_Source\PSoC4/I2C_SCB_IRQ.c **** *   None
 154:Generated_Source\PSoC4/I2C_SCB_IRQ.c **** *
 155:Generated_Source\PSoC4/I2C_SCB_IRQ.c **** * Return:
 156:Generated_Source\PSoC4/I2C_SCB_IRQ.c **** *   None
 157:Generated_Source\PSoC4/I2C_SCB_IRQ.c **** *
 158:Generated_Source\PSoC4/I2C_SCB_IRQ.c **** *******************************************************************************/
 159:Generated_Source\PSoC4/I2C_SCB_IRQ.c **** CY_ISR(I2C_SCB_IRQ_Interrupt)
 160:Generated_Source\PSoC4/I2C_SCB_IRQ.c **** {
 146              		.loc 1 160 0
 147              		.cfi_startproc
 148              		@ args = 0, pretend = 0, frame = 0
 149              		@ frame_needed = 1, uses_anonymous_args = 0
 150 0000 80B5     		push	{r7, lr}
 151              		.cfi_def_cfa_offset 8
 152              		.cfi_offset 7, -8
 153              		.cfi_offset 14, -4
 154 0002 00AF     		add	r7, sp, #0
 155              		.cfi_def_cfa_register 7
 161:Generated_Source\PSoC4/I2C_SCB_IRQ.c ****     #ifdef I2C_SCB_IRQ_INTERRUPT_INTERRUPT_CALLBACK
 162:Generated_Source\PSoC4/I2C_SCB_IRQ.c ****         I2C_SCB_IRQ_Interrupt_InterruptCallback();
 163:Generated_Source\PSoC4/I2C_SCB_IRQ.c ****     #endif /* I2C_SCB_IRQ_INTERRUPT_INTERRUPT_CALLBACK */ 
 164:Generated_Source\PSoC4/I2C_SCB_IRQ.c **** 
 165:Generated_Source\PSoC4/I2C_SCB_IRQ.c ****     /*  Place your Interrupt code here. */
 166:Generated_Source\PSoC4/I2C_SCB_IRQ.c ****     /* `#START I2C_SCB_IRQ_Interrupt` */
 167:Generated_Source\PSoC4/I2C_SCB_IRQ.c **** 
 168:Generated_Source\PSoC4/I2C_SCB_IRQ.c ****     /* `#END` */
 169:Generated_Source\PSoC4/I2C_SCB_IRQ.c **** }
 156              		.loc 1 169 0
 157 0004 C046     		nop
 158 0006 BD46     		mov	sp, r7
 159              		@ sp needed
 160 0008 80BD     		pop	{r7, pc}
 161              		.cfi_endproc
 162              	.LFE4:
 163              		.size	I2C_SCB_IRQ_Interrupt, .-I2C_SCB_IRQ_Interrupt
 164              		.section	.text.I2C_SCB_IRQ_SetVector,"ax",%progbits
 165              		.align	2
 166              		.global	I2C_SCB_IRQ_SetVector
 167              		.code	16
 168              		.thumb_func
 169              		.type	I2C_SCB_IRQ_SetVector, %function
 170              	I2C_SCB_IRQ_SetVector:
 171              	.LFB5:
 170:Generated_Source\PSoC4/I2C_SCB_IRQ.c **** 
 171:Generated_Source\PSoC4/I2C_SCB_IRQ.c **** 
ARM GAS  C:\Users\ADMINI~1\AppData\Local\Temp\ccZBbC6y.s 			page 7


 172:Generated_Source\PSoC4/I2C_SCB_IRQ.c **** /*******************************************************************************
 173:Generated_Source\PSoC4/I2C_SCB_IRQ.c **** * Function Name: I2C_SCB_IRQ_SetVector
 174:Generated_Source\PSoC4/I2C_SCB_IRQ.c **** ********************************************************************************
 175:Generated_Source\PSoC4/I2C_SCB_IRQ.c **** *
 176:Generated_Source\PSoC4/I2C_SCB_IRQ.c **** * Summary:
 177:Generated_Source\PSoC4/I2C_SCB_IRQ.c **** *   Change the ISR vector for the Interrupt. Note calling I2C_SCB_IRQ_Start
 178:Generated_Source\PSoC4/I2C_SCB_IRQ.c **** *   will override any effect this method would have had. To set the vector 
 179:Generated_Source\PSoC4/I2C_SCB_IRQ.c **** *   before the component has been started use I2C_SCB_IRQ_StartEx instead.
 180:Generated_Source\PSoC4/I2C_SCB_IRQ.c **** * 
 181:Generated_Source\PSoC4/I2C_SCB_IRQ.c **** *   When defining ISR functions, the CY_ISR and CY_ISR_PROTO macros should be 
 182:Generated_Source\PSoC4/I2C_SCB_IRQ.c **** *   used to provide consistent definition across compilers:
 183:Generated_Source\PSoC4/I2C_SCB_IRQ.c **** *
 184:Generated_Source\PSoC4/I2C_SCB_IRQ.c **** *   Function definition example:
 185:Generated_Source\PSoC4/I2C_SCB_IRQ.c **** *   CY_ISR(MyISR)
 186:Generated_Source\PSoC4/I2C_SCB_IRQ.c **** *   {
 187:Generated_Source\PSoC4/I2C_SCB_IRQ.c **** *   }
 188:Generated_Source\PSoC4/I2C_SCB_IRQ.c **** *
 189:Generated_Source\PSoC4/I2C_SCB_IRQ.c **** *   Function prototype example:
 190:Generated_Source\PSoC4/I2C_SCB_IRQ.c **** *     CY_ISR_PROTO(MyISR);
 191:Generated_Source\PSoC4/I2C_SCB_IRQ.c **** *
 192:Generated_Source\PSoC4/I2C_SCB_IRQ.c **** * Parameters:
 193:Generated_Source\PSoC4/I2C_SCB_IRQ.c **** *   address: Address of the ISR to set in the interrupt vector table.
 194:Generated_Source\PSoC4/I2C_SCB_IRQ.c **** *
 195:Generated_Source\PSoC4/I2C_SCB_IRQ.c **** * Return:
 196:Generated_Source\PSoC4/I2C_SCB_IRQ.c **** *   None
 197:Generated_Source\PSoC4/I2C_SCB_IRQ.c **** *
 198:Generated_Source\PSoC4/I2C_SCB_IRQ.c **** *******************************************************************************/
 199:Generated_Source\PSoC4/I2C_SCB_IRQ.c **** void I2C_SCB_IRQ_SetVector(cyisraddress address)
 200:Generated_Source\PSoC4/I2C_SCB_IRQ.c **** {
 172              		.loc 1 200 0
 173              		.cfi_startproc
 174              		@ args = 0, pretend = 0, frame = 8
 175              		@ frame_needed = 1, uses_anonymous_args = 0
 176 0000 80B5     		push	{r7, lr}
 177              		.cfi_def_cfa_offset 8
 178              		.cfi_offset 7, -8
 179              		.cfi_offset 14, -4
 180 0002 82B0     		sub	sp, sp, #8
 181              		.cfi_def_cfa_offset 16
 182 0004 00AF     		add	r7, sp, #0
 183              		.cfi_def_cfa_register 7
 184 0006 7860     		str	r0, [r7, #4]
 201:Generated_Source\PSoC4/I2C_SCB_IRQ.c ****     CyRamVectors[CYINT_IRQ_BASE + I2C_SCB_IRQ__INTC_NUMBER] = address;
 185              		.loc 1 201 0
 186 0008 034B     		ldr	r3, .L10
 187 000a 7A68     		ldr	r2, [r7, #4]
 188 000c 1A66     		str	r2, [r3, #96]
 202:Generated_Source\PSoC4/I2C_SCB_IRQ.c **** }
 189              		.loc 1 202 0
 190 000e C046     		nop
 191 0010 BD46     		mov	sp, r7
 192 0012 02B0     		add	sp, sp, #8
 193              		@ sp needed
 194 0014 80BD     		pop	{r7, pc}
 195              	.L11:
 196 0016 C046     		.align	2
 197              	.L10:
ARM GAS  C:\Users\ADMINI~1\AppData\Local\Temp\ccZBbC6y.s 			page 8


 198 0018 00000000 		.word	CyRamVectors
 199              		.cfi_endproc
 200              	.LFE5:
 201              		.size	I2C_SCB_IRQ_SetVector, .-I2C_SCB_IRQ_SetVector
 202              		.section	.text.I2C_SCB_IRQ_GetVector,"ax",%progbits
 203              		.align	2
 204              		.global	I2C_SCB_IRQ_GetVector
 205              		.code	16
 206              		.thumb_func
 207              		.type	I2C_SCB_IRQ_GetVector, %function
 208              	I2C_SCB_IRQ_GetVector:
 209              	.LFB6:
 203:Generated_Source\PSoC4/I2C_SCB_IRQ.c **** 
 204:Generated_Source\PSoC4/I2C_SCB_IRQ.c **** 
 205:Generated_Source\PSoC4/I2C_SCB_IRQ.c **** /*******************************************************************************
 206:Generated_Source\PSoC4/I2C_SCB_IRQ.c **** * Function Name: I2C_SCB_IRQ_GetVector
 207:Generated_Source\PSoC4/I2C_SCB_IRQ.c **** ********************************************************************************
 208:Generated_Source\PSoC4/I2C_SCB_IRQ.c **** *
 209:Generated_Source\PSoC4/I2C_SCB_IRQ.c **** * Summary:
 210:Generated_Source\PSoC4/I2C_SCB_IRQ.c **** *   Gets the "address" of the current ISR vector for the Interrupt.
 211:Generated_Source\PSoC4/I2C_SCB_IRQ.c **** *
 212:Generated_Source\PSoC4/I2C_SCB_IRQ.c **** * Parameters:
 213:Generated_Source\PSoC4/I2C_SCB_IRQ.c **** *   None
 214:Generated_Source\PSoC4/I2C_SCB_IRQ.c **** *
 215:Generated_Source\PSoC4/I2C_SCB_IRQ.c **** * Return:
 216:Generated_Source\PSoC4/I2C_SCB_IRQ.c **** *   Address of the ISR in the interrupt vector table.
 217:Generated_Source\PSoC4/I2C_SCB_IRQ.c **** *
 218:Generated_Source\PSoC4/I2C_SCB_IRQ.c **** *******************************************************************************/
 219:Generated_Source\PSoC4/I2C_SCB_IRQ.c **** cyisraddress I2C_SCB_IRQ_GetVector(void)
 220:Generated_Source\PSoC4/I2C_SCB_IRQ.c **** {
 210              		.loc 1 220 0
 211              		.cfi_startproc
 212              		@ args = 0, pretend = 0, frame = 0
 213              		@ frame_needed = 1, uses_anonymous_args = 0
 214 0000 80B5     		push	{r7, lr}
 215              		.cfi_def_cfa_offset 8
 216              		.cfi_offset 7, -8
 217              		.cfi_offset 14, -4
 218 0002 00AF     		add	r7, sp, #0
 219              		.cfi_def_cfa_register 7
 221:Generated_Source\PSoC4/I2C_SCB_IRQ.c ****     return CyRamVectors[CYINT_IRQ_BASE + I2C_SCB_IRQ__INTC_NUMBER];
 220              		.loc 1 221 0
 221 0004 024B     		ldr	r3, .L14
 222 0006 1B6E     		ldr	r3, [r3, #96]
 222:Generated_Source\PSoC4/I2C_SCB_IRQ.c **** }
 223              		.loc 1 222 0
 224 0008 1800     		movs	r0, r3
 225 000a BD46     		mov	sp, r7
 226              		@ sp needed
 227 000c 80BD     		pop	{r7, pc}
 228              	.L15:
 229 000e C046     		.align	2
 230              	.L14:
 231 0010 00000000 		.word	CyRamVectors
 232              		.cfi_endproc
 233              	.LFE6:
 234              		.size	I2C_SCB_IRQ_GetVector, .-I2C_SCB_IRQ_GetVector
ARM GAS  C:\Users\ADMINI~1\AppData\Local\Temp\ccZBbC6y.s 			page 9


 235              		.section	.text.I2C_SCB_IRQ_SetPriority,"ax",%progbits
 236              		.align	2
 237              		.global	I2C_SCB_IRQ_SetPriority
 238              		.code	16
 239              		.thumb_func
 240              		.type	I2C_SCB_IRQ_SetPriority, %function
 241              	I2C_SCB_IRQ_SetPriority:
 242              	.LFB7:
 223:Generated_Source\PSoC4/I2C_SCB_IRQ.c **** 
 224:Generated_Source\PSoC4/I2C_SCB_IRQ.c **** 
 225:Generated_Source\PSoC4/I2C_SCB_IRQ.c **** /*******************************************************************************
 226:Generated_Source\PSoC4/I2C_SCB_IRQ.c **** * Function Name: I2C_SCB_IRQ_SetPriority
 227:Generated_Source\PSoC4/I2C_SCB_IRQ.c **** ********************************************************************************
 228:Generated_Source\PSoC4/I2C_SCB_IRQ.c **** *
 229:Generated_Source\PSoC4/I2C_SCB_IRQ.c **** * Summary:
 230:Generated_Source\PSoC4/I2C_SCB_IRQ.c **** *   Sets the Priority of the Interrupt. 
 231:Generated_Source\PSoC4/I2C_SCB_IRQ.c **** *
 232:Generated_Source\PSoC4/I2C_SCB_IRQ.c **** *   Note calling I2C_SCB_IRQ_Start or I2C_SCB_IRQ_StartEx will 
 233:Generated_Source\PSoC4/I2C_SCB_IRQ.c **** *   override any effect this API would have had. This API should only be called
 234:Generated_Source\PSoC4/I2C_SCB_IRQ.c **** *   after I2C_SCB_IRQ_Start or I2C_SCB_IRQ_StartEx has been called. 
 235:Generated_Source\PSoC4/I2C_SCB_IRQ.c **** *   To set the initial priority for the component, use the Design-Wide Resources
 236:Generated_Source\PSoC4/I2C_SCB_IRQ.c **** *   Interrupt Editor.
 237:Generated_Source\PSoC4/I2C_SCB_IRQ.c **** *
 238:Generated_Source\PSoC4/I2C_SCB_IRQ.c **** *   Note This API has no effect on Non-maskable interrupt NMI).
 239:Generated_Source\PSoC4/I2C_SCB_IRQ.c **** *
 240:Generated_Source\PSoC4/I2C_SCB_IRQ.c **** * Parameters:
 241:Generated_Source\PSoC4/I2C_SCB_IRQ.c **** *   priority: Priority of the interrupt, 0 being the highest priority
 242:Generated_Source\PSoC4/I2C_SCB_IRQ.c **** *             PSoC 3 and PSoC 5LP: Priority is from 0 to 7.
 243:Generated_Source\PSoC4/I2C_SCB_IRQ.c **** *             PSoC 4: Priority is from 0 to 3.
 244:Generated_Source\PSoC4/I2C_SCB_IRQ.c **** *
 245:Generated_Source\PSoC4/I2C_SCB_IRQ.c **** * Return:
 246:Generated_Source\PSoC4/I2C_SCB_IRQ.c **** *   None
 247:Generated_Source\PSoC4/I2C_SCB_IRQ.c **** *
 248:Generated_Source\PSoC4/I2C_SCB_IRQ.c **** *******************************************************************************/
 249:Generated_Source\PSoC4/I2C_SCB_IRQ.c **** void I2C_SCB_IRQ_SetPriority(uint8 priority)
 250:Generated_Source\PSoC4/I2C_SCB_IRQ.c **** {
 243              		.loc 1 250 0
 244              		.cfi_startproc
 245              		@ args = 0, pretend = 0, frame = 16
 246              		@ frame_needed = 1, uses_anonymous_args = 0
 247 0000 90B5     		push	{r4, r7, lr}
 248              		.cfi_def_cfa_offset 12
 249              		.cfi_offset 4, -12
 250              		.cfi_offset 7, -8
 251              		.cfi_offset 14, -4
 252 0002 85B0     		sub	sp, sp, #20
 253              		.cfi_def_cfa_offset 32
 254 0004 00AF     		add	r7, sp, #0
 255              		.cfi_def_cfa_register 7
 256 0006 0200     		movs	r2, r0
 257 0008 FB1D     		adds	r3, r7, #7
 258 000a 1A70     		strb	r2, [r3]
 251:Generated_Source\PSoC4/I2C_SCB_IRQ.c **** 	uint8 interruptState;
 252:Generated_Source\PSoC4/I2C_SCB_IRQ.c ****     uint32 priorityOffset = ((I2C_SCB_IRQ__INTC_NUMBER % 4u) * 8u) + 6u;
 259              		.loc 1 252 0
 260 000c 0623     		movs	r3, #6
 261 000e FB60     		str	r3, [r7, #12]
ARM GAS  C:\Users\ADMINI~1\AppData\Local\Temp\ccZBbC6y.s 			page 10


 253:Generated_Source\PSoC4/I2C_SCB_IRQ.c ****     
 254:Generated_Source\PSoC4/I2C_SCB_IRQ.c **** 	interruptState = CyEnterCriticalSection();
 262              		.loc 1 254 0
 263 0010 0B23     		movs	r3, #11
 264 0012 FC18     		adds	r4, r7, r3
 265 0014 FFF7FEFF 		bl	CyEnterCriticalSection
 266 0018 0300     		movs	r3, r0
 267 001a 2370     		strb	r3, [r4]
 255:Generated_Source\PSoC4/I2C_SCB_IRQ.c ****     *I2C_SCB_IRQ_INTC_PRIOR = (*I2C_SCB_IRQ_INTC_PRIOR & (uint32)(~I2C_SCB_IRQ__INTC_PRIOR_MASK)) |
 268              		.loc 1 255 0
 269 001c 0B4B     		ldr	r3, .L17
 270 001e 0B4A     		ldr	r2, .L17
 271 0020 1268     		ldr	r2, [r2]
 272 0022 C021     		movs	r1, #192
 273 0024 8A43     		bics	r2, r1
 274 0026 1100     		movs	r1, r2
 256:Generated_Source\PSoC4/I2C_SCB_IRQ.c ****                                     ((uint32)priority << priorityOffset);
 275              		.loc 1 256 0
 276 0028 FA1D     		adds	r2, r7, #7
 277 002a 1078     		ldrb	r0, [r2]
 278 002c FA68     		ldr	r2, [r7, #12]
 279 002e 9040     		lsls	r0, r0, r2
 280 0030 0200     		movs	r2, r0
 255:Generated_Source\PSoC4/I2C_SCB_IRQ.c ****     *I2C_SCB_IRQ_INTC_PRIOR = (*I2C_SCB_IRQ_INTC_PRIOR & (uint32)(~I2C_SCB_IRQ__INTC_PRIOR_MASK)) |
 281              		.loc 1 255 0
 282 0032 0A43     		orrs	r2, r1
 283 0034 1A60     		str	r2, [r3]
 257:Generated_Source\PSoC4/I2C_SCB_IRQ.c **** 	CyExitCriticalSection(interruptState);
 284              		.loc 1 257 0
 285 0036 0B23     		movs	r3, #11
 286 0038 FB18     		adds	r3, r7, r3
 287 003a 1B78     		ldrb	r3, [r3]
 288 003c 1800     		movs	r0, r3
 289 003e FFF7FEFF 		bl	CyExitCriticalSection
 258:Generated_Source\PSoC4/I2C_SCB_IRQ.c **** }
 290              		.loc 1 258 0
 291 0042 C046     		nop
 292 0044 BD46     		mov	sp, r7
 293 0046 05B0     		add	sp, sp, #20
 294              		@ sp needed
 295 0048 90BD     		pop	{r4, r7, pc}
 296              	.L18:
 297 004a C046     		.align	2
 298              	.L17:
 299 004c 08E400E0 		.word	-536812536
 300              		.cfi_endproc
 301              	.LFE7:
 302              		.size	I2C_SCB_IRQ_SetPriority, .-I2C_SCB_IRQ_SetPriority
 303              		.section	.text.I2C_SCB_IRQ_GetPriority,"ax",%progbits
 304              		.align	2
 305              		.global	I2C_SCB_IRQ_GetPriority
 306              		.code	16
 307              		.thumb_func
 308              		.type	I2C_SCB_IRQ_GetPriority, %function
 309              	I2C_SCB_IRQ_GetPriority:
 310              	.LFB8:
 259:Generated_Source\PSoC4/I2C_SCB_IRQ.c **** 
ARM GAS  C:\Users\ADMINI~1\AppData\Local\Temp\ccZBbC6y.s 			page 11


 260:Generated_Source\PSoC4/I2C_SCB_IRQ.c **** 
 261:Generated_Source\PSoC4/I2C_SCB_IRQ.c **** /*******************************************************************************
 262:Generated_Source\PSoC4/I2C_SCB_IRQ.c **** * Function Name: I2C_SCB_IRQ_GetPriority
 263:Generated_Source\PSoC4/I2C_SCB_IRQ.c **** ********************************************************************************
 264:Generated_Source\PSoC4/I2C_SCB_IRQ.c **** *
 265:Generated_Source\PSoC4/I2C_SCB_IRQ.c **** * Summary:
 266:Generated_Source\PSoC4/I2C_SCB_IRQ.c **** *   Gets the Priority of the Interrupt.
 267:Generated_Source\PSoC4/I2C_SCB_IRQ.c **** *
 268:Generated_Source\PSoC4/I2C_SCB_IRQ.c **** * Parameters:
 269:Generated_Source\PSoC4/I2C_SCB_IRQ.c **** *   None
 270:Generated_Source\PSoC4/I2C_SCB_IRQ.c **** *
 271:Generated_Source\PSoC4/I2C_SCB_IRQ.c **** * Return:
 272:Generated_Source\PSoC4/I2C_SCB_IRQ.c **** *   Priority of the interrupt, 0 being the highest priority
 273:Generated_Source\PSoC4/I2C_SCB_IRQ.c **** *    PSoC 3 and PSoC 5LP: Priority is from 0 to 7.
 274:Generated_Source\PSoC4/I2C_SCB_IRQ.c **** *    PSoC 4: Priority is from 0 to 3.
 275:Generated_Source\PSoC4/I2C_SCB_IRQ.c **** *
 276:Generated_Source\PSoC4/I2C_SCB_IRQ.c **** *******************************************************************************/
 277:Generated_Source\PSoC4/I2C_SCB_IRQ.c **** uint8 I2C_SCB_IRQ_GetPriority(void)
 278:Generated_Source\PSoC4/I2C_SCB_IRQ.c **** {
 311              		.loc 1 278 0
 312              		.cfi_startproc
 313              		@ args = 0, pretend = 0, frame = 8
 314              		@ frame_needed = 1, uses_anonymous_args = 0
 315 0000 80B5     		push	{r7, lr}
 316              		.cfi_def_cfa_offset 8
 317              		.cfi_offset 7, -8
 318              		.cfi_offset 14, -4
 319 0002 82B0     		sub	sp, sp, #8
 320              		.cfi_def_cfa_offset 16
 321 0004 00AF     		add	r7, sp, #0
 322              		.cfi_def_cfa_register 7
 279:Generated_Source\PSoC4/I2C_SCB_IRQ.c ****     uint32 priority;
 280:Generated_Source\PSoC4/I2C_SCB_IRQ.c **** 	uint32 priorityOffset = ((I2C_SCB_IRQ__INTC_NUMBER % 4u) * 8u) + 6u;
 323              		.loc 1 280 0
 324 0006 0623     		movs	r3, #6
 325 0008 7B60     		str	r3, [r7, #4]
 281:Generated_Source\PSoC4/I2C_SCB_IRQ.c **** 
 282:Generated_Source\PSoC4/I2C_SCB_IRQ.c ****     priority = (*I2C_SCB_IRQ_INTC_PRIOR & I2C_SCB_IRQ__INTC_PRIOR_MASK) >> priorityOffset;
 326              		.loc 1 282 0
 327 000a 074B     		ldr	r3, .L21
 328 000c 1B68     		ldr	r3, [r3]
 329 000e C022     		movs	r2, #192
 330 0010 1A40     		ands	r2, r3
 331 0012 7B68     		ldr	r3, [r7, #4]
 332 0014 DA40     		lsrs	r2, r2, r3
 333 0016 1300     		movs	r3, r2
 334 0018 3B60     		str	r3, [r7]
 283:Generated_Source\PSoC4/I2C_SCB_IRQ.c **** 
 284:Generated_Source\PSoC4/I2C_SCB_IRQ.c ****     return (uint8)priority;
 335              		.loc 1 284 0
 336 001a 3B68     		ldr	r3, [r7]
 337 001c DBB2     		uxtb	r3, r3
 285:Generated_Source\PSoC4/I2C_SCB_IRQ.c **** }
 338              		.loc 1 285 0
 339 001e 1800     		movs	r0, r3
 340 0020 BD46     		mov	sp, r7
 341 0022 02B0     		add	sp, sp, #8
ARM GAS  C:\Users\ADMINI~1\AppData\Local\Temp\ccZBbC6y.s 			page 12


 342              		@ sp needed
 343 0024 80BD     		pop	{r7, pc}
 344              	.L22:
 345 0026 C046     		.align	2
 346              	.L21:
 347 0028 08E400E0 		.word	-536812536
 348              		.cfi_endproc
 349              	.LFE8:
 350              		.size	I2C_SCB_IRQ_GetPriority, .-I2C_SCB_IRQ_GetPriority
 351              		.section	.text.I2C_SCB_IRQ_Enable,"ax",%progbits
 352              		.align	2
 353              		.global	I2C_SCB_IRQ_Enable
 354              		.code	16
 355              		.thumb_func
 356              		.type	I2C_SCB_IRQ_Enable, %function
 357              	I2C_SCB_IRQ_Enable:
 358              	.LFB9:
 286:Generated_Source\PSoC4/I2C_SCB_IRQ.c **** 
 287:Generated_Source\PSoC4/I2C_SCB_IRQ.c **** 
 288:Generated_Source\PSoC4/I2C_SCB_IRQ.c **** /*******************************************************************************
 289:Generated_Source\PSoC4/I2C_SCB_IRQ.c **** * Function Name: I2C_SCB_IRQ_Enable
 290:Generated_Source\PSoC4/I2C_SCB_IRQ.c **** ********************************************************************************
 291:Generated_Source\PSoC4/I2C_SCB_IRQ.c **** *
 292:Generated_Source\PSoC4/I2C_SCB_IRQ.c **** * Summary:
 293:Generated_Source\PSoC4/I2C_SCB_IRQ.c **** *   Enables the interrupt to the interrupt controller. Do not call this function
 294:Generated_Source\PSoC4/I2C_SCB_IRQ.c **** *   unless ISR_Start() has been called or the functionality of the ISR_Start() 
 295:Generated_Source\PSoC4/I2C_SCB_IRQ.c **** *   function, which sets the vector and the priority, has been called.
 296:Generated_Source\PSoC4/I2C_SCB_IRQ.c **** *
 297:Generated_Source\PSoC4/I2C_SCB_IRQ.c **** * Parameters:
 298:Generated_Source\PSoC4/I2C_SCB_IRQ.c **** *   None
 299:Generated_Source\PSoC4/I2C_SCB_IRQ.c **** *
 300:Generated_Source\PSoC4/I2C_SCB_IRQ.c **** * Return:
 301:Generated_Source\PSoC4/I2C_SCB_IRQ.c **** *   None
 302:Generated_Source\PSoC4/I2C_SCB_IRQ.c **** *
 303:Generated_Source\PSoC4/I2C_SCB_IRQ.c **** *******************************************************************************/
 304:Generated_Source\PSoC4/I2C_SCB_IRQ.c **** void I2C_SCB_IRQ_Enable(void)
 305:Generated_Source\PSoC4/I2C_SCB_IRQ.c **** {
 359              		.loc 1 305 0
 360              		.cfi_startproc
 361              		@ args = 0, pretend = 0, frame = 0
 362              		@ frame_needed = 1, uses_anonymous_args = 0
 363 0000 80B5     		push	{r7, lr}
 364              		.cfi_def_cfa_offset 8
 365              		.cfi_offset 7, -8
 366              		.cfi_offset 14, -4
 367 0002 00AF     		add	r7, sp, #0
 368              		.cfi_def_cfa_register 7
 306:Generated_Source\PSoC4/I2C_SCB_IRQ.c ****     /* Enable the general interrupt. */
 307:Generated_Source\PSoC4/I2C_SCB_IRQ.c ****     *I2C_SCB_IRQ_INTC_SET_EN = I2C_SCB_IRQ__INTC_MASK;
 369              		.loc 1 307 0
 370 0004 034B     		ldr	r3, .L24
 371 0006 8022     		movs	r2, #128
 372 0008 5200     		lsls	r2, r2, #1
 373 000a 1A60     		str	r2, [r3]
 308:Generated_Source\PSoC4/I2C_SCB_IRQ.c **** }
 374              		.loc 1 308 0
 375 000c C046     		nop
ARM GAS  C:\Users\ADMINI~1\AppData\Local\Temp\ccZBbC6y.s 			page 13


 376 000e BD46     		mov	sp, r7
 377              		@ sp needed
 378 0010 80BD     		pop	{r7, pc}
 379              	.L25:
 380 0012 C046     		.align	2
 381              	.L24:
 382 0014 00E100E0 		.word	-536813312
 383              		.cfi_endproc
 384              	.LFE9:
 385              		.size	I2C_SCB_IRQ_Enable, .-I2C_SCB_IRQ_Enable
 386              		.section	.text.I2C_SCB_IRQ_GetState,"ax",%progbits
 387              		.align	2
 388              		.global	I2C_SCB_IRQ_GetState
 389              		.code	16
 390              		.thumb_func
 391              		.type	I2C_SCB_IRQ_GetState, %function
 392              	I2C_SCB_IRQ_GetState:
 393              	.LFB10:
 309:Generated_Source\PSoC4/I2C_SCB_IRQ.c **** 
 310:Generated_Source\PSoC4/I2C_SCB_IRQ.c **** 
 311:Generated_Source\PSoC4/I2C_SCB_IRQ.c **** /*******************************************************************************
 312:Generated_Source\PSoC4/I2C_SCB_IRQ.c **** * Function Name: I2C_SCB_IRQ_GetState
 313:Generated_Source\PSoC4/I2C_SCB_IRQ.c **** ********************************************************************************
 314:Generated_Source\PSoC4/I2C_SCB_IRQ.c **** *
 315:Generated_Source\PSoC4/I2C_SCB_IRQ.c **** * Summary:
 316:Generated_Source\PSoC4/I2C_SCB_IRQ.c **** *   Gets the state (enabled, disabled) of the Interrupt.
 317:Generated_Source\PSoC4/I2C_SCB_IRQ.c **** *
 318:Generated_Source\PSoC4/I2C_SCB_IRQ.c **** * Parameters:
 319:Generated_Source\PSoC4/I2C_SCB_IRQ.c **** *   None
 320:Generated_Source\PSoC4/I2C_SCB_IRQ.c **** *
 321:Generated_Source\PSoC4/I2C_SCB_IRQ.c **** * Return:
 322:Generated_Source\PSoC4/I2C_SCB_IRQ.c **** *   1 if enabled, 0 if disabled.
 323:Generated_Source\PSoC4/I2C_SCB_IRQ.c **** *
 324:Generated_Source\PSoC4/I2C_SCB_IRQ.c **** *******************************************************************************/
 325:Generated_Source\PSoC4/I2C_SCB_IRQ.c **** uint8 I2C_SCB_IRQ_GetState(void)
 326:Generated_Source\PSoC4/I2C_SCB_IRQ.c **** {
 394              		.loc 1 326 0
 395              		.cfi_startproc
 396              		@ args = 0, pretend = 0, frame = 0
 397              		@ frame_needed = 1, uses_anonymous_args = 0
 398 0000 80B5     		push	{r7, lr}
 399              		.cfi_def_cfa_offset 8
 400              		.cfi_offset 7, -8
 401              		.cfi_offset 14, -4
 402 0002 00AF     		add	r7, sp, #0
 403              		.cfi_def_cfa_register 7
 327:Generated_Source\PSoC4/I2C_SCB_IRQ.c ****     /* Get the state of the general interrupt. */
 328:Generated_Source\PSoC4/I2C_SCB_IRQ.c ****     return ((*I2C_SCB_IRQ_INTC_SET_EN & (uint32)I2C_SCB_IRQ__INTC_MASK) != 0u) ? 1u:0u;
 404              		.loc 1 328 0
 405 0004 054B     		ldr	r3, .L30
 406 0006 1A68     		ldr	r2, [r3]
 407 0008 8023     		movs	r3, #128
 408 000a 5B00     		lsls	r3, r3, #1
 409 000c 1340     		ands	r3, r2
 410 000e 01D0     		beq	.L27
 411              		.loc 1 328 0 is_stmt 0 discriminator 1
 412 0010 0123     		movs	r3, #1
ARM GAS  C:\Users\ADMINI~1\AppData\Local\Temp\ccZBbC6y.s 			page 14


 413 0012 00E0     		b	.L28
 414              	.L27:
 415              		.loc 1 328 0 discriminator 2
 416 0014 0023     		movs	r3, #0
 417              	.L28:
 329:Generated_Source\PSoC4/I2C_SCB_IRQ.c **** }
 418              		.loc 1 329 0 is_stmt 1 discriminator 4
 419 0016 1800     		movs	r0, r3
 420 0018 BD46     		mov	sp, r7
 421              		@ sp needed
 422 001a 80BD     		pop	{r7, pc}
 423              	.L31:
 424              		.align	2
 425              	.L30:
 426 001c 00E100E0 		.word	-536813312
 427              		.cfi_endproc
 428              	.LFE10:
 429              		.size	I2C_SCB_IRQ_GetState, .-I2C_SCB_IRQ_GetState
 430              		.section	.text.I2C_SCB_IRQ_Disable,"ax",%progbits
 431              		.align	2
 432              		.global	I2C_SCB_IRQ_Disable
 433              		.code	16
 434              		.thumb_func
 435              		.type	I2C_SCB_IRQ_Disable, %function
 436              	I2C_SCB_IRQ_Disable:
 437              	.LFB11:
 330:Generated_Source\PSoC4/I2C_SCB_IRQ.c **** 
 331:Generated_Source\PSoC4/I2C_SCB_IRQ.c **** 
 332:Generated_Source\PSoC4/I2C_SCB_IRQ.c **** /*******************************************************************************
 333:Generated_Source\PSoC4/I2C_SCB_IRQ.c **** * Function Name: I2C_SCB_IRQ_Disable
 334:Generated_Source\PSoC4/I2C_SCB_IRQ.c **** ********************************************************************************
 335:Generated_Source\PSoC4/I2C_SCB_IRQ.c **** *
 336:Generated_Source\PSoC4/I2C_SCB_IRQ.c **** * Summary:
 337:Generated_Source\PSoC4/I2C_SCB_IRQ.c **** *   Disables the Interrupt in the interrupt controller.
 338:Generated_Source\PSoC4/I2C_SCB_IRQ.c **** *
 339:Generated_Source\PSoC4/I2C_SCB_IRQ.c **** * Parameters:
 340:Generated_Source\PSoC4/I2C_SCB_IRQ.c **** *   None
 341:Generated_Source\PSoC4/I2C_SCB_IRQ.c **** *
 342:Generated_Source\PSoC4/I2C_SCB_IRQ.c **** * Return:
 343:Generated_Source\PSoC4/I2C_SCB_IRQ.c **** *   None
 344:Generated_Source\PSoC4/I2C_SCB_IRQ.c **** *
 345:Generated_Source\PSoC4/I2C_SCB_IRQ.c **** *******************************************************************************/
 346:Generated_Source\PSoC4/I2C_SCB_IRQ.c **** void I2C_SCB_IRQ_Disable(void)
 347:Generated_Source\PSoC4/I2C_SCB_IRQ.c **** {
 438              		.loc 1 347 0
 439              		.cfi_startproc
 440              		@ args = 0, pretend = 0, frame = 0
 441              		@ frame_needed = 1, uses_anonymous_args = 0
 442 0000 80B5     		push	{r7, lr}
 443              		.cfi_def_cfa_offset 8
 444              		.cfi_offset 7, -8
 445              		.cfi_offset 14, -4
 446 0002 00AF     		add	r7, sp, #0
 447              		.cfi_def_cfa_register 7
 348:Generated_Source\PSoC4/I2C_SCB_IRQ.c ****     /* Disable the general interrupt. */
 349:Generated_Source\PSoC4/I2C_SCB_IRQ.c ****     *I2C_SCB_IRQ_INTC_CLR_EN = I2C_SCB_IRQ__INTC_MASK;
 448              		.loc 1 349 0
ARM GAS  C:\Users\ADMINI~1\AppData\Local\Temp\ccZBbC6y.s 			page 15


 449 0004 034B     		ldr	r3, .L33
 450 0006 8022     		movs	r2, #128
 451 0008 5200     		lsls	r2, r2, #1
 452 000a 1A60     		str	r2, [r3]
 350:Generated_Source\PSoC4/I2C_SCB_IRQ.c **** }
 453              		.loc 1 350 0
 454 000c C046     		nop
 455 000e BD46     		mov	sp, r7
 456              		@ sp needed
 457 0010 80BD     		pop	{r7, pc}
 458              	.L34:
 459 0012 C046     		.align	2
 460              	.L33:
 461 0014 80E100E0 		.word	-536813184
 462              		.cfi_endproc
 463              	.LFE11:
 464              		.size	I2C_SCB_IRQ_Disable, .-I2C_SCB_IRQ_Disable
 465              		.section	.text.I2C_SCB_IRQ_SetPending,"ax",%progbits
 466              		.align	2
 467              		.global	I2C_SCB_IRQ_SetPending
 468              		.code	16
 469              		.thumb_func
 470              		.type	I2C_SCB_IRQ_SetPending, %function
 471              	I2C_SCB_IRQ_SetPending:
 472              	.LFB12:
 351:Generated_Source\PSoC4/I2C_SCB_IRQ.c **** 
 352:Generated_Source\PSoC4/I2C_SCB_IRQ.c **** 
 353:Generated_Source\PSoC4/I2C_SCB_IRQ.c **** /*******************************************************************************
 354:Generated_Source\PSoC4/I2C_SCB_IRQ.c **** * Function Name: I2C_SCB_IRQ_SetPending
 355:Generated_Source\PSoC4/I2C_SCB_IRQ.c **** ********************************************************************************
 356:Generated_Source\PSoC4/I2C_SCB_IRQ.c **** *
 357:Generated_Source\PSoC4/I2C_SCB_IRQ.c **** * Summary:
 358:Generated_Source\PSoC4/I2C_SCB_IRQ.c **** *   Causes the Interrupt to enter the pending state, a software method of
 359:Generated_Source\PSoC4/I2C_SCB_IRQ.c **** *   generating the interrupt.
 360:Generated_Source\PSoC4/I2C_SCB_IRQ.c **** *
 361:Generated_Source\PSoC4/I2C_SCB_IRQ.c **** * Parameters:
 362:Generated_Source\PSoC4/I2C_SCB_IRQ.c **** *   None
 363:Generated_Source\PSoC4/I2C_SCB_IRQ.c **** *
 364:Generated_Source\PSoC4/I2C_SCB_IRQ.c **** * Return:
 365:Generated_Source\PSoC4/I2C_SCB_IRQ.c **** *   None
 366:Generated_Source\PSoC4/I2C_SCB_IRQ.c **** *
 367:Generated_Source\PSoC4/I2C_SCB_IRQ.c **** * Side Effects:
 368:Generated_Source\PSoC4/I2C_SCB_IRQ.c **** *   If interrupts are enabled and the interrupt is set up properly, the ISR is
 369:Generated_Source\PSoC4/I2C_SCB_IRQ.c **** *   entered (depending on the priority of this interrupt and other pending 
 370:Generated_Source\PSoC4/I2C_SCB_IRQ.c **** *   interrupts).
 371:Generated_Source\PSoC4/I2C_SCB_IRQ.c **** *
 372:Generated_Source\PSoC4/I2C_SCB_IRQ.c **** *******************************************************************************/
 373:Generated_Source\PSoC4/I2C_SCB_IRQ.c **** void I2C_SCB_IRQ_SetPending(void)
 374:Generated_Source\PSoC4/I2C_SCB_IRQ.c **** {
 473              		.loc 1 374 0
 474              		.cfi_startproc
 475              		@ args = 0, pretend = 0, frame = 0
 476              		@ frame_needed = 1, uses_anonymous_args = 0
 477 0000 80B5     		push	{r7, lr}
 478              		.cfi_def_cfa_offset 8
 479              		.cfi_offset 7, -8
 480              		.cfi_offset 14, -4
ARM GAS  C:\Users\ADMINI~1\AppData\Local\Temp\ccZBbC6y.s 			page 16


 481 0002 00AF     		add	r7, sp, #0
 482              		.cfi_def_cfa_register 7
 375:Generated_Source\PSoC4/I2C_SCB_IRQ.c ****     *I2C_SCB_IRQ_INTC_SET_PD = I2C_SCB_IRQ__INTC_MASK;
 483              		.loc 1 375 0
 484 0004 034B     		ldr	r3, .L36
 485 0006 8022     		movs	r2, #128
 486 0008 5200     		lsls	r2, r2, #1
 487 000a 1A60     		str	r2, [r3]
 376:Generated_Source\PSoC4/I2C_SCB_IRQ.c **** }
 488              		.loc 1 376 0
 489 000c C046     		nop
 490 000e BD46     		mov	sp, r7
 491              		@ sp needed
 492 0010 80BD     		pop	{r7, pc}
 493              	.L37:
 494 0012 C046     		.align	2
 495              	.L36:
 496 0014 00E200E0 		.word	-536813056
 497              		.cfi_endproc
 498              	.LFE12:
 499              		.size	I2C_SCB_IRQ_SetPending, .-I2C_SCB_IRQ_SetPending
 500              		.section	.text.I2C_SCB_IRQ_ClearPending,"ax",%progbits
 501              		.align	2
 502              		.global	I2C_SCB_IRQ_ClearPending
 503              		.code	16
 504              		.thumb_func
 505              		.type	I2C_SCB_IRQ_ClearPending, %function
 506              	I2C_SCB_IRQ_ClearPending:
 507              	.LFB13:
 377:Generated_Source\PSoC4/I2C_SCB_IRQ.c **** 
 378:Generated_Source\PSoC4/I2C_SCB_IRQ.c **** 
 379:Generated_Source\PSoC4/I2C_SCB_IRQ.c **** /*******************************************************************************
 380:Generated_Source\PSoC4/I2C_SCB_IRQ.c **** * Function Name: I2C_SCB_IRQ_ClearPending
 381:Generated_Source\PSoC4/I2C_SCB_IRQ.c **** ********************************************************************************
 382:Generated_Source\PSoC4/I2C_SCB_IRQ.c **** *
 383:Generated_Source\PSoC4/I2C_SCB_IRQ.c **** * Summary:
 384:Generated_Source\PSoC4/I2C_SCB_IRQ.c **** *   Clears a pending interrupt in the interrupt controller.
 385:Generated_Source\PSoC4/I2C_SCB_IRQ.c **** *
 386:Generated_Source\PSoC4/I2C_SCB_IRQ.c **** *   Note Some interrupt sources are clear-on-read and require the block 
 387:Generated_Source\PSoC4/I2C_SCB_IRQ.c **** *   interrupt/status register to be read/cleared with the appropriate block API 
 388:Generated_Source\PSoC4/I2C_SCB_IRQ.c **** *   (GPIO, UART, and so on). Otherwise the ISR will continue to remain in 
 389:Generated_Source\PSoC4/I2C_SCB_IRQ.c **** *   pending state even though the interrupt itself is cleared using this API.
 390:Generated_Source\PSoC4/I2C_SCB_IRQ.c **** *
 391:Generated_Source\PSoC4/I2C_SCB_IRQ.c **** * Parameters:
 392:Generated_Source\PSoC4/I2C_SCB_IRQ.c **** *   None
 393:Generated_Source\PSoC4/I2C_SCB_IRQ.c **** *
 394:Generated_Source\PSoC4/I2C_SCB_IRQ.c **** * Return:
 395:Generated_Source\PSoC4/I2C_SCB_IRQ.c **** *   None
 396:Generated_Source\PSoC4/I2C_SCB_IRQ.c **** *
 397:Generated_Source\PSoC4/I2C_SCB_IRQ.c **** *******************************************************************************/
 398:Generated_Source\PSoC4/I2C_SCB_IRQ.c **** void I2C_SCB_IRQ_ClearPending(void)
 399:Generated_Source\PSoC4/I2C_SCB_IRQ.c **** {
 508              		.loc 1 399 0
 509              		.cfi_startproc
 510              		@ args = 0, pretend = 0, frame = 0
 511              		@ frame_needed = 1, uses_anonymous_args = 0
 512 0000 80B5     		push	{r7, lr}
ARM GAS  C:\Users\ADMINI~1\AppData\Local\Temp\ccZBbC6y.s 			page 17


 513              		.cfi_def_cfa_offset 8
 514              		.cfi_offset 7, -8
 515              		.cfi_offset 14, -4
 516 0002 00AF     		add	r7, sp, #0
 517              		.cfi_def_cfa_register 7
 400:Generated_Source\PSoC4/I2C_SCB_IRQ.c ****     *I2C_SCB_IRQ_INTC_CLR_PD = I2C_SCB_IRQ__INTC_MASK;
 518              		.loc 1 400 0
 519 0004 034B     		ldr	r3, .L39
 520 0006 8022     		movs	r2, #128
 521 0008 5200     		lsls	r2, r2, #1
 522 000a 1A60     		str	r2, [r3]
 401:Generated_Source\PSoC4/I2C_SCB_IRQ.c **** }
 523              		.loc 1 401 0
 524 000c C046     		nop
 525 000e BD46     		mov	sp, r7
 526              		@ sp needed
 527 0010 80BD     		pop	{r7, pc}
 528              	.L40:
 529 0012 C046     		.align	2
 530              	.L39:
 531 0014 80E200E0 		.word	-536812928
 532              		.cfi_endproc
 533              	.LFE13:
 534              		.size	I2C_SCB_IRQ_ClearPending, .-I2C_SCB_IRQ_ClearPending
 535              		.text
 536              	.Letext0:
 537              		.file 2 "Generated_Source\\PSoC4/cytypes.h"
 538              		.section	.debug_info,"",%progbits
 539              	.Ldebug_info0:
 540 0000 47020000 		.4byte	0x247
 541 0004 0400     		.2byte	0x4
 542 0006 00000000 		.4byte	.Ldebug_abbrev0
 543 000a 04       		.byte	0x4
 544 000b 01       		.uleb128 0x1
 545 000c 08010000 		.4byte	.LASF34
 546 0010 0C       		.byte	0xc
 547 0011 96000000 		.4byte	.LASF35
 548 0015 29000000 		.4byte	.LASF36
 549 0019 00000000 		.4byte	.Ldebug_ranges0+0
 550 001d 00000000 		.4byte	0
 551 0021 00000000 		.4byte	.Ldebug_line0
 552 0025 02       		.uleb128 0x2
 553 0026 01       		.byte	0x1
 554 0027 06       		.byte	0x6
 555 0028 0C030000 		.4byte	.LASF0
 556 002c 02       		.uleb128 0x2
 557 002d 01       		.byte	0x1
 558 002e 08       		.byte	0x8
 559 002f C1000000 		.4byte	.LASF1
 560 0033 02       		.uleb128 0x2
 561 0034 02       		.byte	0x2
 562 0035 05       		.byte	0x5
 563 0036 D8020000 		.4byte	.LASF2
 564 003a 02       		.uleb128 0x2
 565 003b 02       		.byte	0x2
 566 003c 07       		.byte	0x7
 567 003d 83000000 		.4byte	.LASF3
ARM GAS  C:\Users\ADMINI~1\AppData\Local\Temp\ccZBbC6y.s 			page 18


 568 0041 02       		.uleb128 0x2
 569 0042 04       		.byte	0x4
 570 0043 05       		.byte	0x5
 571 0044 F7020000 		.4byte	.LASF4
 572 0048 02       		.uleb128 0x2
 573 0049 04       		.byte	0x4
 574 004a 07       		.byte	0x7
 575 004b DE000000 		.4byte	.LASF5
 576 004f 02       		.uleb128 0x2
 577 0050 08       		.byte	0x8
 578 0051 05       		.byte	0x5
 579 0052 9C020000 		.4byte	.LASF6
 580 0056 02       		.uleb128 0x2
 581 0057 08       		.byte	0x8
 582 0058 07       		.byte	0x7
 583 0059 43020000 		.4byte	.LASF7
 584 005d 03       		.uleb128 0x3
 585 005e 04       		.byte	0x4
 586 005f 05       		.byte	0x5
 587 0060 696E7400 		.ascii	"int\000"
 588 0064 02       		.uleb128 0x2
 589 0065 04       		.byte	0x4
 590 0066 07       		.byte	0x7
 591 0067 17020000 		.4byte	.LASF8
 592 006b 04       		.uleb128 0x4
 593 006c E2020000 		.4byte	.LASF9
 594 0070 02       		.byte	0x2
 595 0071 C2       		.byte	0xc2
 596 0072 2C000000 		.4byte	0x2c
 597 0076 04       		.uleb128 0x4
 598 0077 10020000 		.4byte	.LASF10
 599 007b 02       		.byte	0x2
 600 007c C4       		.byte	0xc4
 601 007d 48000000 		.4byte	0x48
 602 0081 02       		.uleb128 0x2
 603 0082 04       		.byte	0x4
 604 0083 04       		.byte	0x4
 605 0084 BB000000 		.4byte	.LASF11
 606 0088 02       		.uleb128 0x2
 607 0089 08       		.byte	0x8
 608 008a 04       		.byte	0x4
 609 008b B5010000 		.4byte	.LASF12
 610 008f 02       		.uleb128 0x2
 611 0090 01       		.byte	0x1
 612 0091 08       		.byte	0x8
 613 0092 BF020000 		.4byte	.LASF13
 614 0096 05       		.uleb128 0x5
 615 0097 16000000 		.4byte	.LASF14
 616 009b 02       		.byte	0x2
 617 009c 6E01     		.2byte	0x16e
 618 009e A2000000 		.4byte	0xa2
 619 00a2 06       		.uleb128 0x6
 620 00a3 76000000 		.4byte	0x76
 621 00a7 05       		.uleb128 0x5
 622 00a8 5A020000 		.4byte	.LASF15
 623 00ac 02       		.byte	0x2
 624 00ad 7E01     		.2byte	0x17e
ARM GAS  C:\Users\ADMINI~1\AppData\Local\Temp\ccZBbC6y.s 			page 19


 625 00af B3000000 		.4byte	0xb3
 626 00b3 07       		.uleb128 0x7
 627 00b4 04       		.byte	0x4
 628 00b5 B9000000 		.4byte	0xb9
 629 00b9 08       		.uleb128 0x8
 630 00ba 02       		.uleb128 0x2
 631 00bb 08       		.byte	0x8
 632 00bc 04       		.byte	0x4
 633 00bd 00030000 		.4byte	.LASF16
 634 00c1 02       		.uleb128 0x2
 635 00c2 04       		.byte	0x4
 636 00c3 07       		.byte	0x7
 637 00c4 93020000 		.4byte	.LASF17
 638 00c8 09       		.uleb128 0x9
 639 00c9 D2010000 		.4byte	.LASF18
 640 00cd 01       		.byte	0x1
 641 00ce 38       		.byte	0x38
 642 00cf 00000000 		.4byte	.LFB1
 643 00d3 24000000 		.4byte	.LFE1-.LFB1
 644 00d7 01       		.uleb128 0x1
 645 00d8 9C       		.byte	0x9c
 646 00d9 0A       		.uleb128 0xa
 647 00da 67020000 		.4byte	.LASF21
 648 00de 01       		.byte	0x1
 649 00df 63       		.byte	0x63
 650 00e0 00000000 		.4byte	.LFB2
 651 00e4 26000000 		.4byte	.LFE2-.LFB2
 652 00e8 01       		.uleb128 0x1
 653 00e9 9C       		.byte	0x9c
 654 00ea FD000000 		.4byte	0xfd
 655 00ee 0B       		.uleb128 0xb
 656 00ef 3B020000 		.4byte	.LASF23
 657 00f3 01       		.byte	0x1
 658 00f4 63       		.byte	0x63
 659 00f5 A7000000 		.4byte	0xa7
 660 00f9 02       		.uleb128 0x2
 661 00fa 91       		.byte	0x91
 662 00fb 74       		.sleb128 -12
 663 00fc 00       		.byte	0
 664 00fd 09       		.uleb128 0x9
 665 00fe 18030000 		.4byte	.LASF19
 666 0102 01       		.byte	0x1
 667 0103 81       		.byte	0x81
 668 0104 00000000 		.4byte	.LFB3
 669 0108 1C000000 		.4byte	.LFE3-.LFB3
 670 010c 01       		.uleb128 0x1
 671 010d 9C       		.byte	0x9c
 672 010e 0C       		.uleb128 0xc
 673 010f 9F010000 		.4byte	.LASF20
 674 0113 01       		.byte	0x1
 675 0114 9F       		.byte	0x9f
 676 0115 00000000 		.4byte	.LFB4
 677 0119 0A000000 		.4byte	.LFE4-.LFB4
 678 011d 01       		.uleb128 0x1
 679 011e 9C       		.byte	0x9c
 680 011f 0D       		.uleb128 0xd
 681 0120 BC010000 		.4byte	.LASF22
ARM GAS  C:\Users\ADMINI~1\AppData\Local\Temp\ccZBbC6y.s 			page 20


 682 0124 01       		.byte	0x1
 683 0125 C7       		.byte	0xc7
 684 0126 00000000 		.4byte	.LFB5
 685 012a 1C000000 		.4byte	.LFE5-.LFB5
 686 012e 01       		.uleb128 0x1
 687 012f 9C       		.byte	0x9c
 688 0130 43010000 		.4byte	0x143
 689 0134 0B       		.uleb128 0xb
 690 0135 3B020000 		.4byte	.LASF23
 691 0139 01       		.byte	0x1
 692 013a C7       		.byte	0xc7
 693 013b A7000000 		.4byte	0xa7
 694 013f 02       		.uleb128 0x2
 695 0140 91       		.byte	0x91
 696 0141 74       		.sleb128 -12
 697 0142 00       		.byte	0
 698 0143 0E       		.uleb128 0xe
 699 0144 00000000 		.4byte	.LASF29
 700 0148 01       		.byte	0x1
 701 0149 DB       		.byte	0xdb
 702 014a A7000000 		.4byte	0xa7
 703 014e 00000000 		.4byte	.LFB6
 704 0152 14000000 		.4byte	.LFE6-.LFB6
 705 0156 01       		.uleb128 0x1
 706 0157 9C       		.byte	0x9c
 707 0158 0A       		.uleb128 0xa
 708 0159 7B020000 		.4byte	.LASF24
 709 015d 01       		.byte	0x1
 710 015e F9       		.byte	0xf9
 711 015f 00000000 		.4byte	.LFB7
 712 0163 50000000 		.4byte	.LFE7-.LFB7
 713 0167 01       		.uleb128 0x1
 714 0168 9C       		.byte	0x9c
 715 0169 98010000 		.4byte	0x198
 716 016d 0B       		.uleb128 0xb
 717 016e 96010000 		.4byte	.LASF25
 718 0172 01       		.byte	0x1
 719 0173 F9       		.byte	0xf9
 720 0174 6B000000 		.4byte	0x6b
 721 0178 02       		.uleb128 0x2
 722 0179 91       		.byte	0x91
 723 017a 67       		.sleb128 -25
 724 017b 0F       		.uleb128 0xf
 725 017c CF000000 		.4byte	.LASF26
 726 0180 01       		.byte	0x1
 727 0181 FB       		.byte	0xfb
 728 0182 6B000000 		.4byte	0x6b
 729 0186 02       		.uleb128 0x2
 730 0187 91       		.byte	0x91
 731 0188 6B       		.sleb128 -21
 732 0189 0F       		.uleb128 0xf
 733 018a E8020000 		.4byte	.LASF27
 734 018e 01       		.byte	0x1
 735 018f FC       		.byte	0xfc
 736 0190 76000000 		.4byte	0x76
 737 0194 02       		.uleb128 0x2
 738 0195 91       		.byte	0x91
ARM GAS  C:\Users\ADMINI~1\AppData\Local\Temp\ccZBbC6y.s 			page 21


 739 0196 6C       		.sleb128 -20
 740 0197 00       		.byte	0
 741 0198 10       		.uleb128 0x10
 742 0199 F0000000 		.4byte	.LASF37
 743 019d 01       		.byte	0x1
 744 019e 1501     		.2byte	0x115
 745 01a0 6B000000 		.4byte	0x6b
 746 01a4 00000000 		.4byte	.LFB8
 747 01a8 2C000000 		.4byte	.LFE8-.LFB8
 748 01ac 01       		.uleb128 0x1
 749 01ad 9C       		.byte	0x9c
 750 01ae D1010000 		.4byte	0x1d1
 751 01b2 11       		.uleb128 0x11
 752 01b3 96010000 		.4byte	.LASF25
 753 01b7 01       		.byte	0x1
 754 01b8 1701     		.2byte	0x117
 755 01ba 76000000 		.4byte	0x76
 756 01be 02       		.uleb128 0x2
 757 01bf 91       		.byte	0x91
 758 01c0 70       		.sleb128 -16
 759 01c1 11       		.uleb128 0x11
 760 01c2 E8020000 		.4byte	.LASF27
 761 01c6 01       		.byte	0x1
 762 01c7 1801     		.2byte	0x118
 763 01c9 76000000 		.4byte	0x76
 764 01cd 02       		.uleb128 0x2
 765 01ce 91       		.byte	0x91
 766 01cf 74       		.sleb128 -12
 767 01d0 00       		.byte	0
 768 01d1 12       		.uleb128 0x12
 769 01d2 FD010000 		.4byte	.LASF28
 770 01d6 01       		.byte	0x1
 771 01d7 3001     		.2byte	0x130
 772 01d9 00000000 		.4byte	.LFB9
 773 01dd 18000000 		.4byte	.LFE9-.LFB9
 774 01e1 01       		.uleb128 0x1
 775 01e2 9C       		.byte	0x9c
 776 01e3 13       		.uleb128 0x13
 777 01e4 AA020000 		.4byte	.LASF30
 778 01e8 01       		.byte	0x1
 779 01e9 4501     		.2byte	0x145
 780 01eb 6B000000 		.4byte	0x6b
 781 01ef 00000000 		.4byte	.LFB10
 782 01f3 20000000 		.4byte	.LFE10-.LFB10
 783 01f7 01       		.uleb128 0x1
 784 01f8 9C       		.byte	0x9c
 785 01f9 12       		.uleb128 0x12
 786 01fa C4020000 		.4byte	.LASF31
 787 01fe 01       		.byte	0x1
 788 01ff 5A01     		.2byte	0x15a
 789 0201 00000000 		.4byte	.LFB11
 790 0205 18000000 		.4byte	.LFE11-.LFB11
 791 0209 01       		.uleb128 0x1
 792 020a 9C       		.byte	0x9c
 793 020b 12       		.uleb128 0x12
 794 020c 24020000 		.4byte	.LASF32
 795 0210 01       		.byte	0x1
ARM GAS  C:\Users\ADMINI~1\AppData\Local\Temp\ccZBbC6y.s 			page 22


 796 0211 7501     		.2byte	0x175
 797 0213 00000000 		.4byte	.LFB12
 798 0217 18000000 		.4byte	.LFE12-.LFB12
 799 021b 01       		.uleb128 0x1
 800 021c 9C       		.byte	0x9c
 801 021d 12       		.uleb128 0x12
 802 021e E4010000 		.4byte	.LASF33
 803 0222 01       		.byte	0x1
 804 0223 8E01     		.2byte	0x18e
 805 0225 00000000 		.4byte	.LFB13
 806 0229 18000000 		.4byte	.LFE13-.LFB13
 807 022d 01       		.uleb128 0x1
 808 022e 9C       		.byte	0x9c
 809 022f 14       		.uleb128 0x14
 810 0230 A7000000 		.4byte	0xa7
 811 0234 3F020000 		.4byte	0x23f
 812 0238 15       		.uleb128 0x15
 813 0239 C1000000 		.4byte	0xc1
 814 023d 2F       		.byte	0x2f
 815 023e 00       		.byte	0
 816 023f 16       		.uleb128 0x16
 817 0240 1C000000 		.4byte	.LASF38
 818 0244 01       		.byte	0x1
 819 0245 21       		.byte	0x21
 820 0246 2F020000 		.4byte	0x22f
 821 024a 00       		.byte	0
 822              		.section	.debug_abbrev,"",%progbits
 823              	.Ldebug_abbrev0:
 824 0000 01       		.uleb128 0x1
 825 0001 11       		.uleb128 0x11
 826 0002 01       		.byte	0x1
 827 0003 25       		.uleb128 0x25
 828 0004 0E       		.uleb128 0xe
 829 0005 13       		.uleb128 0x13
 830 0006 0B       		.uleb128 0xb
 831 0007 03       		.uleb128 0x3
 832 0008 0E       		.uleb128 0xe
 833 0009 1B       		.uleb128 0x1b
 834 000a 0E       		.uleb128 0xe
 835 000b 55       		.uleb128 0x55
 836 000c 17       		.uleb128 0x17
 837 000d 11       		.uleb128 0x11
 838 000e 01       		.uleb128 0x1
 839 000f 10       		.uleb128 0x10
 840 0010 17       		.uleb128 0x17
 841 0011 00       		.byte	0
 842 0012 00       		.byte	0
 843 0013 02       		.uleb128 0x2
 844 0014 24       		.uleb128 0x24
 845 0015 00       		.byte	0
 846 0016 0B       		.uleb128 0xb
 847 0017 0B       		.uleb128 0xb
 848 0018 3E       		.uleb128 0x3e
 849 0019 0B       		.uleb128 0xb
 850 001a 03       		.uleb128 0x3
 851 001b 0E       		.uleb128 0xe
 852 001c 00       		.byte	0
ARM GAS  C:\Users\ADMINI~1\AppData\Local\Temp\ccZBbC6y.s 			page 23


 853 001d 00       		.byte	0
 854 001e 03       		.uleb128 0x3
 855 001f 24       		.uleb128 0x24
 856 0020 00       		.byte	0
 857 0021 0B       		.uleb128 0xb
 858 0022 0B       		.uleb128 0xb
 859 0023 3E       		.uleb128 0x3e
 860 0024 0B       		.uleb128 0xb
 861 0025 03       		.uleb128 0x3
 862 0026 08       		.uleb128 0x8
 863 0027 00       		.byte	0
 864 0028 00       		.byte	0
 865 0029 04       		.uleb128 0x4
 866 002a 16       		.uleb128 0x16
 867 002b 00       		.byte	0
 868 002c 03       		.uleb128 0x3
 869 002d 0E       		.uleb128 0xe
 870 002e 3A       		.uleb128 0x3a
 871 002f 0B       		.uleb128 0xb
 872 0030 3B       		.uleb128 0x3b
 873 0031 0B       		.uleb128 0xb
 874 0032 49       		.uleb128 0x49
 875 0033 13       		.uleb128 0x13
 876 0034 00       		.byte	0
 877 0035 00       		.byte	0
 878 0036 05       		.uleb128 0x5
 879 0037 16       		.uleb128 0x16
 880 0038 00       		.byte	0
 881 0039 03       		.uleb128 0x3
 882 003a 0E       		.uleb128 0xe
 883 003b 3A       		.uleb128 0x3a
 884 003c 0B       		.uleb128 0xb
 885 003d 3B       		.uleb128 0x3b
 886 003e 05       		.uleb128 0x5
 887 003f 49       		.uleb128 0x49
 888 0040 13       		.uleb128 0x13
 889 0041 00       		.byte	0
 890 0042 00       		.byte	0
 891 0043 06       		.uleb128 0x6
 892 0044 35       		.uleb128 0x35
 893 0045 00       		.byte	0
 894 0046 49       		.uleb128 0x49
 895 0047 13       		.uleb128 0x13
 896 0048 00       		.byte	0
 897 0049 00       		.byte	0
 898 004a 07       		.uleb128 0x7
 899 004b 0F       		.uleb128 0xf
 900 004c 00       		.byte	0
 901 004d 0B       		.uleb128 0xb
 902 004e 0B       		.uleb128 0xb
 903 004f 49       		.uleb128 0x49
 904 0050 13       		.uleb128 0x13
 905 0051 00       		.byte	0
 906 0052 00       		.byte	0
 907 0053 08       		.uleb128 0x8
 908 0054 15       		.uleb128 0x15
 909 0055 00       		.byte	0
ARM GAS  C:\Users\ADMINI~1\AppData\Local\Temp\ccZBbC6y.s 			page 24


 910 0056 27       		.uleb128 0x27
 911 0057 19       		.uleb128 0x19
 912 0058 00       		.byte	0
 913 0059 00       		.byte	0
 914 005a 09       		.uleb128 0x9
 915 005b 2E       		.uleb128 0x2e
 916 005c 00       		.byte	0
 917 005d 3F       		.uleb128 0x3f
 918 005e 19       		.uleb128 0x19
 919 005f 03       		.uleb128 0x3
 920 0060 0E       		.uleb128 0xe
 921 0061 3A       		.uleb128 0x3a
 922 0062 0B       		.uleb128 0xb
 923 0063 3B       		.uleb128 0x3b
 924 0064 0B       		.uleb128 0xb
 925 0065 27       		.uleb128 0x27
 926 0066 19       		.uleb128 0x19
 927 0067 11       		.uleb128 0x11
 928 0068 01       		.uleb128 0x1
 929 0069 12       		.uleb128 0x12
 930 006a 06       		.uleb128 0x6
 931 006b 40       		.uleb128 0x40
 932 006c 18       		.uleb128 0x18
 933 006d 9642     		.uleb128 0x2116
 934 006f 19       		.uleb128 0x19
 935 0070 00       		.byte	0
 936 0071 00       		.byte	0
 937 0072 0A       		.uleb128 0xa
 938 0073 2E       		.uleb128 0x2e
 939 0074 01       		.byte	0x1
 940 0075 3F       		.uleb128 0x3f
 941 0076 19       		.uleb128 0x19
 942 0077 03       		.uleb128 0x3
 943 0078 0E       		.uleb128 0xe
 944 0079 3A       		.uleb128 0x3a
 945 007a 0B       		.uleb128 0xb
 946 007b 3B       		.uleb128 0x3b
 947 007c 0B       		.uleb128 0xb
 948 007d 27       		.uleb128 0x27
 949 007e 19       		.uleb128 0x19
 950 007f 11       		.uleb128 0x11
 951 0080 01       		.uleb128 0x1
 952 0081 12       		.uleb128 0x12
 953 0082 06       		.uleb128 0x6
 954 0083 40       		.uleb128 0x40
 955 0084 18       		.uleb128 0x18
 956 0085 9642     		.uleb128 0x2116
 957 0087 19       		.uleb128 0x19
 958 0088 01       		.uleb128 0x1
 959 0089 13       		.uleb128 0x13
 960 008a 00       		.byte	0
 961 008b 00       		.byte	0
 962 008c 0B       		.uleb128 0xb
 963 008d 05       		.uleb128 0x5
 964 008e 00       		.byte	0
 965 008f 03       		.uleb128 0x3
 966 0090 0E       		.uleb128 0xe
ARM GAS  C:\Users\ADMINI~1\AppData\Local\Temp\ccZBbC6y.s 			page 25


 967 0091 3A       		.uleb128 0x3a
 968 0092 0B       		.uleb128 0xb
 969 0093 3B       		.uleb128 0x3b
 970 0094 0B       		.uleb128 0xb
 971 0095 49       		.uleb128 0x49
 972 0096 13       		.uleb128 0x13
 973 0097 02       		.uleb128 0x2
 974 0098 18       		.uleb128 0x18
 975 0099 00       		.byte	0
 976 009a 00       		.byte	0
 977 009b 0C       		.uleb128 0xc
 978 009c 2E       		.uleb128 0x2e
 979 009d 00       		.byte	0
 980 009e 3F       		.uleb128 0x3f
 981 009f 19       		.uleb128 0x19
 982 00a0 03       		.uleb128 0x3
 983 00a1 0E       		.uleb128 0xe
 984 00a2 3A       		.uleb128 0x3a
 985 00a3 0B       		.uleb128 0xb
 986 00a4 3B       		.uleb128 0x3b
 987 00a5 0B       		.uleb128 0xb
 988 00a6 27       		.uleb128 0x27
 989 00a7 19       		.uleb128 0x19
 990 00a8 11       		.uleb128 0x11
 991 00a9 01       		.uleb128 0x1
 992 00aa 12       		.uleb128 0x12
 993 00ab 06       		.uleb128 0x6
 994 00ac 40       		.uleb128 0x40
 995 00ad 18       		.uleb128 0x18
 996 00ae 9742     		.uleb128 0x2117
 997 00b0 19       		.uleb128 0x19
 998 00b1 00       		.byte	0
 999 00b2 00       		.byte	0
 1000 00b3 0D       		.uleb128 0xd
 1001 00b4 2E       		.uleb128 0x2e
 1002 00b5 01       		.byte	0x1
 1003 00b6 3F       		.uleb128 0x3f
 1004 00b7 19       		.uleb128 0x19
 1005 00b8 03       		.uleb128 0x3
 1006 00b9 0E       		.uleb128 0xe
 1007 00ba 3A       		.uleb128 0x3a
 1008 00bb 0B       		.uleb128 0xb
 1009 00bc 3B       		.uleb128 0x3b
 1010 00bd 0B       		.uleb128 0xb
 1011 00be 27       		.uleb128 0x27
 1012 00bf 19       		.uleb128 0x19
 1013 00c0 11       		.uleb128 0x11
 1014 00c1 01       		.uleb128 0x1
 1015 00c2 12       		.uleb128 0x12
 1016 00c3 06       		.uleb128 0x6
 1017 00c4 40       		.uleb128 0x40
 1018 00c5 18       		.uleb128 0x18
 1019 00c6 9742     		.uleb128 0x2117
 1020 00c8 19       		.uleb128 0x19
 1021 00c9 01       		.uleb128 0x1
 1022 00ca 13       		.uleb128 0x13
 1023 00cb 00       		.byte	0
ARM GAS  C:\Users\ADMINI~1\AppData\Local\Temp\ccZBbC6y.s 			page 26


 1024 00cc 00       		.byte	0
 1025 00cd 0E       		.uleb128 0xe
 1026 00ce 2E       		.uleb128 0x2e
 1027 00cf 00       		.byte	0
 1028 00d0 3F       		.uleb128 0x3f
 1029 00d1 19       		.uleb128 0x19
 1030 00d2 03       		.uleb128 0x3
 1031 00d3 0E       		.uleb128 0xe
 1032 00d4 3A       		.uleb128 0x3a
 1033 00d5 0B       		.uleb128 0xb
 1034 00d6 3B       		.uleb128 0x3b
 1035 00d7 0B       		.uleb128 0xb
 1036 00d8 27       		.uleb128 0x27
 1037 00d9 19       		.uleb128 0x19
 1038 00da 49       		.uleb128 0x49
 1039 00db 13       		.uleb128 0x13
 1040 00dc 11       		.uleb128 0x11
 1041 00dd 01       		.uleb128 0x1
 1042 00de 12       		.uleb128 0x12
 1043 00df 06       		.uleb128 0x6
 1044 00e0 40       		.uleb128 0x40
 1045 00e1 18       		.uleb128 0x18
 1046 00e2 9742     		.uleb128 0x2117
 1047 00e4 19       		.uleb128 0x19
 1048 00e5 00       		.byte	0
 1049 00e6 00       		.byte	0
 1050 00e7 0F       		.uleb128 0xf
 1051 00e8 34       		.uleb128 0x34
 1052 00e9 00       		.byte	0
 1053 00ea 03       		.uleb128 0x3
 1054 00eb 0E       		.uleb128 0xe
 1055 00ec 3A       		.uleb128 0x3a
 1056 00ed 0B       		.uleb128 0xb
 1057 00ee 3B       		.uleb128 0x3b
 1058 00ef 0B       		.uleb128 0xb
 1059 00f0 49       		.uleb128 0x49
 1060 00f1 13       		.uleb128 0x13
 1061 00f2 02       		.uleb128 0x2
 1062 00f3 18       		.uleb128 0x18
 1063 00f4 00       		.byte	0
 1064 00f5 00       		.byte	0
 1065 00f6 10       		.uleb128 0x10
 1066 00f7 2E       		.uleb128 0x2e
 1067 00f8 01       		.byte	0x1
 1068 00f9 3F       		.uleb128 0x3f
 1069 00fa 19       		.uleb128 0x19
 1070 00fb 03       		.uleb128 0x3
 1071 00fc 0E       		.uleb128 0xe
 1072 00fd 3A       		.uleb128 0x3a
 1073 00fe 0B       		.uleb128 0xb
 1074 00ff 3B       		.uleb128 0x3b
 1075 0100 05       		.uleb128 0x5
 1076 0101 27       		.uleb128 0x27
 1077 0102 19       		.uleb128 0x19
 1078 0103 49       		.uleb128 0x49
 1079 0104 13       		.uleb128 0x13
 1080 0105 11       		.uleb128 0x11
ARM GAS  C:\Users\ADMINI~1\AppData\Local\Temp\ccZBbC6y.s 			page 27


 1081 0106 01       		.uleb128 0x1
 1082 0107 12       		.uleb128 0x12
 1083 0108 06       		.uleb128 0x6
 1084 0109 40       		.uleb128 0x40
 1085 010a 18       		.uleb128 0x18
 1086 010b 9742     		.uleb128 0x2117
 1087 010d 19       		.uleb128 0x19
 1088 010e 01       		.uleb128 0x1
 1089 010f 13       		.uleb128 0x13
 1090 0110 00       		.byte	0
 1091 0111 00       		.byte	0
 1092 0112 11       		.uleb128 0x11
 1093 0113 34       		.uleb128 0x34
 1094 0114 00       		.byte	0
 1095 0115 03       		.uleb128 0x3
 1096 0116 0E       		.uleb128 0xe
 1097 0117 3A       		.uleb128 0x3a
 1098 0118 0B       		.uleb128 0xb
 1099 0119 3B       		.uleb128 0x3b
 1100 011a 05       		.uleb128 0x5
 1101 011b 49       		.uleb128 0x49
 1102 011c 13       		.uleb128 0x13
 1103 011d 02       		.uleb128 0x2
 1104 011e 18       		.uleb128 0x18
 1105 011f 00       		.byte	0
 1106 0120 00       		.byte	0
 1107 0121 12       		.uleb128 0x12
 1108 0122 2E       		.uleb128 0x2e
 1109 0123 00       		.byte	0
 1110 0124 3F       		.uleb128 0x3f
 1111 0125 19       		.uleb128 0x19
 1112 0126 03       		.uleb128 0x3
 1113 0127 0E       		.uleb128 0xe
 1114 0128 3A       		.uleb128 0x3a
 1115 0129 0B       		.uleb128 0xb
 1116 012a 3B       		.uleb128 0x3b
 1117 012b 05       		.uleb128 0x5
 1118 012c 27       		.uleb128 0x27
 1119 012d 19       		.uleb128 0x19
 1120 012e 11       		.uleb128 0x11
 1121 012f 01       		.uleb128 0x1
 1122 0130 12       		.uleb128 0x12
 1123 0131 06       		.uleb128 0x6
 1124 0132 40       		.uleb128 0x40
 1125 0133 18       		.uleb128 0x18
 1126 0134 9742     		.uleb128 0x2117
 1127 0136 19       		.uleb128 0x19
 1128 0137 00       		.byte	0
 1129 0138 00       		.byte	0
 1130 0139 13       		.uleb128 0x13
 1131 013a 2E       		.uleb128 0x2e
 1132 013b 00       		.byte	0
 1133 013c 3F       		.uleb128 0x3f
 1134 013d 19       		.uleb128 0x19
 1135 013e 03       		.uleb128 0x3
 1136 013f 0E       		.uleb128 0xe
 1137 0140 3A       		.uleb128 0x3a
ARM GAS  C:\Users\ADMINI~1\AppData\Local\Temp\ccZBbC6y.s 			page 28


 1138 0141 0B       		.uleb128 0xb
 1139 0142 3B       		.uleb128 0x3b
 1140 0143 05       		.uleb128 0x5
 1141 0144 27       		.uleb128 0x27
 1142 0145 19       		.uleb128 0x19
 1143 0146 49       		.uleb128 0x49
 1144 0147 13       		.uleb128 0x13
 1145 0148 11       		.uleb128 0x11
 1146 0149 01       		.uleb128 0x1
 1147 014a 12       		.uleb128 0x12
 1148 014b 06       		.uleb128 0x6
 1149 014c 40       		.uleb128 0x40
 1150 014d 18       		.uleb128 0x18
 1151 014e 9742     		.uleb128 0x2117
 1152 0150 19       		.uleb128 0x19
 1153 0151 00       		.byte	0
 1154 0152 00       		.byte	0
 1155 0153 14       		.uleb128 0x14
 1156 0154 01       		.uleb128 0x1
 1157 0155 01       		.byte	0x1
 1158 0156 49       		.uleb128 0x49
 1159 0157 13       		.uleb128 0x13
 1160 0158 01       		.uleb128 0x1
 1161 0159 13       		.uleb128 0x13
 1162 015a 00       		.byte	0
 1163 015b 00       		.byte	0
 1164 015c 15       		.uleb128 0x15
 1165 015d 21       		.uleb128 0x21
 1166 015e 00       		.byte	0
 1167 015f 49       		.uleb128 0x49
 1168 0160 13       		.uleb128 0x13
 1169 0161 2F       		.uleb128 0x2f
 1170 0162 0B       		.uleb128 0xb
 1171 0163 00       		.byte	0
 1172 0164 00       		.byte	0
 1173 0165 16       		.uleb128 0x16
 1174 0166 34       		.uleb128 0x34
 1175 0167 00       		.byte	0
 1176 0168 03       		.uleb128 0x3
 1177 0169 0E       		.uleb128 0xe
 1178 016a 3A       		.uleb128 0x3a
 1179 016b 0B       		.uleb128 0xb
 1180 016c 3B       		.uleb128 0x3b
 1181 016d 0B       		.uleb128 0xb
 1182 016e 49       		.uleb128 0x49
 1183 016f 13       		.uleb128 0x13
 1184 0170 3F       		.uleb128 0x3f
 1185 0171 19       		.uleb128 0x19
 1186 0172 3C       		.uleb128 0x3c
 1187 0173 19       		.uleb128 0x19
 1188 0174 00       		.byte	0
 1189 0175 00       		.byte	0
 1190 0176 00       		.byte	0
 1191              		.section	.debug_aranges,"",%progbits
 1192 0000 7C000000 		.4byte	0x7c
 1193 0004 0200     		.2byte	0x2
 1194 0006 00000000 		.4byte	.Ldebug_info0
ARM GAS  C:\Users\ADMINI~1\AppData\Local\Temp\ccZBbC6y.s 			page 29


 1195 000a 04       		.byte	0x4
 1196 000b 00       		.byte	0
 1197 000c 0000     		.2byte	0
 1198 000e 0000     		.2byte	0
 1199 0010 00000000 		.4byte	.LFB1
 1200 0014 24000000 		.4byte	.LFE1-.LFB1
 1201 0018 00000000 		.4byte	.LFB2
 1202 001c 26000000 		.4byte	.LFE2-.LFB2
 1203 0020 00000000 		.4byte	.LFB3
 1204 0024 1C000000 		.4byte	.LFE3-.LFB3
 1205 0028 00000000 		.4byte	.LFB4
 1206 002c 0A000000 		.4byte	.LFE4-.LFB4
 1207 0030 00000000 		.4byte	.LFB5
 1208 0034 1C000000 		.4byte	.LFE5-.LFB5
 1209 0038 00000000 		.4byte	.LFB6
 1210 003c 14000000 		.4byte	.LFE6-.LFB6
 1211 0040 00000000 		.4byte	.LFB7
 1212 0044 50000000 		.4byte	.LFE7-.LFB7
 1213 0048 00000000 		.4byte	.LFB8
 1214 004c 2C000000 		.4byte	.LFE8-.LFB8
 1215 0050 00000000 		.4byte	.LFB9
 1216 0054 18000000 		.4byte	.LFE9-.LFB9
 1217 0058 00000000 		.4byte	.LFB10
 1218 005c 20000000 		.4byte	.LFE10-.LFB10
 1219 0060 00000000 		.4byte	.LFB11
 1220 0064 18000000 		.4byte	.LFE11-.LFB11
 1221 0068 00000000 		.4byte	.LFB12
 1222 006c 18000000 		.4byte	.LFE12-.LFB12
 1223 0070 00000000 		.4byte	.LFB13
 1224 0074 18000000 		.4byte	.LFE13-.LFB13
 1225 0078 00000000 		.4byte	0
 1226 007c 00000000 		.4byte	0
 1227              		.section	.debug_ranges,"",%progbits
 1228              	.Ldebug_ranges0:
 1229 0000 00000000 		.4byte	.LFB1
 1230 0004 24000000 		.4byte	.LFE1
 1231 0008 00000000 		.4byte	.LFB2
 1232 000c 26000000 		.4byte	.LFE2
 1233 0010 00000000 		.4byte	.LFB3
 1234 0014 1C000000 		.4byte	.LFE3
 1235 0018 00000000 		.4byte	.LFB4
 1236 001c 0A000000 		.4byte	.LFE4
 1237 0020 00000000 		.4byte	.LFB5
 1238 0024 1C000000 		.4byte	.LFE5
 1239 0028 00000000 		.4byte	.LFB6
 1240 002c 14000000 		.4byte	.LFE6
 1241 0030 00000000 		.4byte	.LFB7
 1242 0034 50000000 		.4byte	.LFE7
 1243 0038 00000000 		.4byte	.LFB8
 1244 003c 2C000000 		.4byte	.LFE8
 1245 0040 00000000 		.4byte	.LFB9
 1246 0044 18000000 		.4byte	.LFE9
 1247 0048 00000000 		.4byte	.LFB10
 1248 004c 20000000 		.4byte	.LFE10
 1249 0050 00000000 		.4byte	.LFB11
 1250 0054 18000000 		.4byte	.LFE11
 1251 0058 00000000 		.4byte	.LFB12
ARM GAS  C:\Users\ADMINI~1\AppData\Local\Temp\ccZBbC6y.s 			page 30


 1252 005c 18000000 		.4byte	.LFE12
 1253 0060 00000000 		.4byte	.LFB13
 1254 0064 18000000 		.4byte	.LFE13
 1255 0068 00000000 		.4byte	0
 1256 006c 00000000 		.4byte	0
 1257              		.section	.debug_line,"",%progbits
 1258              	.Ldebug_line0:
 1259 0000 56010000 		.section	.debug_str,"MS",%progbits,1
 1259      02004800 
 1259      00000201 
 1259      FB0E0D00 
 1259      01010101 
 1260              	.LASF29:
 1261 0000 4932435F 		.ascii	"I2C_SCB_IRQ_GetVector\000"
 1261      5343425F 
 1261      4952515F 
 1261      47657456 
 1261      6563746F 
 1262              	.LASF14:
 1263 0016 72656733 		.ascii	"reg32\000"
 1263      3200
 1264              	.LASF38:
 1265 001c 43795261 		.ascii	"CyRamVectors\000"
 1265      6D566563 
 1265      746F7273 
 1265      00
 1266              	.LASF36:
 1267 0029 443A5C43 		.ascii	"D:\\CYTEST\\Micrium_CY8CKIT-044_OS2\\Micrium\\Examp"
 1267      59544553 
 1267      545C4D69 
 1267      63726975 
 1267      6D5F4359 
 1268 0058 6C65735C 		.ascii	"les\\Cypress\\CY8CKIT-044\\OS2\\PSoC\\OS2.cydsn\000"
 1268      43797072 
 1268      6573735C 
 1268      43593843 
 1268      4B49542D 
 1269              	.LASF3:
 1270 0083 73686F72 		.ascii	"short unsigned int\000"
 1270      7420756E 
 1270      7369676E 
 1270      65642069 
 1270      6E7400
 1271              	.LASF35:
 1272 0096 47656E65 		.ascii	"Generated_Source\\PSoC4\\I2C_SCB_IRQ.c\000"
 1272      72617465 
 1272      645F536F 
 1272      75726365 
 1272      5C50536F 
 1273              	.LASF11:
 1274 00bb 666C6F61 		.ascii	"float\000"
 1274      7400
 1275              	.LASF1:
 1276 00c1 756E7369 		.ascii	"unsigned char\000"
 1276      676E6564 
 1276      20636861 
 1276      7200
ARM GAS  C:\Users\ADMINI~1\AppData\Local\Temp\ccZBbC6y.s 			page 31


 1277              	.LASF26:
 1278 00cf 696E7465 		.ascii	"interruptState\000"
 1278      72727570 
 1278      74537461 
 1278      746500
 1279              	.LASF5:
 1280 00de 6C6F6E67 		.ascii	"long unsigned int\000"
 1280      20756E73 
 1280      69676E65 
 1280      6420696E 
 1280      7400
 1281              	.LASF37:
 1282 00f0 4932435F 		.ascii	"I2C_SCB_IRQ_GetPriority\000"
 1282      5343425F 
 1282      4952515F 
 1282      47657450 
 1282      72696F72 
 1283              	.LASF34:
 1284 0108 474E5520 		.ascii	"GNU C11 5.4.1 20160609 (release) [ARM/embedded-5-br"
 1284      43313120 
 1284      352E342E 
 1284      31203230 
 1284      31363036 
 1285 013b 616E6368 		.ascii	"anch revision 237715] -mcpu=cortex-m0 -mthumb -g -O"
 1285      20726576 
 1285      6973696F 
 1285      6E203233 
 1285      37373135 
 1286 016e 30202D66 		.ascii	"0 -ffunction-sections -ffat-lto-objects\000"
 1286      66756E63 
 1286      74696F6E 
 1286      2D736563 
 1286      74696F6E 
 1287              	.LASF25:
 1288 0196 7072696F 		.ascii	"priority\000"
 1288      72697479 
 1288      00
 1289              	.LASF20:
 1290 019f 4932435F 		.ascii	"I2C_SCB_IRQ_Interrupt\000"
 1290      5343425F 
 1290      4952515F 
 1290      496E7465 
 1290      72727570 
 1291              	.LASF12:
 1292 01b5 646F7562 		.ascii	"double\000"
 1292      6C6500
 1293              	.LASF22:
 1294 01bc 4932435F 		.ascii	"I2C_SCB_IRQ_SetVector\000"
 1294      5343425F 
 1294      4952515F 
 1294      53657456 
 1294      6563746F 
 1295              	.LASF18:
 1296 01d2 4932435F 		.ascii	"I2C_SCB_IRQ_Start\000"
 1296      5343425F 
 1296      4952515F 
 1296      53746172 
ARM GAS  C:\Users\ADMINI~1\AppData\Local\Temp\ccZBbC6y.s 			page 32


 1296      7400
 1297              	.LASF33:
 1298 01e4 4932435F 		.ascii	"I2C_SCB_IRQ_ClearPending\000"
 1298      5343425F 
 1298      4952515F 
 1298      436C6561 
 1298      7250656E 
 1299              	.LASF28:
 1300 01fd 4932435F 		.ascii	"I2C_SCB_IRQ_Enable\000"
 1300      5343425F 
 1300      4952515F 
 1300      456E6162 
 1300      6C6500
 1301              	.LASF10:
 1302 0210 75696E74 		.ascii	"uint32\000"
 1302      333200
 1303              	.LASF8:
 1304 0217 756E7369 		.ascii	"unsigned int\000"
 1304      676E6564 
 1304      20696E74 
 1304      00
 1305              	.LASF32:
 1306 0224 4932435F 		.ascii	"I2C_SCB_IRQ_SetPending\000"
 1306      5343425F 
 1306      4952515F 
 1306      53657450 
 1306      656E6469 
 1307              	.LASF23:
 1308 023b 61646472 		.ascii	"address\000"
 1308      65737300 
 1309              	.LASF7:
 1310 0243 6C6F6E67 		.ascii	"long long unsigned int\000"
 1310      206C6F6E 
 1310      6720756E 
 1310      7369676E 
 1310      65642069 
 1311              	.LASF15:
 1312 025a 63796973 		.ascii	"cyisraddress\000"
 1312      72616464 
 1312      72657373 
 1312      00
 1313              	.LASF21:
 1314 0267 4932435F 		.ascii	"I2C_SCB_IRQ_StartEx\000"
 1314      5343425F 
 1314      4952515F 
 1314      53746172 
 1314      74457800 
 1315              	.LASF24:
 1316 027b 4932435F 		.ascii	"I2C_SCB_IRQ_SetPriority\000"
 1316      5343425F 
 1316      4952515F 
 1316      53657450 
 1316      72696F72 
 1317              	.LASF17:
 1318 0293 73697A65 		.ascii	"sizetype\000"
 1318      74797065 
 1318      00
ARM GAS  C:\Users\ADMINI~1\AppData\Local\Temp\ccZBbC6y.s 			page 33


 1319              	.LASF6:
 1320 029c 6C6F6E67 		.ascii	"long long int\000"
 1320      206C6F6E 
 1320      6720696E 
 1320      7400
 1321              	.LASF30:
 1322 02aa 4932435F 		.ascii	"I2C_SCB_IRQ_GetState\000"
 1322      5343425F 
 1322      4952515F 
 1322      47657453 
 1322      74617465 
 1323              	.LASF13:
 1324 02bf 63686172 		.ascii	"char\000"
 1324      00
 1325              	.LASF31:
 1326 02c4 4932435F 		.ascii	"I2C_SCB_IRQ_Disable\000"
 1326      5343425F 
 1326      4952515F 
 1326      44697361 
 1326      626C6500 
 1327              	.LASF2:
 1328 02d8 73686F72 		.ascii	"short int\000"
 1328      7420696E 
 1328      7400
 1329              	.LASF9:
 1330 02e2 75696E74 		.ascii	"uint8\000"
 1330      3800
 1331              	.LASF27:
 1332 02e8 7072696F 		.ascii	"priorityOffset\000"
 1332      72697479 
 1332      4F666673 
 1332      657400
 1333              	.LASF4:
 1334 02f7 6C6F6E67 		.ascii	"long int\000"
 1334      20696E74 
 1334      00
 1335              	.LASF16:
 1336 0300 6C6F6E67 		.ascii	"long double\000"
 1336      20646F75 
 1336      626C6500 
 1337              	.LASF0:
 1338 030c 7369676E 		.ascii	"signed char\000"
 1338      65642063 
 1338      68617200 
 1339              	.LASF19:
 1340 0318 4932435F 		.ascii	"I2C_SCB_IRQ_Stop\000"
 1340      5343425F 
 1340      4952515F 
 1340      53746F70 
 1340      00
 1341              		.ident	"GCC: (GNU Tools for ARM Embedded Processors) 5.4.1 20160609 (release) [ARM/embedded-5-bran
