Archive member included to satisfy reference by file (symbol)

.\CortexM0\ARM_GCC_541\Debug\OS2.a(PWM_Blue.o)
                              .\CortexM0\ARM_GCC_541\Debug\bsp.o (PWM_Blue_WriteCompare)
.\CortexM0\ARM_GCC_541\Debug\OS2.a(PWM_Green.o)
                              .\CortexM0\ARM_GCC_541\Debug\bsp.o (PWM_Green_WriteCompare)
.\CortexM0\ARM_GCC_541\Debug\OS2.a(PWM_Red.o)
                              .\CortexM0\ARM_GCC_541\Debug\bsp.o (PWM_Red_WriteCompare)
.\CortexM0\ARM_GCC_541\Debug\OS2.a(Accel_Pin.o)
                              .\CortexM0\ARM_GCC_541\Debug\bsp.o (Accel_Pin_ClearInterrupt)
.\CortexM0\ARM_GCC_541\Debug\OS2.a(I2C.o)
                              .\CortexM0\ARM_GCC_541\Debug\bsp.o (I2C_Start)
.\CortexM0\ARM_GCC_541\Debug\OS2.a(I2C_I2C.o)
                              .\CortexM0\ARM_GCC_541\Debug\OS2.a(I2C.o) (I2C_I2CInit)
.\CortexM0\ARM_GCC_541\Debug\OS2.a(I2C_I2C_MASTER.o)
                              .\CortexM0\ARM_GCC_541\Debug\OS2.a(I2C_I2C.o) (I2C_mstrStatus)
.\CortexM0\ARM_GCC_541\Debug\OS2.a(SW2.o)
                              .\CortexM0\ARM_GCC_541\Debug\bsp.o (SW2_Read)
.\CortexM0\ARM_GCC_541\Debug\OS2.a(Accel_ISR.o)
                              .\CortexM0\ARM_GCC_541\Debug\bsp.o (Accel_ISR_StartEx)
.\CortexM0\ARM_GCC_541\Debug\OS2.a(Temp_Sensor.o)
                              .\CortexM0\ARM_GCC_541\Debug\bsp.o (Temp_Sensor_Start)
.\CortexM0\ARM_GCC_541\Debug\OS2.a(Temp_Sensor_INT.o)
                              .\CortexM0\ARM_GCC_541\Debug\OS2.a(Temp_Sensor.o) (Temp_Sensor_EOC_ISR_Int)
.\CortexM0\ARM_GCC_541\Debug\OS2.a(DMA.o)
                              .\CortexM0\ARM_GCC_541\Debug\app.o (DMA_Start)
.\CortexM0\ARM_GCC_541\Debug\OS2.a(Opamp.o)
                              .\CortexM0\ARM_GCC_541\Debug\bsp.o (Opamp_Start)
.\CortexM0\ARM_GCC_541\Debug\OS2.a(ADC.o)
                              .\CortexM0\ARM_GCC_541\Debug\bsp.o (ADC_Start)
.\CortexM0\ARM_GCC_541\Debug\OS2.a(ADC_INT.o)
                              .\CortexM0\ARM_GCC_541\Debug\OS2.a(ADC.o) (ADC_ISR)
.\CortexM0\ARM_GCC_541\Debug\OS2.a(Temp_Sensor_EOC_ISR.o)
                              .\CortexM0\ARM_GCC_541\Debug\OS2.a(Temp_Sensor.o) (Temp_Sensor_EOC_ISR_Disable)
.\CortexM0\ARM_GCC_541\Debug\OS2.a(CyLib.o)
                              .\CortexM0\ARM_GCC_541\Debug\cyfitter_cfg.o (CySysClkWriteImoFreq)
.\CortexM0\ARM_GCC_541\Debug\OS2.a(CyDMA.o)
                              .\CortexM0\ARM_GCC_541\Debug\OS2.a(DMA.o) (CyDmaEnable)
.\CortexM0\ARM_GCC_541\Debug\OS2.a(CyLFClk.o)
                              .\CortexM0\ARM_GCC_541\Debug\OS2.a(CyLib.o) (CySysClkWcoEnabled)
.\CortexM0\ARM_GCC_541\Debug\OS2.a(CyBootAsmGnu.o)
                              .\CortexM0\ARM_GCC_541\Debug\OS2.a(CyLib.o) (CyDelayCycles)
.\CortexM0\ARM_GCC_541\Debug\OS2.a(I2C_I2C_INT.o)
                              .\CortexM0\ARM_GCC_541\Debug\OS2.a(I2C_I2C.o) (I2C_I2C_ISR)
.\CortexM0\ARM_GCC_541\Debug\OS2.a(CyFlash.o)
                              .\CortexM0\ARM_GCC_541\Debug\OS2.a(CyLib.o) (CySysFlashSetWaitCycles)
c:/program files (x86)/cypress/psoc creator/4.2/psoc creator/import/gnu/arm/5.4.1/bin/../lib/gcc/arm-none-eabi/5.4.1/armv6-m\libgcc.a(_udivsi3.o)
                              .\CortexM0\ARM_GCC_541\Debug\app.o (__aeabi_uidiv)
c:/program files (x86)/cypress/psoc creator/4.2/psoc creator/import/gnu/arm/5.4.1/bin/../lib/gcc/arm-none-eabi/5.4.1/armv6-m\libgcc.a(_divsi3.o)
                              .\CortexM0\ARM_GCC_541\Debug\OS2.a(Temp_Sensor.o) (__aeabi_idiv)
c:/program files (x86)/cypress/psoc creator/4.2/psoc creator/import/gnu/arm/5.4.1/bin/../lib/gcc/arm-none-eabi/5.4.1/armv6-m\libgcc.a(_dvmd_tls.o)
                              c:/program files (x86)/cypress/psoc creator/4.2/psoc creator/import/gnu/arm/5.4.1/bin/../lib/gcc/arm-none-eabi/5.4.1/armv6-m\libgcc.a(_udivsi3.o) (__aeabi_idiv0)
c:/program files (x86)/cypress/psoc creator/4.2/psoc creator/import/gnu/arm/5.4.1/bin/../lib/gcc/arm-none-eabi/5.4.1/armv6-m\libgcc.a(_aeabi_ldivmod.o)
                              .\CortexM0\ARM_GCC_541\Debug\OS2.a(ADC.o) (__aeabi_ldivmod)
c:/program files (x86)/cypress/psoc creator/4.2/psoc creator/import/gnu/arm/5.4.1/bin/../lib/gcc/arm-none-eabi/5.4.1/armv6-m\libgcc.a(_aeabi_uldivmod.o)
                              .\CortexM0\ARM_GCC_541\Debug\cpu_bsp.o (__aeabi_uldivmod)
c:/program files (x86)/cypress/psoc creator/4.2/psoc creator/import/gnu/arm/5.4.1/bin/../lib/gcc/arm-none-eabi/5.4.1/armv6-m\libgcc.a(_muldi3.o)
                              .\CortexM0\ARM_GCC_541\Debug\OS2.a(ADC.o) (__aeabi_lmul)
c:/program files (x86)/cypress/psoc creator/4.2/psoc creator/import/gnu/arm/5.4.1/bin/../lib/gcc/arm-none-eabi/5.4.1/armv6-m\libgcc.a(_udivmoddi4.o)
                              c:/program files (x86)/cypress/psoc creator/4.2/psoc creator/import/gnu/arm/5.4.1/bin/../lib/gcc/arm-none-eabi/5.4.1/armv6-m\libgcc.a(_aeabi_uldivmod.o) (__udivmoddi4)
[...]
Memory Configuration

Name             Origin             Length             Attributes
rom              0x00000000         0x00020000         xr
ram              0x20000000         0x00004000         xrw
*default*        0x00000000         0xffffffff

Linker script and memory map

LOAD c:/program files (x86)/cypress/psoc creator/4.2/psoc creator/import/gnu/arm/5.4.1/bin/../lib/gcc/arm-none-eabi/5.4.1/armv6-m/crti.o
LOAD c:/program files (x86)/cypress/psoc creator/4.2/psoc creator/import/gnu/arm/5.4.1/bin/../lib/gcc/arm-none-eabi/5.4.1/armv6-m/crtbegin.o
LOAD c:/program files (x86)/cypress/psoc creator/4.2/psoc creator/import/gnu/arm/5.4.1/bin/../lib/gcc/arm-none-eabi/5.4.1/../../../../arm-none-eabi/lib/armv6-m/crt0.o
START GROUP
LOAD .\CortexM0\ARM_GCC_541\Debug\app.o
LOAD .\CortexM0\ARM_GCC_541\Debug\app_hooks.o
LOAD .\CortexM0\ARM_GCC_541\Debug\bsp_os.o
LOAD .\CortexM0\ARM_GCC_541\Debug\cpu_bsp.o
LOAD .\CortexM0\ARM_GCC_541\Debug\bsp.o
LOAD .\CortexM0\ARM_GCC_541\Debug\cpu_c.o
LOAD .\CortexM0\ARM_GCC_541\Debug\cpu_core.o
LOAD .\CortexM0\ARM_GCC_541\Debug\os_cpu_c.o
LOAD .\CortexM0\ARM_GCC_541\Debug\os_core.o
LOAD .\CortexM0\ARM_GCC_541\Debug\os_flag.o
LOAD .\CortexM0\ARM_GCC_541\Debug\os_mbox.o
LOAD .\CortexM0\ARM_GCC_541\Debug\os_mem.o
LOAD .\CortexM0\ARM_GCC_541\Debug\os_mutex.o
LOAD .\CortexM0\ARM_GCC_541\Debug\os_q.o
LOAD .\CortexM0\ARM_GCC_541\Debug\os_sem.o
LOAD .\CortexM0\ARM_GCC_541\Debug\os_task.o
LOAD .\CortexM0\ARM_GCC_541\Debug\os_time.o
LOAD .\CortexM0\ARM_GCC_541\Debug\os_tmr.o
LOAD .\CortexM0\ARM_GCC_541\Debug\os_dbg_r.o
LOAD .\CortexM0\ARM_GCC_541\Debug\lib_ascii.o
LOAD .\CortexM0\ARM_GCC_541\Debug\lib_math.o
LOAD .\CortexM0\ARM_GCC_541\Debug\lib_mem.o
LOAD .\CortexM0\ARM_GCC_541\Debug\lib_str.o
LOAD .\CortexM0\ARM_GCC_541\Debug\cyfitter_cfg.o
LOAD .\CortexM0\ARM_GCC_541\Debug\cymetadata.o
LOAD .\CortexM0\ARM_GCC_541\Debug\Cm0Start.o
LOAD .\CortexM0\ARM_GCC_541\Debug\cpu_a.o
LOAD .\CortexM0\ARM_GCC_541\Debug\os_cpu_a.o
LOAD .\CortexM0\ARM_GCC_541\Debug\OS2.a
END GROUP
START GROUP
LOAD c:/program files (x86)/cypress/psoc creator/4.2/psoc creator/import/gnu/arm/5.4.1/bin/../lib/gcc/arm-none-eabi/5.4.1/armv6-m\libgcc.a
LOAD c:/program files (x86)/cypress/psoc creator/4.2/psoc creator/import/gnu/arm/5.4.1/bin/../lib/gcc/arm-none-eabi/5.4.1/../../../../arm-none-eabi/lib/armv6-m\libg_nano.a
LOAD c:/program files (x86)/cypress/psoc creator/4.2/psoc creator/import/gnu/arm/5.4.1/bin/../lib/gcc/arm-none-eabi/5.4.1/../../../../arm-none-eabi/lib/armv6-m\libc_nano.a
END GROUP
START GROUP
LOAD c:/program files (x86)/cypress/psoc creator/4.2/psoc creator/import/gnu/arm/5.4.1/bin/../lib/gcc/arm-none-eabi/5.4.1/armv6-m\libgcc.a
LOAD c:/program files (x86)/cypress/psoc creator/4.2/psoc creator/import/gnu/arm/5.4.1/bin/../lib/gcc/arm-none-eabi/5.4.1/../../../../arm-none-eabi/lib/armv6-m\libc_nano.a
END GROUP
LOAD c:/program files (x86)/cypress/psoc creator/4.2/psoc creator/import/gnu/arm/5.4.1/bin/../lib/gcc/arm-none-eabi/5.4.1/armv6-m/crtend.o
LOAD c:/program files (x86)/cypress/psoc creator/4.2/psoc creator/import/gnu/arm/5.4.1/bin/../lib/gcc/arm-none-eabi/5.4.1/armv6-m/crtn.o
START GROUP
LOAD c:/program files (x86)/cypress/psoc creator/4.2/psoc creator/import/gnu/arm/5.4.1/bin/../lib/gcc/arm-none-eabi/5.4.1/armv6-m\libgcc.a
LOAD c:/program files (x86)/cypress/psoc creator/4.2/psoc creator/import/gnu/arm/5.4.1/bin/../lib/gcc/arm-none-eabi/5.4.1/../../../../arm-none-eabi/lib/armv6-m\libc.a
LOAD c:/program files (x86)/cypress/psoc creator/4.2/psoc creator/import/gnu/arm/5.4.1/bin/../lib/gcc/arm-none-eabi/5.4.1/../../../../arm-none-eabi/lib/armv6-m\libnosys.a
END GROUP
                0x00000000                CY_APPL_ORIGIN = 0x0
                0x00000080                CY_FLASH_ROW_SIZE = 0x80
                0x00000001                CY_APPL_NUM = 0x1
                0x00000001                CY_APPL_MAX = 0x1
                0x00000040                CY_METADATA_SIZE = 0x40
                0x00000000                CY_APPL_LOADABLE = 0x0
                0x00000000                CY_CHECKSUM_EXCLUDE_SIZE = ALIGN (0x0, CY_FLASH_ROW_SIZE)
                0x00000000                CY_APP_FOR_STACK_AND_COPIER = 0x0
                [!provide]                PROVIDE (__cy_heap_start, _end)
                0x00000001                PROVIDE (__cy_region_num, ((__cy_regions_end - __cy_regions) / 0x10))
                0x20004000                PROVIDE (__cy_stack, (ORIGIN (ram) + LENGTH (ram)))
                [!provide]                PROVIDE (__cy_heap_end, (__cy_stack - 0x800))

.cybootloader   0x00000000        0x0
 *(.cybootloader)
                0x00000000                appl1_start = CY_APPL_ORIGIN?CY_APPL_ORIGIN:ALIGN (CY_FLASH_ROW_SIZE)
                0x0000ff80                appl2_start = (appl1_start + ALIGN ((((LENGTH (rom) - appl1_start) - (0x2 * CY_FLASH_ROW_SIZE)) / 0x2), CY_FLASH_ROW_SIZE))
                0x00000000                appl_start = (CY_APPL_NUM == 0x1)?appl1_start:appl2_start
                0x00000001                cy_project_type_bootloader = (appl_start == 0x0)?0x1:0x0
                0x00000000                cy_project_type_app_for_stack_and_copier = (CY_APP_FOR_STACK_AND_COPIER == 0x1)?0x1:0x0

.text           0x00000000    0x12f16
 CREATE_OBJECT_SYMBOLS
                0x00000000                PROVIDE (__cy_interrupt_vector, RomVectors)
 *(.romvectors)
 .romvectors    0x00000000       0x10 .\CortexM0\ARM_GCC_541\Debug\Cm0Start.o
                0x00000000                RomVectors
                0x00000001                ASSERT ((. != __cy_interrupt_vector), No interrupt vector)
                0x00000001                ASSERT (CY_APPL_ORIGIN?(SIZEOF (.cybootloader) <= CY_APPL_ORIGIN):0x1, Wrong image location)
                0x00000010                PROVIDE (__cy_reset, Reset)
 *(.text.Reset)
 .text.Reset    0x00000010        0x8 .\CortexM0\ARM_GCC_541\Debug\Cm0Start.o
                0x00000010                Reset
                0x00000001                ASSERT ((. != __cy_reset), No reset code)
 *(.psocinit)
 .psocinit      0x00000018      0x340 .\CortexM0\ARM_GCC_541\Debug\cyfitter_cfg.o
                0x00000110                cyfitter_cfg
                0x00000358                . = MAX (., 0x100)
 *(.text .text.* .gnu.linkonce.t.*)
 .text          0x00000358        0x0 c:/program files (x86)/cypress/psoc creator/4.2/psoc creator/import/gnu/arm/5.4.1/bin/../lib/gcc/arm-none-eabi/5.4.1/armv6-m/crti.o
 .text          0x00000358       0x60 c:/program files (x86)/cypress/psoc creator/4.2/psoc creator/import/gnu/arm/5.4.1/bin/../lib/gcc/arm-none-eabi/5.4.1/armv6-m/crtbegin.o
 .text          0x000003b8       0x78 c:/program files (x86)/cypress/psoc creator/4.2/psoc creator/import/gnu/arm/5.4.1/bin/../lib/gcc/arm-none-eabi/5.4.1/../../../../arm-none-eabi/lib/armv6-m/crt0.o
                0x000003b8                _start
                0x000003b8                _mainCRTStartup
 .text          0x00000430        0x0 .\CortexM0\ARM_GCC_541\Debug\app.o
 .text.main     0x00000430       0x60 .\CortexM0\ARM_GCC_541\Debug\app.o
                0x00000430                main
 .text.App_TaskStart
                0x00000490       0xd0 .\CortexM0\ARM_GCC_541\Debug\app.o
 .text.App_TaskCreate
                0x00000560       0x4c .\CortexM0\ARM_GCC_541\Debug\app.o
 .text.App_ObjCreate
                0x000005ac        0xc .\CortexM0\ARM_GCC_541\Debug\app.o
 .text.App_Demo_SensorTask
                0x000005b8       0xe8 .\CortexM0\ARM_GCC_541\Debug\app.o
 .text          0x000006a0        0x0 .\CortexM0\ARM_GCC_541\Debug\app_hooks.o
 .text.App_TaskCreateHook
                0x000006a0       0x10 .\CortexM0\ARM_GCC_541\Debug\app_hooks.o
                0x000006a0                App_TaskCreateHook
 .text.App_TaskDelHook
                0x000006b0       0x10 .\CortexM0\ARM_GCC_541\Debug\app_hooks.o
                0x000006b0                App_TaskDelHook
 .text.App_TaskIdleHook
                0x000006c0        0xc .\CortexM0\ARM_GCC_541\Debug\app_hooks.o
                0x000006c0                App_TaskIdleHook
 .text.App_TaskStatHook
                0x000006cc        0xc .\CortexM0\ARM_GCC_541\Debug\app_hooks.o
                0x000006cc                App_TaskStatHook
 .text.App_TaskReturnHook
                0x000006d8       0x10 .\CortexM0\ARM_GCC_541\Debug\app_hooks.o
                0x000006d8                App_TaskReturnHook
 .text.App_TaskSwHook
                0x000006e8        0xc .\CortexM0\ARM_GCC_541\Debug\app_hooks.o
                0x000006e8                App_TaskSwHook
 .text.App_TCBInitHook
                0x000006f4       0x10 .\CortexM0\ARM_GCC_541\Debug\app_hooks.o
                0x000006f4                App_TCBInitHook
 .text.App_TimeTickHook
                0x00000704        0xc .\CortexM0\ARM_GCC_541\Debug\app_hooks.o
                0x00000704                App_TimeTickHook
 .text          0x00000710        0x0 .\CortexM0\ARM_GCC_541\Debug\bsp_os.o
 .text.BSP_OS_SemCreate
                0x00000710       0x4c .\CortexM0\ARM_GCC_541\Debug\bsp_os.o
                0x00000710                BSP_OS_SemCreate
 .text.BSP_OS_SemWait
                0x0000075c       0x48 .\CortexM0\ARM_GCC_541\Debug\bsp_os.o
                0x0000075c                BSP_OS_SemWait
 .text.BSP_OS_SemPost
                0x000007a4       0x34 .\CortexM0\ARM_GCC_541\Debug\bsp_os.o
                0x000007a4                BSP_OS_SemPost
 .text.BSP_OS_TimeDlyMs
                0x000007d8       0x80 .\CortexM0\ARM_GCC_541\Debug\bsp_os.o
                0x000007d8                BSP_OS_TimeDlyMs
 .text.BSP_OS_TimeDly
                0x00000858       0x18 .\CortexM0\ARM_GCC_541\Debug\bsp_os.o
                0x00000858                BSP_OS_TimeDly
 .text          0x00000870        0x0 .\CortexM0\ARM_GCC_541\Debug\cpu_bsp.o
 .text.CPU_TS_TmrInit
                0x00000870       0x40 .\CortexM0\ARM_GCC_541\Debug\cpu_bsp.o
                0x00000870                CPU_TS_TmrInit
 .text.CPU_TS_TmrRd
                0x000008b0       0x1c .\CortexM0\ARM_GCC_541\Debug\cpu_bsp.o
                0x000008b0                CPU_TS_TmrRd
 .text.CPU_TS32_to_uSec
                0x000008cc       0x50 .\CortexM0\ARM_GCC_541\Debug\cpu_bsp.o
                0x000008cc                CPU_TS32_to_uSec
 .text          0x0000091c        0x0 .\CortexM0\ARM_GCC_541\Debug\bsp.o
 .text.BSP_Init
                0x0000091c       0x5c .\CortexM0\ARM_GCC_541\Debug\bsp.o
                0x0000091c                BSP_Init
 .text.BSP_CPU_TickInit
                0x00000978       0x20 .\CortexM0\ARM_GCC_541\Debug\bsp.o
                0x00000978                BSP_CPU_TickInit
 .text.BSP_CPU_ClkFreq
                0x00000998       0x10 .\CortexM0\ARM_GCC_541\Debug\bsp.o
                0x00000998                BSP_CPU_ClkFreq
 .text.BSP_RGB_On
                0x000009a8       0x18 .\CortexM0\ARM_GCC_541\Debug\bsp.o
                0x000009a8                BSP_RGB_On
 .text.BSP_RGB_Off
                0x000009c0       0x24 .\CortexM0\ARM_GCC_541\Debug\bsp.o
                0x000009c0                BSP_RGB_Off
 .text.BSP_RGB_ColorSet
                0x000009e4       0xe0 .\CortexM0\ARM_GCC_541\Debug\bsp.o
                0x000009e4                BSP_RGB_ColorSet
 .text.BSP_RGB_ColorRead
                0x00000ac4       0x9c .\CortexM0\ARM_GCC_541\Debug\bsp.o
                0x00000ac4                BSP_RGB_ColorRead
 .text.BSP_PB_StatusGet
                0x00000b60       0x30 .\CortexM0\ARM_GCC_541\Debug\bsp.o
                0x00000b60                BSP_PB_StatusGet
 .text.BSP_Accel_Init
                0x00000b90       0xec .\CortexM0\ARM_GCC_541\Debug\bsp.o
                0x00000b90                BSP_Accel_Init
 .text.BSP_Accel_InitSelfTst
                0x00000c7c       0xd0 .\CortexM0\ARM_GCC_541\Debug\bsp.o
 .text.BSP_Accel_RegRdWr
                0x00000d4c       0xd4 .\CortexM0\ARM_GCC_541\Debug\bsp.o
 .text.BSP_Accel_Rd
                0x00000e20      0x1b8 .\CortexM0\ARM_GCC_541\Debug\bsp.o
                0x00000e20                BSP_Accel_Rd
 .text.BSP_Accel_ISR_Handler
                0x00000fd8       0x20 .\CortexM0\ARM_GCC_541\Debug\bsp.o
                0x00000fd8                BSP_Accel_ISR_Handler
 .text          0x00000ff8        0x0 .\CortexM0\ARM_GCC_541\Debug\cpu_c.o
 .text.CPU_BitBandClr
                0x00000ff8       0x88 .\CortexM0\ARM_GCC_541\Debug\cpu_c.o
                0x00000ff8                CPU_BitBandClr
 .text.CPU_BitBandSet
                0x00001080       0x88 .\CortexM0\ARM_GCC_541\Debug\cpu_c.o
                0x00001080                CPU_BitBandSet
 .text.CPU_IntSrcDis
                0x00001108       0xfc .\CortexM0\ARM_GCC_541\Debug\cpu_c.o
                0x00001108                CPU_IntSrcDis
 .text.CPU_IntSrcEn
                0x00001204       0xfc .\CortexM0\ARM_GCC_541\Debug\cpu_c.o
                0x00001204                CPU_IntSrcEn
 .text.CPU_IntSrcPendClr
                0x00001300       0xd4 .\CortexM0\ARM_GCC_541\Debug\cpu_c.o
                0x00001300                CPU_IntSrcPendClr
 .text.CPU_IntSrcPrioSet
                0x000013d4      0x1d0 .\CortexM0\ARM_GCC_541\Debug\cpu_c.o
                0x000013d4                CPU_IntSrcPrioSet
 .text.CPU_IntSrcPrioGet
                0x000015a4      0x1ac .\CortexM0\ARM_GCC_541\Debug\cpu_c.o
                0x000015a4                CPU_IntSrcPrioGet
 .text.CPU_RevBits
                0x00001750       0x68 .\CortexM0\ARM_GCC_541\Debug\cpu_c.o
                0x00001750                CPU_RevBits
 .text          0x000017b8        0x0 .\CortexM0\ARM_GCC_541\Debug\cpu_core.o
 .text.CPU_Init
                0x000017b8       0x18 .\CortexM0\ARM_GCC_541\Debug\cpu_core.o
                0x000017b8                CPU_Init
 .text.CPU_SW_Exception
                0x000017d0        0x8 .\CortexM0\ARM_GCC_541\Debug\cpu_core.o
                0x000017d0                CPU_SW_Exception
 .text.CPU_NameClr
                0x000017d8       0x38 .\CortexM0\ARM_GCC_541\Debug\cpu_core.o
                0x000017d8                CPU_NameClr
 .text.CPU_NameGet
                0x00001810       0x5c .\CortexM0\ARM_GCC_541\Debug\cpu_core.o
                0x00001810                CPU_NameGet
 .text.CPU_NameSet
                0x0000186c       0x78 .\CortexM0\ARM_GCC_541\Debug\cpu_core.o
                0x0000186c                CPU_NameSet
 .text.CPU_TS_Get32
                0x000018e4       0x18 .\CortexM0\ARM_GCC_541\Debug\cpu_core.o
                0x000018e4                CPU_TS_Get32
 .text.CPU_TS_Update
                0x000018fc        0xc .\CortexM0\ARM_GCC_541\Debug\cpu_core.o
                0x000018fc                CPU_TS_Update
 .text.CPU_TS_TmrFreqGet
                0x00001908       0x38 .\CortexM0\ARM_GCC_541\Debug\cpu_core.o
                0x00001908                CPU_TS_TmrFreqGet
 .text.CPU_TS_TmrFreqSet
                0x00001940       0x1c .\CortexM0\ARM_GCC_541\Debug\cpu_core.o
                0x00001940                CPU_TS_TmrFreqSet
 .text.CPU_IntDisMeasMaxCurReset
                0x0000195c       0x38 .\CortexM0\ARM_GCC_541\Debug\cpu_core.o
                0x0000195c                CPU_IntDisMeasMaxCurReset
 .text.CPU_IntDisMeasMaxCurGet
                0x00001994       0x3c .\CortexM0\ARM_GCC_541\Debug\cpu_core.o
                0x00001994                CPU_IntDisMeasMaxCurGet
 .text.CPU_IntDisMeasMaxGet
                0x000019d0       0x3c .\CortexM0\ARM_GCC_541\Debug\cpu_core.o
                0x000019d0                CPU_IntDisMeasMaxGet
 .text.CPU_IntDisMeasStart
                0x00001a0c       0x40 .\CortexM0\ARM_GCC_541\Debug\cpu_core.o
                0x00001a0c                CPU_IntDisMeasStart
 .text.CPU_IntDisMeasStop
                0x00001a4c       0x6c .\CortexM0\ARM_GCC_541\Debug\cpu_core.o
                0x00001a4c                CPU_IntDisMeasStop
 .text.CPU_CntLeadZeros
                0x00001ab8       0x20 .\CortexM0\ARM_GCC_541\Debug\cpu_core.o
                0x00001ab8                CPU_CntLeadZeros
 .text.CPU_CntLeadZeros08
                0x00001ad8       0x2c .\CortexM0\ARM_GCC_541\Debug\cpu_core.o
                0x00001ad8                CPU_CntLeadZeros08
 .text.CPU_CntLeadZeros16
                0x00001b04       0x4c .\CortexM0\ARM_GCC_541\Debug\cpu_core.o
                0x00001b04                CPU_CntLeadZeros16
 .text.CPU_CntLeadZeros32
                0x00001b50       0x80 .\CortexM0\ARM_GCC_541\Debug\cpu_core.o
                0x00001b50                CPU_CntLeadZeros32
 .text.CPU_CntLeadZeros64
                0x00001bd0      0x168 .\CortexM0\ARM_GCC_541\Debug\cpu_core.o
                0x00001bd0                CPU_CntLeadZeros64
 .text.CPU_CntTrailZeros
                0x00001d38       0x3c .\CortexM0\ARM_GCC_541\Debug\cpu_core.o
                0x00001d38                CPU_CntTrailZeros
 .text.CPU_CntTrailZeros08
                0x00001d74       0x50 .\CortexM0\ARM_GCC_541\Debug\cpu_core.o
                0x00001d74                CPU_CntTrailZeros08
 .text.CPU_CntTrailZeros16
                0x00001dc4       0x50 .\CortexM0\ARM_GCC_541\Debug\cpu_core.o
                0x00001dc4                CPU_CntTrailZeros16
 .text.CPU_CntTrailZeros32
                0x00001e14       0x3c .\CortexM0\ARM_GCC_541\Debug\cpu_core.o
                0x00001e14                CPU_CntTrailZeros32
 .text.CPU_CntTrailZeros64
                0x00001e50       0x50 .\CortexM0\ARM_GCC_541\Debug\cpu_core.o
                0x00001e50                CPU_CntTrailZeros64
 .text.CPU_PopCnt32
                0x00001ea0       0x78 .\CortexM0\ARM_GCC_541\Debug\cpu_core.o
                0x00001ea0                CPU_PopCnt32
 .text.CPU_NameInit
                0x00001f18       0x10 .\CortexM0\ARM_GCC_541\Debug\cpu_core.o
 .text.CPU_TS_Init
                0x00001f28       0x18 .\CortexM0\ARM_GCC_541\Debug\cpu_core.o
 .text.CPU_IntDisMeasInit
                0x00001f40       0xb8 .\CortexM0\ARM_GCC_541\Debug\cpu_core.o
 .text.CPU_IntDisMeasMaxCalc
                0x00001ff8       0x34 .\CortexM0\ARM_GCC_541\Debug\cpu_core.o
 .text          0x0000202c        0x0 .\CortexM0\ARM_GCC_541\Debug\os_cpu_c.o
 .text.OSInitHookBegin
                0x0000202c       0x5c .\CortexM0\ARM_GCC_541\Debug\os_cpu_c.o
                0x0000202c                OSInitHookBegin
 .text.OSInitHookEnd
                0x00002088        0xc .\CortexM0\ARM_GCC_541\Debug\os_cpu_c.o
                0x00002088                OSInitHookEnd
 .text.OSTaskCreateHook
                0x00002094       0x18 .\CortexM0\ARM_GCC_541\Debug\os_cpu_c.o
                0x00002094                OSTaskCreateHook
 .text.OSTaskDelHook
                0x000020ac       0x18 .\CortexM0\ARM_GCC_541\Debug\os_cpu_c.o
                0x000020ac                OSTaskDelHook
 .text.OSTaskIdleHook
                0x000020c4       0x10 .\CortexM0\ARM_GCC_541\Debug\os_cpu_c.o
                0x000020c4                OSTaskIdleHook
 .text.OSTaskReturnHook
                0x000020d4       0x18 .\CortexM0\ARM_GCC_541\Debug\os_cpu_c.o
                0x000020d4                OSTaskReturnHook
 .text.OSTaskStatHook
                0x000020ec       0x10 .\CortexM0\ARM_GCC_541\Debug\os_cpu_c.o
                0x000020ec                OSTaskStatHook
 .text.OSTaskStkInit
                0x000020fc      0x130 .\CortexM0\ARM_GCC_541\Debug\os_cpu_c.o
                0x000020fc                OSTaskStkInit
 .text.OSTaskSwHook
                0x0000222c       0x10 .\CortexM0\ARM_GCC_541\Debug\os_cpu_c.o
                0x0000222c                OSTaskSwHook
 .text.OSTCBInitHook
                0x0000223c       0x18 .\CortexM0\ARM_GCC_541\Debug\os_cpu_c.o
                0x0000223c                OSTCBInitHook
 .text.OSTimeTickHook
                0x00002254       0x30 .\CortexM0\ARM_GCC_541\Debug\os_cpu_c.o
                0x00002254                OSTimeTickHook
 .text.SysTick_Handler
                0x00002284       0x2c .\CortexM0\ARM_GCC_541\Debug\os_cpu_c.o
                0x00002284                SysTick_Handler
 .text.OS_CPU_SysTickInit
                0x000022b0       0x60 .\CortexM0\ARM_GCC_541\Debug\os_cpu_c.o
                0x000022b0                OS_CPU_SysTickInit
 .text          0x00002310        0x0 .\CortexM0\ARM_GCC_541\Debug\os_core.o
 .text.OSEventNameGet
                0x00002310       0x9c .\CortexM0\ARM_GCC_541\Debug\os_core.o
                0x00002310                OSEventNameGet
 .text.OSEventNameSet
                0x000023ac       0x78 .\CortexM0\ARM_GCC_541\Debug\os_core.o
                0x000023ac                OSEventNameSet
 .text.OSEventPendMulti
                0x00002424      0x3f4 .\CortexM0\ARM_GCC_541\Debug\os_core.o
                0x00002424                OSEventPendMulti
 .text.OSInit   0x00002818       0x40 .\CortexM0\ARM_GCC_541\Debug\os_core.o
                0x00002818                OSInit
 .text.OSIntEnter
                0x00002858       0x30 .\CortexM0\ARM_GCC_541\Debug\os_core.o
                0x00002858                OSIntEnter
 .text.OSIntExit
                0x00002888       0xa8 .\CortexM0\ARM_GCC_541\Debug\os_core.o
                0x00002888                OSIntExit
 .text.OSSchedLock
                0x00002930       0x54 .\CortexM0\ARM_GCC_541\Debug\os_core.o
                0x00002930                OSSchedLock
 .text.OSSchedUnlock
                0x00002984       0x7c .\CortexM0\ARM_GCC_541\Debug\os_core.o
                0x00002984                OSSchedUnlock
 .text.OSStart  0x00002a00       0x54 .\CortexM0\ARM_GCC_541\Debug\os_core.o
                0x00002a00                OSStart
 .text.OSStatInit
                0x00002a54       0x60 .\CortexM0\ARM_GCC_541\Debug\os_core.o
                0x00002a54                OSStatInit
 .text.OSTimeTick
                0x00002ab4      0x158 .\CortexM0\ARM_GCC_541\Debug\os_core.o
                0x00002ab4                OSTimeTick
 .text.OSVersion
                0x00002c0c       0x10 .\CortexM0\ARM_GCC_541\Debug\os_core.o
                0x00002c0c                OSVersion
 .text.OS_Dummy
                0x00002c1c        0xc .\CortexM0\ARM_GCC_541\Debug\os_core.o
                0x00002c1c                OS_Dummy
 .text.OS_EventTaskRdy
                0x00002c28      0x118 .\CortexM0\ARM_GCC_541\Debug\os_core.o
                0x00002c28                OS_EventTaskRdy
 .text.OS_EventTaskWait
                0x00002d40       0xbc .\CortexM0\ARM_GCC_541\Debug\os_core.o
                0x00002d40                OS_EventTaskWait
 .text.OS_EventTaskWaitMulti
                0x00002dfc       0xe4 .\CortexM0\ARM_GCC_541\Debug\os_core.o
                0x00002dfc                OS_EventTaskWaitMulti
 .text.OS_EventTaskRemove
                0x00002ee0       0x74 .\CortexM0\ARM_GCC_541\Debug\os_core.o
                0x00002ee0                OS_EventTaskRemove
 .text.OS_EventTaskRemoveMulti
                0x00002f54       0xa4 .\CortexM0\ARM_GCC_541\Debug\os_core.o
                0x00002f54                OS_EventTaskRemoveMulti
 .text.OS_EventWaitListInit
                0x00002ff8       0x48 .\CortexM0\ARM_GCC_541\Debug\os_core.o
                0x00002ff8                OS_EventWaitListInit
 .text.OS_InitEventList
                0x00003040       0xc0 .\CortexM0\ARM_GCC_541\Debug\os_core.o
 .text.OS_InitMisc
                0x00003100       0x78 .\CortexM0\ARM_GCC_541\Debug\os_core.o
 .text.OS_InitRdyList
                0x00003178       0x68 .\CortexM0\ARM_GCC_541\Debug\os_core.o
 .text.OS_InitTaskIdle
                0x000031e0       0x50 .\CortexM0\ARM_GCC_541\Debug\os_core.o
 .text.OS_InitTaskStat
                0x00003230       0x50 .\CortexM0\ARM_GCC_541\Debug\os_core.o
 .text.OS_InitTCBList
                0x00003280       0xc4 .\CortexM0\ARM_GCC_541\Debug\os_core.o
 .text.OS_MemClr
                0x00003344       0x34 .\CortexM0\ARM_GCC_541\Debug\os_core.o
                0x00003344                OS_MemClr
 .text.OS_MemCopy
                0x00003378       0x3c .\CortexM0\ARM_GCC_541\Debug\os_core.o
                0x00003378                OS_MemCopy
 .text.OS_Sched
                0x000033b4       0x88 .\CortexM0\ARM_GCC_541\Debug\os_core.o
                0x000033b4                OS_Sched
 .text.OS_SchedNew
                0x0000343c       0x4c .\CortexM0\ARM_GCC_541\Debug\os_core.o
 .text.OS_StrLen
                0x00003488       0x48 .\CortexM0\ARM_GCC_541\Debug\os_core.o
                0x00003488                OS_StrLen
 .text.OS_TaskIdle
                0x000034d0       0x30 .\CortexM0\ARM_GCC_541\Debug\os_core.o
                0x000034d0                OS_TaskIdle
 .text.OS_TaskStat
                0x00003500       0xc0 .\CortexM0\ARM_GCC_541\Debug\os_core.o
                0x00003500                OS_TaskStat
 .text.OS_TaskStatStkChk
                0x000035c0       0x88 .\CortexM0\ARM_GCC_541\Debug\os_core.o
                0x000035c0                OS_TaskStatStkChk
 .text.OS_TCBInit
                0x00003648      0x22c .\CortexM0\ARM_GCC_541\Debug\os_core.o
                0x00003648                OS_TCBInit
 .text          0x00003874        0x0 .\CortexM0\ARM_GCC_541\Debug\os_flag.o
 .text.OSFlagAccept
                0x00003874      0x218 .\CortexM0\ARM_GCC_541\Debug\os_flag.o
                0x00003874                OSFlagAccept
 .text.OSFlagCreate
                0x00003a8c       0x90 .\CortexM0\ARM_GCC_541\Debug\os_flag.o
                0x00003a8c                OSFlagCreate
 .text.OSFlagDel
                0x00003b1c      0x15c .\CortexM0\ARM_GCC_541\Debug\os_flag.o
                0x00003b1c                OSFlagDel
 .text.OSFlagNameGet
                0x00003c78       0xa0 .\CortexM0\ARM_GCC_541\Debug\os_flag.o
                0x00003c78                OSFlagNameGet
 .text.OSFlagNameSet
                0x00003d18       0x7c .\CortexM0\ARM_GCC_541\Debug\os_flag.o
                0x00003d18                OSFlagNameSet
 .text.OSFlagPend
                0x00003d94      0x410 .\CortexM0\ARM_GCC_541\Debug\os_flag.o
                0x00003d94                OSFlagPend
 .text.OSFlagPendGetFlagsRdy
                0x000041a4       0x34 .\CortexM0\ARM_GCC_541\Debug\os_flag.o
                0x000041a4                OSFlagPendGetFlagsRdy
 .text.OSFlagPost
                0x000041d8      0x268 .\CortexM0\ARM_GCC_541\Debug\os_flag.o
                0x000041d8                OSFlagPost
 .text.OSFlagQuery
                0x00004440       0x60 .\CortexM0\ARM_GCC_541\Debug\os_flag.o
                0x00004440                OSFlagQuery
 .text.OS_FlagBlock
                0x000044a0       0xf8 .\CortexM0\ARM_GCC_541\Debug\os_flag.o
 .text.OS_FlagInit
                0x00004598       0xa8 .\CortexM0\ARM_GCC_541\Debug\os_flag.o
                0x00004598                OS_FlagInit
 .text.OS_FlagTaskRdy
                0x00004640       0xb8 .\CortexM0\ARM_GCC_541\Debug\os_flag.o
 .text.OS_FlagUnlink
                0x000046f8       0x5c .\CortexM0\ARM_GCC_541\Debug\os_flag.o
                0x000046f8                OS_FlagUnlink
 .text          0x00004754        0x0 .\CortexM0\ARM_GCC_541\Debug\os_mbox.o
 .text.OSMboxAccept
                0x00004754       0x48 .\CortexM0\ARM_GCC_541\Debug\os_mbox.o
                0x00004754                OSMboxAccept
 .text.OSMboxCreate
                0x0000479c       0x7c .\CortexM0\ARM_GCC_541\Debug\os_mbox.o
                0x0000479c                OSMboxCreate
 .text.OSMboxDel
                0x00004818      0x150 .\CortexM0\ARM_GCC_541\Debug\os_mbox.o
                0x00004818                OSMboxDel
 .text.OSMboxPend
                0x00004968      0x158 .\CortexM0\ARM_GCC_541\Debug\os_mbox.o
                0x00004968                OSMboxPend
 .text.OSMboxPendAbort
                0x00004ac0       0xd0 .\CortexM0\ARM_GCC_541\Debug\os_mbox.o
                0x00004ac0                OSMboxPendAbort
 .text.OSMboxPost
                0x00004b90       0x88 .\CortexM0\ARM_GCC_541\Debug\os_mbox.o
                0x00004b90                OSMboxPost
 .text.OSMboxPostOpt
                0x00004c18       0xb8 .\CortexM0\ARM_GCC_541\Debug\os_mbox.o
                0x00004c18                OSMboxPostOpt
 .text.OSMboxQuery
                0x00004cd0       0x98 .\CortexM0\ARM_GCC_541\Debug\os_mbox.o
                0x00004cd0                OSMboxQuery
 .text          0x00004d68        0x0 .\CortexM0\ARM_GCC_541\Debug\os_mem.o
 .text.OSMemCreate
                0x00004d68       0xf8 .\CortexM0\ARM_GCC_541\Debug\os_mem.o
                0x00004d68                OSMemCreate
 .text.OSMemGet
                0x00004e60       0x70 .\CortexM0\ARM_GCC_541\Debug\os_mem.o
                0x00004e60                OSMemGet
 .text.OSMemNameGet
                0x00004ed0       0x84 .\CortexM0\ARM_GCC_541\Debug\os_mem.o
                0x00004ed0                OSMemNameGet
 .text.OSMemNameSet
                0x00004f54       0x64 .\CortexM0\ARM_GCC_541\Debug\os_mem.o
                0x00004f54                OSMemNameSet
 .text.OSMemPut
                0x00004fb8       0x6c .\CortexM0\ARM_GCC_541\Debug\os_mem.o
                0x00004fb8                OSMemPut
 .text.OSMemQuery
                0x00005024       0x74 .\CortexM0\ARM_GCC_541\Debug\os_mem.o
                0x00005024                OSMemQuery
 .text.OS_MemInit
                0x00005098       0x90 .\CortexM0\ARM_GCC_541\Debug\os_mem.o
                0x00005098                OS_MemInit
 .text          0x00005128        0x0 .\CortexM0\ARM_GCC_541\Debug\os_mutex.o
 .text.OSMutexAccept
                0x00005128       0xf0 .\CortexM0\ARM_GCC_541\Debug\os_mutex.o
                0x00005128                OSMutexAccept
 .text.OSMutexCreate
                0x00005218      0x10c .\CortexM0\ARM_GCC_541\Debug\os_mutex.o
                0x00005218                OSMutexCreate
 .text.OSMutexDel
                0x00005324      0x1f0 .\CortexM0\ARM_GCC_541\Debug\os_mutex.o
                0x00005324                OSMutexDel
 .text.OSMutexPend
                0x00005514      0x3a8 .\CortexM0\ARM_GCC_541\Debug\os_mutex.o
                0x00005514                OSMutexPend
 .text.OSMutexPost
                0x000058bc      0x15c .\CortexM0\ARM_GCC_541\Debug\os_mutex.o
                0x000058bc                OSMutexPost
 .text.OSMutexQuery
                0x00005a18       0xcc .\CortexM0\ARM_GCC_541\Debug\os_mutex.o
                0x00005a18                OSMutexQuery
 .text.OSMutex_RdyAtPrio
                0x00005ae4      0x118 .\CortexM0\ARM_GCC_541\Debug\os_mutex.o
 .text          0x00005bfc        0x0 .\CortexM0\ARM_GCC_541\Debug\os_q.o
 .text.OSQAccept
                0x00005bfc       0x98 .\CortexM0\ARM_GCC_541\Debug\os_q.o
                0x00005bfc                OSQAccept
 .text.OSQCreate
                0x00005c94       0xf8 .\CortexM0\ARM_GCC_541\Debug\os_q.o
                0x00005c94                OSQCreate
 .text.OSQDel   0x00005d8c      0x17c .\CortexM0\ARM_GCC_541\Debug\os_q.o
                0x00005d8c                OSQDel
 .text.OSQFlush
                0x00005f08       0x58 .\CortexM0\ARM_GCC_541\Debug\os_q.o
                0x00005f08                OSQFlush
 .text.OSQPend  0x00005f60      0x184 .\CortexM0\ARM_GCC_541\Debug\os_q.o
                0x00005f60                OSQPend
 .text.OSQPendAbort
                0x000060e4       0xd0 .\CortexM0\ARM_GCC_541\Debug\os_q.o
                0x000060e4                OSQPendAbort
 .text.OSQPost  0x000061b4       0xb0 .\CortexM0\ARM_GCC_541\Debug\os_q.o
                0x000061b4                OSQPost
 .text.OSQPostFront
                0x00006264       0xb4 .\CortexM0\ARM_GCC_541\Debug\os_q.o
                0x00006264                OSQPostFront
 .text.OSQPostOpt
                0x00006318      0x110 .\CortexM0\ARM_GCC_541\Debug\os_q.o
                0x00006318                OSQPostOpt
 .text.OSQQuery
                0x00006428       0xc0 .\CortexM0\ARM_GCC_541\Debug\os_q.o
                0x00006428                OSQQuery
 .text.OS_QInit
                0x000064e8       0xa0 .\CortexM0\ARM_GCC_541\Debug\os_q.o
                0x000064e8                OS_QInit
 .text          0x00006588        0x0 .\CortexM0\ARM_GCC_541\Debug\os_sem.o
 .text.OSSemAccept
                0x00006588       0x60 .\CortexM0\ARM_GCC_541\Debug\os_sem.o
                0x00006588                OSSemAccept
 .text.OSSemCreate
                0x000065e8       0x84 .\CortexM0\ARM_GCC_541\Debug\os_sem.o
                0x000065e8                OSSemCreate
 .text.OSSemDel
                0x0000666c      0x150 .\CortexM0\ARM_GCC_541\Debug\os_sem.o
                0x0000666c                OSSemDel
 .text.OSSemPend
                0x000067bc      0x134 .\CortexM0\ARM_GCC_541\Debug\os_sem.o
                0x000067bc                OSSemPend
 .text.OSSemPendAbort
                0x000068f0       0xd0 .\CortexM0\ARM_GCC_541\Debug\os_sem.o
                0x000068f0                OSSemPendAbort
 .text.OSSemPost
                0x000069c0       0x88 .\CortexM0\ARM_GCC_541\Debug\os_sem.o
                0x000069c0                OSSemPost
 .text.OSSemQuery
                0x00006a48       0x98 .\CortexM0\ARM_GCC_541\Debug\os_sem.o
                0x00006a48                OSSemQuery
 .text.OSSemSet
                0x00006ae0       0x80 .\CortexM0\ARM_GCC_541\Debug\os_sem.o
                0x00006ae0                OSSemSet
 .text          0x00006b60        0x0 .\CortexM0\ARM_GCC_541\Debug\os_task.o
 .text.OSTaskChangePrio
                0x00006b60      0x348 .\CortexM0\ARM_GCC_541\Debug\os_task.o
                0x00006b60                OSTaskChangePrio
 .text.OSTaskCreate
                0x00006ea8       0xec .\CortexM0\ARM_GCC_541\Debug\os_task.o
                0x00006ea8                OSTaskCreate
 .text.OSTaskCreateExt
                0x00006f94      0x10c .\CortexM0\ARM_GCC_541\Debug\os_task.o
                0x00006f94                OSTaskCreateExt
 .text.OSTaskDel
                0x000070a0      0x214 .\CortexM0\ARM_GCC_541\Debug\os_task.o
                0x000070a0                OSTaskDel
 .text.OSTaskDelReq
                0x000072b4       0xb8 .\CortexM0\ARM_GCC_541\Debug\os_task.o
                0x000072b4                OSTaskDelReq
 .text.OSTaskNameGet
                0x0000736c       0xf8 .\CortexM0\ARM_GCC_541\Debug\os_task.o
                0x0000736c                OSTaskNameGet
 .text.OSTaskNameSet
                0x00007464       0xd0 .\CortexM0\ARM_GCC_541\Debug\os_task.o
                0x00007464                OSTaskNameSet
 .text.OSTaskResume
                0x00007534      0x10c .\CortexM0\ARM_GCC_541\Debug\os_task.o
                0x00007534                OSTaskResume
 .text.OSTaskStkChk
                0x00007640       0xf0 .\CortexM0\ARM_GCC_541\Debug\os_task.o
                0x00007640                OSTaskStkChk
 .text.OSTaskSuspend
                0x00007730      0x13c .\CortexM0\ARM_GCC_541\Debug\os_task.o
                0x00007730                OSTaskSuspend
 .text.OSTaskQuery
                0x0000786c       0xa4 .\CortexM0\ARM_GCC_541\Debug\os_task.o
                0x0000786c                OSTaskQuery
 .text.OSTaskRegGet
                0x00007910       0x9c .\CortexM0\ARM_GCC_541\Debug\os_task.o
                0x00007910                OSTaskRegGet
 .text.OSTaskRegGetID
                0x000079ac       0x64 .\CortexM0\ARM_GCC_541\Debug\os_task.o
                0x000079ac                OSTaskRegGetID
 .text.OSTaskRegSet
                0x00007a10       0xa4 .\CortexM0\ARM_GCC_541\Debug\os_task.o
                0x00007a10                OSTaskRegSet
 .text.OS_TaskReturn
                0x00007ab4       0x20 .\CortexM0\ARM_GCC_541\Debug\os_task.o
                0x00007ab4                OS_TaskReturn
 .text.OS_TaskStkClr
                0x00007ad4       0x44 .\CortexM0\ARM_GCC_541\Debug\os_task.o
                0x00007ad4                OS_TaskStkClr
 .text          0x00007b18        0x0 .\CortexM0\ARM_GCC_541\Debug\os_time.o
 .text.OSTimeDly
                0x00007b18       0xb8 .\CortexM0\ARM_GCC_541\Debug\os_time.o
                0x00007b18                OSTimeDly
 .text.OSTimeDlyHMSM
                0x00007bd0       0xe8 .\CortexM0\ARM_GCC_541\Debug\os_time.o
                0x00007bd0                OSTimeDlyHMSM
 .text.OSTimeDlyResume
                0x00007cb8      0x110 .\CortexM0\ARM_GCC_541\Debug\os_time.o
                0x00007cb8                OSTimeDlyResume
 .text.OSTimeGet
                0x00007dc8       0x30 .\CortexM0\ARM_GCC_541\Debug\os_time.o
                0x00007dc8                OSTimeGet
 .text.OSTimeSet
                0x00007df8       0x30 .\CortexM0\ARM_GCC_541\Debug\os_time.o
                0x00007df8                OSTimeSet
 .text          0x00007e28        0x0 .\CortexM0\ARM_GCC_541\Debug\os_tmr.o
 .text.OSTmrCreate
                0x00007e28       0xd8 .\CortexM0\ARM_GCC_541\Debug\os_tmr.o
                0x00007e28                OSTmrCreate
 .text.OSTmrDel
                0x00007f00       0xb4 .\CortexM0\ARM_GCC_541\Debug\os_tmr.o
                0x00007f00                OSTmrDel
 .text.OSTmrNameGet
                0x00007fb4       0xb8 .\CortexM0\ARM_GCC_541\Debug\os_tmr.o
                0x00007fb4                OSTmrNameGet
 .text.OSTmrRemainGet
                0x0000806c       0xf0 .\CortexM0\ARM_GCC_541\Debug\os_tmr.o
                0x0000806c                OSTmrRemainGet
 .text.OSTmrStateGet
                0x0000815c       0x80 .\CortexM0\ARM_GCC_541\Debug\os_tmr.o
                0x0000815c                OSTmrStateGet
 .text.OSTmrStart
                0x000081dc       0xb8 .\CortexM0\ARM_GCC_541\Debug\os_tmr.o
                0x000081dc                OSTmrStart
 .text.OSTmrStop
                0x00008294      0x110 .\CortexM0\ARM_GCC_541\Debug\os_tmr.o
                0x00008294                OSTmrStop
 .text.OSTmrSignal
                0x000083a4       0x28 .\CortexM0\ARM_GCC_541\Debug\os_tmr.o
                0x000083a4                OSTmrSignal
 .text.OSTmr_Alloc
                0x000083cc       0x5c .\CortexM0\ARM_GCC_541\Debug\os_tmr.o
 .text.OSTmr_Free
                0x00008428       0x7c .\CortexM0\ARM_GCC_541\Debug\os_tmr.o
 .text.OSTmr_Init
                0x000084a4      0x144 .\CortexM0\ARM_GCC_541\Debug\os_tmr.o
                0x000084a4                OSTmr_Init
 .text.OSTmr_InitTask
                0x000085e8       0x50 .\CortexM0\ARM_GCC_541\Debug\os_tmr.o
 .text.OSTmr_Link
                0x00008638       0xd0 .\CortexM0\ARM_GCC_541\Debug\os_tmr.o
 .text.OSTmr_Unlink
                0x00008708       0x9c .\CortexM0\ARM_GCC_541\Debug\os_tmr.o
 .text.OSTmr_Task
                0x000087a4       0xc0 .\CortexM0\ARM_GCC_541\Debug\os_tmr.o
 .text          0x00008864        0x0 .\CortexM0\ARM_GCC_541\Debug\os_dbg_r.o
 .text.OSDebugInit
                0x00008864      0x1d8 .\CortexM0\ARM_GCC_541\Debug\os_dbg_r.o
                0x00008864                OSDebugInit
 .text          0x00008a3c        0x0 .\CortexM0\ARM_GCC_541\Debug\lib_ascii.o
 .text.ASCII_IsAlpha
                0x00008a3c       0x48 .\CortexM0\ARM_GCC_541\Debug\lib_ascii.o
                0x00008a3c                ASCII_IsAlpha
 .text.ASCII_IsAlphaNum
                0x00008a84       0x58 .\CortexM0\ARM_GCC_541\Debug\lib_ascii.o
                0x00008a84                ASCII_IsAlphaNum
 .text.ASCII_IsLower
                0x00008adc       0x38 .\CortexM0\ARM_GCC_541\Debug\lib_ascii.o
                0x00008adc                ASCII_IsLower
 .text.ASCII_IsUpper
                0x00008b14       0x38 .\CortexM0\ARM_GCC_541\Debug\lib_ascii.o
                0x00008b14                ASCII_IsUpper
 .text.ASCII_IsDig
                0x00008b4c       0x38 .\CortexM0\ARM_GCC_541\Debug\lib_ascii.o
                0x00008b4c                ASCII_IsDig
 .text.ASCII_IsDigOct
                0x00008b84       0x38 .\CortexM0\ARM_GCC_541\Debug\lib_ascii.o
                0x00008b84                ASCII_IsDigOct
 .text.ASCII_IsDigHex
                0x00008bbc       0x58 .\CortexM0\ARM_GCC_541\Debug\lib_ascii.o
                0x00008bbc                ASCII_IsDigHex
 .text.ASCII_IsBlank
                0x00008c14       0x38 .\CortexM0\ARM_GCC_541\Debug\lib_ascii.o
                0x00008c14                ASCII_IsBlank
 .text.ASCII_IsSpace
                0x00008c4c       0x58 .\CortexM0\ARM_GCC_541\Debug\lib_ascii.o
                0x00008c4c                ASCII_IsSpace
 .text.ASCII_IsPrint
                0x00008ca4       0x38 .\CortexM0\ARM_GCC_541\Debug\lib_ascii.o
                0x00008ca4                ASCII_IsPrint
 .text.ASCII_IsGraph
                0x00008cdc       0x38 .\CortexM0\ARM_GCC_541\Debug\lib_ascii.o
                0x00008cdc                ASCII_IsGraph
 .text.ASCII_IsPunct
                0x00008d14       0x98 .\CortexM0\ARM_GCC_541\Debug\lib_ascii.o
                0x00008d14                ASCII_IsPunct
 .text.ASCII_IsCtrl
                0x00008dac       0x40 .\CortexM0\ARM_GCC_541\Debug\lib_ascii.o
                0x00008dac                ASCII_IsCtrl
 .text.ASCII_ToLower
                0x00008dec       0x40 .\CortexM0\ARM_GCC_541\Debug\lib_ascii.o
                0x00008dec                ASCII_ToLower
 .text.ASCII_ToUpper
                0x00008e2c       0x40 .\CortexM0\ARM_GCC_541\Debug\lib_ascii.o
                0x00008e2c                ASCII_ToUpper
 .text.ASCII_Cmp
                0x00008e6c       0x60 .\CortexM0\ARM_GCC_541\Debug\lib_ascii.o
                0x00008e6c                ASCII_Cmp
 .text          0x00008ecc        0x0 .\CortexM0\ARM_GCC_541\Debug\lib_math.o
 .text.Math_Init
                0x00008ecc       0x10 .\CortexM0\ARM_GCC_541\Debug\lib_math.o
                0x00008ecc                Math_Init
 .text.Math_RandSetSeed
                0x00008edc       0x38 .\CortexM0\ARM_GCC_541\Debug\lib_math.o
                0x00008edc                Math_RandSetSeed
 .text.Math_Rand
                0x00008f14       0x48 .\CortexM0\ARM_GCC_541\Debug\lib_math.o
                0x00008f14                Math_Rand
 .text.Math_RandSeed
                0x00008f5c       0x2c .\CortexM0\ARM_GCC_541\Debug\lib_math.o
                0x00008f5c                Math_RandSeed
 .text          0x00008f88        0x0 .\CortexM0\ARM_GCC_541\Debug\lib_mem.o
 .text.Mem_Init
                0x00008f88       0x54 .\CortexM0\ARM_GCC_541\Debug\lib_mem.o
                0x00008f88                Mem_Init
 .text.Mem_Clr  0x00008fdc       0x20 .\CortexM0\ARM_GCC_541\Debug\lib_mem.o
                0x00008fdc                Mem_Clr
 .text.Mem_Set  0x00008ffc       0xc0 .\CortexM0\ARM_GCC_541\Debug\lib_mem.o
                0x00008ffc                Mem_Set
 .text.Mem_Copy
                0x000090bc       0xdc .\CortexM0\ARM_GCC_541\Debug\lib_mem.o
                0x000090bc                Mem_Copy
 .text.Mem_Move
                0x00009198      0x124 .\CortexM0\ARM_GCC_541\Debug\lib_mem.o
                0x00009198                Mem_Move
 .text.Mem_Cmp  0x000092bc      0x15c .\CortexM0\ARM_GCC_541\Debug\lib_mem.o
                0x000092bc                Mem_Cmp
 .text.Mem_HeapAlloc
                0x00009418       0x54 .\CortexM0\ARM_GCC_541\Debug\lib_mem.o
                0x00009418                Mem_HeapAlloc
 .text.Mem_HeapGetSizeRem
                0x0000946c       0x3c .\CortexM0\ARM_GCC_541\Debug\lib_mem.o
                0x0000946c                Mem_HeapGetSizeRem
 .text.Mem_SegCreate
                0x000094a8       0x50 .\CortexM0\ARM_GCC_541\Debug\lib_mem.o
                0x000094a8                Mem_SegCreate
 .text.Mem_SegClr
                0x000094f8       0x40 .\CortexM0\ARM_GCC_541\Debug\lib_mem.o
                0x000094f8                Mem_SegClr
 .text.Mem_SegRemSizeGet
                0x00009538       0xac .\CortexM0\ARM_GCC_541\Debug\lib_mem.o
                0x00009538                Mem_SegRemSizeGet
 .text.Mem_SegAlloc
                0x000095e4       0x44 .\CortexM0\ARM_GCC_541\Debug\lib_mem.o
                0x000095e4                Mem_SegAlloc
 .text.Mem_SegAllocExt
                0x00009628       0x44 .\CortexM0\ARM_GCC_541\Debug\lib_mem.o
                0x00009628                Mem_SegAllocExt
 .text.Mem_SegAllocHW
                0x0000966c       0x48 .\CortexM0\ARM_GCC_541\Debug\lib_mem.o
                0x0000966c                Mem_SegAllocHW
 .text.Mem_PoolCreate
                0x000096b4      0x1b4 .\CortexM0\ARM_GCC_541\Debug\lib_mem.o
                0x000096b4                Mem_PoolCreate
 .text.Mem_PoolClr
                0x00009868       0x40 .\CortexM0\ARM_GCC_541\Debug\lib_mem.o
                0x00009868                Mem_PoolClr
 .text.Mem_PoolBlkGet
                0x000098a8       0x84 .\CortexM0\ARM_GCC_541\Debug\lib_mem.o
                0x000098a8                Mem_PoolBlkGet
 .text.Mem_PoolBlkFree
                0x0000992c       0x78 .\CortexM0\ARM_GCC_541\Debug\lib_mem.o
                0x0000992c                Mem_PoolBlkFree
 .text.Mem_PoolBlkGetNbrAvail
                0x000099a4       0x40 .\CortexM0\ARM_GCC_541\Debug\lib_mem.o
                0x000099a4                Mem_PoolBlkGetNbrAvail
 .text.Mem_DynPoolCreate
                0x000099e4       0x48 .\CortexM0\ARM_GCC_541\Debug\lib_mem.o
                0x000099e4                Mem_DynPoolCreate
 .text.Mem_DynPoolCreateHW
                0x00009a2c       0x4c .\CortexM0\ARM_GCC_541\Debug\lib_mem.o
                0x00009a2c                Mem_DynPoolCreateHW
 .text.Mem_DynPoolBlkGet
                0x00009a78       0xec .\CortexM0\ARM_GCC_541\Debug\lib_mem.o
                0x00009a78                Mem_DynPoolBlkGet
 .text.Mem_DynPoolBlkFree
                0x00009b64       0x90 .\CortexM0\ARM_GCC_541\Debug\lib_mem.o
                0x00009b64                Mem_DynPoolBlkFree
 .text.Mem_DynPoolBlkNbrAvailGet
                0x00009bf4       0x60 .\CortexM0\ARM_GCC_541\Debug\lib_mem.o
                0x00009bf4                Mem_DynPoolBlkNbrAvailGet
 .text.Mem_SegCreateCritical
                0x00009c54       0x48 .\CortexM0\ARM_GCC_541\Debug\lib_mem.o
 .text.Mem_SegOverlapChkCritical
                0x00009c9c       0x98 .\CortexM0\ARM_GCC_541\Debug\lib_mem.o
 .text.Mem_SegAllocInternal
                0x00009d34       0x6c .\CortexM0\ARM_GCC_541\Debug\lib_mem.o
 .text.Mem_SegAllocExtCritical
                0x00009da0       0xb8 .\CortexM0\ARM_GCC_541\Debug\lib_mem.o
 .text.Mem_DynPoolCreateInternal
                0x00009e58      0x108 .\CortexM0\ARM_GCC_541\Debug\lib_mem.o
 .text          0x00009f60        0x0 .\CortexM0\ARM_GCC_541\Debug\lib_str.o
 .text.Str_Len  0x00009f60       0x24 .\CortexM0\ARM_GCC_541\Debug\lib_str.o
                0x00009f60                Str_Len
 .text.Str_Len_N
                0x00009f84       0x40 .\CortexM0\ARM_GCC_541\Debug\lib_str.o
                0x00009f84                Str_Len_N
 .text.Str_Copy
                0x00009fc4       0x28 .\CortexM0\ARM_GCC_541\Debug\lib_str.o
                0x00009fc4                Str_Copy
 .text.Str_Copy_N
                0x00009fec       0x8c .\CortexM0\ARM_GCC_541\Debug\lib_str.o
                0x00009fec                Str_Copy_N
 .text.Str_Cat  0x0000a078       0x28 .\CortexM0\ARM_GCC_541\Debug\lib_str.o
                0x0000a078                Str_Cat
 .text.Str_Cat_N
                0x0000a0a0       0xb0 .\CortexM0\ARM_GCC_541\Debug\lib_str.o
                0x0000a0a0                Str_Cat_N
 .text.Str_Cmp  0x0000a150       0x30 .\CortexM0\ARM_GCC_541\Debug\lib_str.o
                0x0000a150                Str_Cmp
 .text.Str_Cmp_N
                0x0000a180      0x148 .\CortexM0\ARM_GCC_541\Debug\lib_str.o
                0x0000a180                Str_Cmp_N
 .text.Str_CmpIgnoreCase
                0x0000a2c8       0x30 .\CortexM0\ARM_GCC_541\Debug\lib_str.o
                0x0000a2c8                Str_CmpIgnoreCase
 .text.Str_CmpIgnoreCase_N
                0x0000a2f8      0x1ec .\CortexM0\ARM_GCC_541\Debug\lib_str.o
                0x0000a2f8                Str_CmpIgnoreCase_N
 .text.Str_Char
                0x0000a4e4       0x2c .\CortexM0\ARM_GCC_541\Debug\lib_str.o
                0x0000a4e4                Str_Char
 .text.Str_Char_N
                0x0000a510       0x8c .\CortexM0\ARM_GCC_541\Debug\lib_str.o
                0x0000a510                Str_Char_N
 .text.Str_Char_Last
                0x0000a59c       0x2c .\CortexM0\ARM_GCC_541\Debug\lib_str.o
                0x0000a59c                Str_Char_Last
 .text.Str_Char_Last_N
                0x0000a5c8       0x84 .\CortexM0\ARM_GCC_541\Debug\lib_str.o
                0x0000a5c8                Str_Char_Last_N
 .text.Str_Char_Replace
                0x0000a64c       0x3c .\CortexM0\ARM_GCC_541\Debug\lib_str.o
                0x0000a64c                Str_Char_Replace
 .text.Str_Char_Replace_N
                0x0000a688       0x80 .\CortexM0\ARM_GCC_541\Debug\lib_str.o
                0x0000a688                Str_Char_Replace_N
 .text.Str_Str  0x0000a708       0x28 .\CortexM0\ARM_GCC_541\Debug\lib_str.o
                0x0000a708                Str_Str
 .text.Str_Str_N
                0x0000a730      0x110 .\CortexM0\ARM_GCC_541\Debug\lib_str.o
                0x0000a730                Str_Str_N
 .text.Str_FmtNbr_Int32U
                0x0000a840       0x58 .\CortexM0\ARM_GCC_541\Debug\lib_str.o
                0x0000a840                Str_FmtNbr_Int32U
 .text.Str_FmtNbr_Int32S
                0x0000a898       0x80 .\CortexM0\ARM_GCC_541\Debug\lib_str.o
                0x0000a898                Str_FmtNbr_Int32S
 .text.Str_ParseNbr_Int32U
                0x0000a918       0x30 .\CortexM0\ARM_GCC_541\Debug\lib_str.o
                0x0000a918                Str_ParseNbr_Int32U
 .text.Str_ParseNbr_Int32S
                0x0000a948       0x60 .\CortexM0\ARM_GCC_541\Debug\lib_str.o
                0x0000a948                Str_ParseNbr_Int32S
 .text.Str_FmtNbr_Int32
                0x0000a9a8      0x3a4 .\CortexM0\ARM_GCC_541\Debug\lib_str.o
 .text.Str_ParseNbr_Int32
                0x0000ad4c      0x32c .\CortexM0\ARM_GCC_541\Debug\lib_str.o
 .text          0x0000b078        0x0 .\CortexM0\ARM_GCC_541\Debug\cyfitter_cfg.o
 .text.CYMEMZERO
                0x0000b078       0x20 .\CortexM0\ARM_GCC_541\Debug\cyfitter_cfg.o
 .text.CYCONFIGCPY
                0x0000b098       0x20 .\CortexM0\ARM_GCC_541\Debug\cyfitter_cfg.o
 .text.CYCONFIGCPYCODE
                0x0000b0b8       0x20 .\CortexM0\ARM_GCC_541\Debug\cyfitter_cfg.o
 .text.cfg_write_bytes32
                0x0000b0d8       0x84 .\CortexM0\ARM_GCC_541\Debug\cyfitter_cfg.o
 .text.AnalogSetDefault
                0x0000b15c       0x6c .\CortexM0\ARM_GCC_541\Debug\cyfitter_cfg.o
 .text.SetAnalogRoutingPumps
                0x0000b1c8       0x40 .\CortexM0\ARM_GCC_541\Debug\cyfitter_cfg.o
                0x0000b1c8                SetAnalogRoutingPumps
 .text          0x0000b208        0x0 .\CortexM0\ARM_GCC_541\Debug\cymetadata.o
 .text          0x0000b208        0x0 .\CortexM0\ARM_GCC_541\Debug\Cm0Start.o
 .text.IntDefaultHandler
                0x0000b208        0x8 .\CortexM0\ARM_GCC_541\Debug\Cm0Start.o
                0x0000b208                IntDefaultHandler
 .text._exit    0x0000b210       0x14 .\CortexM0\ARM_GCC_541\Debug\Cm0Start.o
                0x0000b210                _exit
 .text._sbrk    0x0000b224       0x50 .\CortexM0\ARM_GCC_541\Debug\Cm0Start.o
                0x0000b224                _sbrk
 .text.Start_c  0x0000b274       0x98 .\CortexM0\ARM_GCC_541\Debug\Cm0Start.o
                0x0000b274                Start_c
 .text.initialize_psoc
                0x0000b30c       0x70 .\CortexM0\ARM_GCC_541\Debug\Cm0Start.o
                0x0000b30c                initialize_psoc
 .text          0x0000b37c       0x20 .\CortexM0\ARM_GCC_541\Debug\cpu_a.o
                0x0000b37c                CPU_IntDis
                0x0000b380                CPU_IntEn
                0x0000b384                CPU_SR_Save
                0x0000b38c                CPU_SR_Restore
                0x0000b392                CPU_WaitForInt
                0x0000b396                CPU_WaitForExcept
 .text          0x0000b39c       0xc4 .\CortexM0\ARM_GCC_541\Debug\os_cpu_a.o
                0x0000b39c                OS_CPU_SR_Save
                0x0000b3a4                OS_CPU_SR_Restore
                0x0000b3aa                OSStartHighRdy
                0x0000b3d2                OSCtxSw
                0x0000b3da                OSIntCtxSw
                0x0000b3e2                PendSV_Handler
 .text          0x0000b460        0x0 .\CortexM0\ARM_GCC_541\Debug\OS2.a(PWM_Blue.o)
 .text.PWM_Blue_Init
                0x0000b460       0x58 .\CortexM0\ARM_GCC_541\Debug\OS2.a(PWM_Blue.o)
                0x0000b460                PWM_Blue_Init
 .text.PWM_Blue_Enable
                0x0000b4b8       0x3c .\CortexM0\ARM_GCC_541\Debug\OS2.a(PWM_Blue.o)
                0x0000b4b8                PWM_Blue_Enable
 .text.PWM_Blue_Start
                0x0000b4f4       0x24 .\CortexM0\ARM_GCC_541\Debug\OS2.a(PWM_Blue.o)
                0x0000b4f4                PWM_Blue_Start
 .text.PWM_Blue_Stop
                0x0000b518       0x34 .\CortexM0\ARM_GCC_541\Debug\OS2.a(PWM_Blue.o)
                0x0000b518                PWM_Blue_Stop
 .text.PWM_Blue_SetMode
                0x0000b54c       0x48 .\CortexM0\ARM_GCC_541\Debug\OS2.a(PWM_Blue.o)
                0x0000b54c                PWM_Blue_SetMode
 .text.PWM_Blue_SetQDMode
                0x0000b594       0x48 .\CortexM0\ARM_GCC_541\Debug\OS2.a(PWM_Blue.o)
                0x0000b594                PWM_Blue_SetQDMode
 .text.PWM_Blue_SetPrescaler
                0x0000b5dc       0x48 .\CortexM0\ARM_GCC_541\Debug\OS2.a(PWM_Blue.o)
                0x0000b5dc                PWM_Blue_SetPrescaler
 .text.PWM_Blue_SetOneShot
                0x0000b624       0x50 .\CortexM0\ARM_GCC_541\Debug\OS2.a(PWM_Blue.o)
                0x0000b624                PWM_Blue_SetOneShot
 .text.PWM_Blue_SetPWMMode
                0x0000b674       0x20 .\CortexM0\ARM_GCC_541\Debug\OS2.a(PWM_Blue.o)
                0x0000b674                PWM_Blue_SetPWMMode
 .text.PWM_Blue_SetPWMSyncKill
                0x0000b694       0x4c .\CortexM0\ARM_GCC_541\Debug\OS2.a(PWM_Blue.o)
                0x0000b694                PWM_Blue_SetPWMSyncKill
 .text.PWM_Blue_SetPWMStopOnKill
                0x0000b6e0       0x4c .\CortexM0\ARM_GCC_541\Debug\OS2.a(PWM_Blue.o)
                0x0000b6e0                PWM_Blue_SetPWMStopOnKill
 .text.PWM_Blue_SetPWMDeadTime
                0x0000b72c       0x50 .\CortexM0\ARM_GCC_541\Debug\OS2.a(PWM_Blue.o)
                0x0000b72c                PWM_Blue_SetPWMDeadTime
 .text.PWM_Blue_SetPWMInvert
                0x0000b77c       0x48 .\CortexM0\ARM_GCC_541\Debug\OS2.a(PWM_Blue.o)
                0x0000b77c                PWM_Blue_SetPWMInvert
 .text.PWM_Blue_WriteCounter
                0x0000b7c4       0x20 .\CortexM0\ARM_GCC_541\Debug\OS2.a(PWM_Blue.o)
                0x0000b7c4                PWM_Blue_WriteCounter
 .text.PWM_Blue_ReadCounter
                0x0000b7e4       0x18 .\CortexM0\ARM_GCC_541\Debug\OS2.a(PWM_Blue.o)
                0x0000b7e4                PWM_Blue_ReadCounter
 .text.PWM_Blue_SetCounterMode
                0x0000b7fc       0x48 .\CortexM0\ARM_GCC_541\Debug\OS2.a(PWM_Blue.o)
                0x0000b7fc                PWM_Blue_SetCounterMode
 .text.PWM_Blue_WritePeriod
                0x0000b844       0x20 .\CortexM0\ARM_GCC_541\Debug\OS2.a(PWM_Blue.o)
                0x0000b844                PWM_Blue_WritePeriod
 .text.PWM_Blue_ReadPeriod
                0x0000b864       0x18 .\CortexM0\ARM_GCC_541\Debug\OS2.a(PWM_Blue.o)
                0x0000b864                PWM_Blue_ReadPeriod
 .text.PWM_Blue_SetCompareSwap
                0x0000b87c       0x48 .\CortexM0\ARM_GCC_541\Debug\OS2.a(PWM_Blue.o)
                0x0000b87c                PWM_Blue_SetCompareSwap
 .text.PWM_Blue_WritePeriodBuf
                0x0000b8c4       0x20 .\CortexM0\ARM_GCC_541\Debug\OS2.a(PWM_Blue.o)
                0x0000b8c4                PWM_Blue_WritePeriodBuf
 .text.PWM_Blue_ReadPeriodBuf
                0x0000b8e4       0x18 .\CortexM0\ARM_GCC_541\Debug\OS2.a(PWM_Blue.o)
                0x0000b8e4                PWM_Blue_ReadPeriodBuf
 .text.PWM_Blue_SetPeriodSwap
                0x0000b8fc       0x4c .\CortexM0\ARM_GCC_541\Debug\OS2.a(PWM_Blue.o)
                0x0000b8fc                PWM_Blue_SetPeriodSwap
 .text.PWM_Blue_WriteCompare
                0x0000b948       0x20 .\CortexM0\ARM_GCC_541\Debug\OS2.a(PWM_Blue.o)
                0x0000b948                PWM_Blue_WriteCompare
 .text.PWM_Blue_ReadCompare
                0x0000b968       0x18 .\CortexM0\ARM_GCC_541\Debug\OS2.a(PWM_Blue.o)
                0x0000b968                PWM_Blue_ReadCompare
 .text.PWM_Blue_WriteCompareBuf
                0x0000b980       0x20 .\CortexM0\ARM_GCC_541\Debug\OS2.a(PWM_Blue.o)
                0x0000b980                PWM_Blue_WriteCompareBuf
 .text.PWM_Blue_ReadCompareBuf
                0x0000b9a0       0x18 .\CortexM0\ARM_GCC_541\Debug\OS2.a(PWM_Blue.o)
                0x0000b9a0                PWM_Blue_ReadCompareBuf
 .text.PWM_Blue_ReadCapture
                0x0000b9b8       0x18 .\CortexM0\ARM_GCC_541\Debug\OS2.a(PWM_Blue.o)
                0x0000b9b8                PWM_Blue_ReadCapture
 .text.PWM_Blue_ReadCaptureBuf
                0x0000b9d0       0x18 .\CortexM0\ARM_GCC_541\Debug\OS2.a(PWM_Blue.o)
                0x0000b9d0                PWM_Blue_ReadCaptureBuf
 .text.PWM_Blue_SetCaptureMode
                0x0000b9e8       0x44 .\CortexM0\ARM_GCC_541\Debug\OS2.a(PWM_Blue.o)
                0x0000b9e8                PWM_Blue_SetCaptureMode
 .text.PWM_Blue_SetReloadMode
                0x0000ba2c       0x48 .\CortexM0\ARM_GCC_541\Debug\OS2.a(PWM_Blue.o)
                0x0000ba2c                PWM_Blue_SetReloadMode
 .text.PWM_Blue_SetStartMode
                0x0000ba74       0x4c .\CortexM0\ARM_GCC_541\Debug\OS2.a(PWM_Blue.o)
                0x0000ba74                PWM_Blue_SetStartMode
 .text.PWM_Blue_SetStopMode
                0x0000bac0       0x48 .\CortexM0\ARM_GCC_541\Debug\OS2.a(PWM_Blue.o)
                0x0000bac0                PWM_Blue_SetStopMode
 .text.PWM_Blue_SetCountMode
                0x0000bb08       0x48 .\CortexM0\ARM_GCC_541\Debug\OS2.a(PWM_Blue.o)
                0x0000bb08                PWM_Blue_SetCountMode
 .text.PWM_Blue_TriggerCommand
                0x0000bb50       0x3c .\CortexM0\ARM_GCC_541\Debug\OS2.a(PWM_Blue.o)
                0x0000bb50                PWM_Blue_TriggerCommand
 .text.PWM_Blue_ReadStatus
                0x0000bb8c       0x20 .\CortexM0\ARM_GCC_541\Debug\OS2.a(PWM_Blue.o)
                0x0000bb8c                PWM_Blue_ReadStatus
 .text.PWM_Blue_SetInterruptMode
                0x0000bbac       0x1c .\CortexM0\ARM_GCC_541\Debug\OS2.a(PWM_Blue.o)
                0x0000bbac                PWM_Blue_SetInterruptMode
 .text.PWM_Blue_GetInterruptSourceMasked
                0x0000bbc8       0x14 .\CortexM0\ARM_GCC_541\Debug\OS2.a(PWM_Blue.o)
                0x0000bbc8                PWM_Blue_GetInterruptSourceMasked
 .text.PWM_Blue_GetInterruptSource
                0x0000bbdc       0x14 .\CortexM0\ARM_GCC_541\Debug\OS2.a(PWM_Blue.o)
                0x0000bbdc                PWM_Blue_GetInterruptSource
 .text.PWM_Blue_ClearInterrupt
                0x0000bbf0       0x1c .\CortexM0\ARM_GCC_541\Debug\OS2.a(PWM_Blue.o)
                0x0000bbf0                PWM_Blue_ClearInterrupt
 .text.PWM_Blue_SetInterrupt
                0x0000bc0c       0x1c .\CortexM0\ARM_GCC_541\Debug\OS2.a(PWM_Blue.o)
                0x0000bc0c                PWM_Blue_SetInterrupt
 .text          0x0000bc28        0x0 .\CortexM0\ARM_GCC_541\Debug\OS2.a(PWM_Green.o)
 .text.PWM_Green_Init
                0x0000bc28       0x58 .\CortexM0\ARM_GCC_541\Debug\OS2.a(PWM_Green.o)
                0x0000bc28                PWM_Green_Init
 .text.PWM_Green_Enable
                0x0000bc80       0x3c .\CortexM0\ARM_GCC_541\Debug\OS2.a(PWM_Green.o)
                0x0000bc80                PWM_Green_Enable
 .text.PWM_Green_Start
                0x0000bcbc       0x24 .\CortexM0\ARM_GCC_541\Debug\OS2.a(PWM_Green.o)
                0x0000bcbc                PWM_Green_Start
 .text.PWM_Green_Stop
                0x0000bce0       0x34 .\CortexM0\ARM_GCC_541\Debug\OS2.a(PWM_Green.o)
                0x0000bce0                PWM_Green_Stop
 .text.PWM_Green_SetMode
                0x0000bd14       0x48 .\CortexM0\ARM_GCC_541\Debug\OS2.a(PWM_Green.o)
                0x0000bd14                PWM_Green_SetMode
 .text.PWM_Green_SetQDMode
                0x0000bd5c       0x48 .\CortexM0\ARM_GCC_541\Debug\OS2.a(PWM_Green.o)
                0x0000bd5c                PWM_Green_SetQDMode
 .text.PWM_Green_SetPrescaler
                0x0000bda4       0x48 .\CortexM0\ARM_GCC_541\Debug\OS2.a(PWM_Green.o)
                0x0000bda4                PWM_Green_SetPrescaler
 .text.PWM_Green_SetOneShot
                0x0000bdec       0x50 .\CortexM0\ARM_GCC_541\Debug\OS2.a(PWM_Green.o)
                0x0000bdec                PWM_Green_SetOneShot
 .text.PWM_Green_SetPWMMode
                0x0000be3c       0x20 .\CortexM0\ARM_GCC_541\Debug\OS2.a(PWM_Green.o)
                0x0000be3c                PWM_Green_SetPWMMode
 .text.PWM_Green_SetPWMSyncKill
                0x0000be5c       0x4c .\CortexM0\ARM_GCC_541\Debug\OS2.a(PWM_Green.o)
                0x0000be5c                PWM_Green_SetPWMSyncKill
 .text.PWM_Green_SetPWMStopOnKill
                0x0000bea8       0x4c .\CortexM0\ARM_GCC_541\Debug\OS2.a(PWM_Green.o)
                0x0000bea8                PWM_Green_SetPWMStopOnKill
 .text.PWM_Green_SetPWMDeadTime
                0x0000bef4       0x50 .\CortexM0\ARM_GCC_541\Debug\OS2.a(PWM_Green.o)
                0x0000bef4                PWM_Green_SetPWMDeadTime
 .text.PWM_Green_SetPWMInvert
                0x0000bf44       0x48 .\CortexM0\ARM_GCC_541\Debug\OS2.a(PWM_Green.o)
                0x0000bf44                PWM_Green_SetPWMInvert
 .text.PWM_Green_WriteCounter
                0x0000bf8c       0x20 .\CortexM0\ARM_GCC_541\Debug\OS2.a(PWM_Green.o)
                0x0000bf8c                PWM_Green_WriteCounter
 .text.PWM_Green_ReadCounter
                0x0000bfac       0x18 .\CortexM0\ARM_GCC_541\Debug\OS2.a(PWM_Green.o)
                0x0000bfac                PWM_Green_ReadCounter
 .text.PWM_Green_SetCounterMode
                0x0000bfc4       0x48 .\CortexM0\ARM_GCC_541\Debug\OS2.a(PWM_Green.o)
                0x0000bfc4                PWM_Green_SetCounterMode
 .text.PWM_Green_WritePeriod
                0x0000c00c       0x20 .\CortexM0\ARM_GCC_541\Debug\OS2.a(PWM_Green.o)
                0x0000c00c                PWM_Green_WritePeriod
 .text.PWM_Green_ReadPeriod
                0x0000c02c       0x18 .\CortexM0\ARM_GCC_541\Debug\OS2.a(PWM_Green.o)
                0x0000c02c                PWM_Green_ReadPeriod
 .text.PWM_Green_SetCompareSwap
                0x0000c044       0x48 .\CortexM0\ARM_GCC_541\Debug\OS2.a(PWM_Green.o)
                0x0000c044                PWM_Green_SetCompareSwap
 .text.PWM_Green_WritePeriodBuf
                0x0000c08c       0x20 .\CortexM0\ARM_GCC_541\Debug\OS2.a(PWM_Green.o)
                0x0000c08c                PWM_Green_WritePeriodBuf
 .text.PWM_Green_ReadPeriodBuf
                0x0000c0ac       0x18 .\CortexM0\ARM_GCC_541\Debug\OS2.a(PWM_Green.o)
                0x0000c0ac                PWM_Green_ReadPeriodBuf
 .text.PWM_Green_SetPeriodSwap
                0x0000c0c4       0x4c .\CortexM0\ARM_GCC_541\Debug\OS2.a(PWM_Green.o)
                0x0000c0c4                PWM_Green_SetPeriodSwap
 .text.PWM_Green_WriteCompare
                0x0000c110       0x20 .\CortexM0\ARM_GCC_541\Debug\OS2.a(PWM_Green.o)
                0x0000c110                PWM_Green_WriteCompare
 .text.PWM_Green_ReadCompare
                0x0000c130       0x18 .\CortexM0\ARM_GCC_541\Debug\OS2.a(PWM_Green.o)
                0x0000c130                PWM_Green_ReadCompare
 .text.PWM_Green_WriteCompareBuf
                0x0000c148       0x20 .\CortexM0\ARM_GCC_541\Debug\OS2.a(PWM_Green.o)
                0x0000c148                PWM_Green_WriteCompareBuf
 .text.PWM_Green_ReadCompareBuf
                0x0000c168       0x18 .\CortexM0\ARM_GCC_541\Debug\OS2.a(PWM_Green.o)
                0x0000c168                PWM_Green_ReadCompareBuf
 .text.PWM_Green_ReadCapture
                0x0000c180       0x18 .\CortexM0\ARM_GCC_541\Debug\OS2.a(PWM_Green.o)
                0x0000c180                PWM_Green_ReadCapture
 .text.PWM_Green_ReadCaptureBuf
                0x0000c198       0x18 .\CortexM0\ARM_GCC_541\Debug\OS2.a(PWM_Green.o)
                0x0000c198                PWM_Green_ReadCaptureBuf
 .text.PWM_Green_SetCaptureMode
                0x0000c1b0       0x44 .\CortexM0\ARM_GCC_541\Debug\OS2.a(PWM_Green.o)
                0x0000c1b0                PWM_Green_SetCaptureMode
 .text.PWM_Green_SetReloadMode
                0x0000c1f4       0x48 .\CortexM0\ARM_GCC_541\Debug\OS2.a(PWM_Green.o)
                0x0000c1f4                PWM_Green_SetReloadMode
 .text.PWM_Green_SetStartMode
                0x0000c23c       0x4c .\CortexM0\ARM_GCC_541\Debug\OS2.a(PWM_Green.o)
                0x0000c23c                PWM_Green_SetStartMode
 .text.PWM_Green_SetStopMode
                0x0000c288       0x48 .\CortexM0\ARM_GCC_541\Debug\OS2.a(PWM_Green.o)
                0x0000c288                PWM_Green_SetStopMode
 .text.PWM_Green_SetCountMode
                0x0000c2d0       0x48 .\CortexM0\ARM_GCC_541\Debug\OS2.a(PWM_Green.o)
                0x0000c2d0                PWM_Green_SetCountMode
 .text.PWM_Green_TriggerCommand
                0x0000c318       0x3c .\CortexM0\ARM_GCC_541\Debug\OS2.a(PWM_Green.o)
                0x0000c318                PWM_Green_TriggerCommand
 .text.PWM_Green_ReadStatus
                0x0000c354       0x20 .\CortexM0\ARM_GCC_541\Debug\OS2.a(PWM_Green.o)
                0x0000c354                PWM_Green_ReadStatus
 .text.PWM_Green_SetInterruptMode
                0x0000c374       0x1c .\CortexM0\ARM_GCC_541\Debug\OS2.a(PWM_Green.o)
                0x0000c374                PWM_Green_SetInterruptMode
 .text.PWM_Green_GetInterruptSourceMasked
                0x0000c390       0x14 .\CortexM0\ARM_GCC_541\Debug\OS2.a(PWM_Green.o)
                0x0000c390                PWM_Green_GetInterruptSourceMasked
 .text.PWM_Green_GetInterruptSource
                0x0000c3a4       0x14 .\CortexM0\ARM_GCC_541\Debug\OS2.a(PWM_Green.o)
                0x0000c3a4                PWM_Green_GetInterruptSource
 .text.PWM_Green_ClearInterrupt
                0x0000c3b8       0x1c .\CortexM0\ARM_GCC_541\Debug\OS2.a(PWM_Green.o)
                0x0000c3b8                PWM_Green_ClearInterrupt
 .text.PWM_Green_SetInterrupt
                0x0000c3d4       0x1c .\CortexM0\ARM_GCC_541\Debug\OS2.a(PWM_Green.o)
                0x0000c3d4                PWM_Green_SetInterrupt
 .text          0x0000c3f0        0x0 .\CortexM0\ARM_GCC_541\Debug\OS2.a(PWM_Red.o)
 .text.PWM_Red_Init
                0x0000c3f0       0x58 .\CortexM0\ARM_GCC_541\Debug\OS2.a(PWM_Red.o)
                0x0000c3f0                PWM_Red_Init
 .text.PWM_Red_Enable
                0x0000c448       0x3c .\CortexM0\ARM_GCC_541\Debug\OS2.a(PWM_Red.o)
                0x0000c448                PWM_Red_Enable
 .text.PWM_Red_Start
                0x0000c484       0x24 .\CortexM0\ARM_GCC_541\Debug\OS2.a(PWM_Red.o)
                0x0000c484                PWM_Red_Start
 .text.PWM_Red_Stop
                0x0000c4a8       0x34 .\CortexM0\ARM_GCC_541\Debug\OS2.a(PWM_Red.o)
                0x0000c4a8                PWM_Red_Stop
 .text.PWM_Red_SetMode
                0x0000c4dc       0x48 .\CortexM0\ARM_GCC_541\Debug\OS2.a(PWM_Red.o)
                0x0000c4dc                PWM_Red_SetMode
 .text.PWM_Red_SetQDMode
                0x0000c524       0x48 .\CortexM0\ARM_GCC_541\Debug\OS2.a(PWM_Red.o)
                0x0000c524                PWM_Red_SetQDMode
 .text.PWM_Red_SetPrescaler
                0x0000c56c       0x48 .\CortexM0\ARM_GCC_541\Debug\OS2.a(PWM_Red.o)
                0x0000c56c                PWM_Red_SetPrescaler
 .text.PWM_Red_SetOneShot
                0x0000c5b4       0x50 .\CortexM0\ARM_GCC_541\Debug\OS2.a(PWM_Red.o)
                0x0000c5b4                PWM_Red_SetOneShot
 .text.PWM_Red_SetPWMMode
                0x0000c604       0x20 .\CortexM0\ARM_GCC_541\Debug\OS2.a(PWM_Red.o)
                0x0000c604                PWM_Red_SetPWMMode
 .text.PWM_Red_SetPWMSyncKill
                0x0000c624       0x4c .\CortexM0\ARM_GCC_541\Debug\OS2.a(PWM_Red.o)
                0x0000c624                PWM_Red_SetPWMSyncKill
 .text.PWM_Red_SetPWMStopOnKill
                0x0000c670       0x4c .\CortexM0\ARM_GCC_541\Debug\OS2.a(PWM_Red.o)
                0x0000c670                PWM_Red_SetPWMStopOnKill
 .text.PWM_Red_SetPWMDeadTime
                0x0000c6bc       0x50 .\CortexM0\ARM_GCC_541\Debug\OS2.a(PWM_Red.o)
                0x0000c6bc                PWM_Red_SetPWMDeadTime
 .text.PWM_Red_SetPWMInvert
                0x0000c70c       0x48 .\CortexM0\ARM_GCC_541\Debug\OS2.a(PWM_Red.o)
                0x0000c70c                PWM_Red_SetPWMInvert
 .text.PWM_Red_WriteCounter
                0x0000c754       0x20 .\CortexM0\ARM_GCC_541\Debug\OS2.a(PWM_Red.o)
                0x0000c754                PWM_Red_WriteCounter
 .text.PWM_Red_ReadCounter
                0x0000c774       0x18 .\CortexM0\ARM_GCC_541\Debug\OS2.a(PWM_Red.o)
                0x0000c774                PWM_Red_ReadCounter
 .text.PWM_Red_SetCounterMode
                0x0000c78c       0x48 .\CortexM0\ARM_GCC_541\Debug\OS2.a(PWM_Red.o)
                0x0000c78c                PWM_Red_SetCounterMode
 .text.PWM_Red_WritePeriod
                0x0000c7d4       0x20 .\CortexM0\ARM_GCC_541\Debug\OS2.a(PWM_Red.o)
                0x0000c7d4                PWM_Red_WritePeriod
 .text.PWM_Red_ReadPeriod
                0x0000c7f4       0x18 .\CortexM0\ARM_GCC_541\Debug\OS2.a(PWM_Red.o)
                0x0000c7f4                PWM_Red_ReadPeriod
 .text.PWM_Red_SetCompareSwap
                0x0000c80c       0x48 .\CortexM0\ARM_GCC_541\Debug\OS2.a(PWM_Red.o)
                0x0000c80c                PWM_Red_SetCompareSwap
 .text.PWM_Red_WritePeriodBuf
                0x0000c854       0x20 .\CortexM0\ARM_GCC_541\Debug\OS2.a(PWM_Red.o)
                0x0000c854                PWM_Red_WritePeriodBuf
 .text.PWM_Red_ReadPeriodBuf
                0x0000c874       0x18 .\CortexM0\ARM_GCC_541\Debug\OS2.a(PWM_Red.o)
                0x0000c874                PWM_Red_ReadPeriodBuf
 .text.PWM_Red_SetPeriodSwap
                0x0000c88c       0x4c .\CortexM0\ARM_GCC_541\Debug\OS2.a(PWM_Red.o)
                0x0000c88c                PWM_Red_SetPeriodSwap
 .text.PWM_Red_WriteCompare
                0x0000c8d8       0x20 .\CortexM0\ARM_GCC_541\Debug\OS2.a(PWM_Red.o)
                0x0000c8d8                PWM_Red_WriteCompare
 .text.PWM_Red_ReadCompare
                0x0000c8f8       0x18 .\CortexM0\ARM_GCC_541\Debug\OS2.a(PWM_Red.o)
                0x0000c8f8                PWM_Red_ReadCompare
 .text.PWM_Red_WriteCompareBuf
                0x0000c910       0x20 .\CortexM0\ARM_GCC_541\Debug\OS2.a(PWM_Red.o)
                0x0000c910                PWM_Red_WriteCompareBuf
 .text.PWM_Red_ReadCompareBuf
                0x0000c930       0x18 .\CortexM0\ARM_GCC_541\Debug\OS2.a(PWM_Red.o)
                0x0000c930                PWM_Red_ReadCompareBuf
 .text.PWM_Red_ReadCapture
                0x0000c948       0x18 .\CortexM0\ARM_GCC_541\Debug\OS2.a(PWM_Red.o)
                0x0000c948                PWM_Red_ReadCapture
 .text.PWM_Red_ReadCaptureBuf
                0x0000c960       0x18 .\CortexM0\ARM_GCC_541\Debug\OS2.a(PWM_Red.o)
                0x0000c960                PWM_Red_ReadCaptureBuf
 .text.PWM_Red_SetCaptureMode
                0x0000c978       0x44 .\CortexM0\ARM_GCC_541\Debug\OS2.a(PWM_Red.o)
                0x0000c978                PWM_Red_SetCaptureMode
 .text.PWM_Red_SetReloadMode
                0x0000c9bc       0x48 .\CortexM0\ARM_GCC_541\Debug\OS2.a(PWM_Red.o)
                0x0000c9bc                PWM_Red_SetReloadMode
 .text.PWM_Red_SetStartMode
                0x0000ca04       0x4c .\CortexM0\ARM_GCC_541\Debug\OS2.a(PWM_Red.o)
                0x0000ca04                PWM_Red_SetStartMode
 .text.PWM_Red_SetStopMode
                0x0000ca50       0x48 .\CortexM0\ARM_GCC_541\Debug\OS2.a(PWM_Red.o)
                0x0000ca50                PWM_Red_SetStopMode
 .text.PWM_Red_SetCountMode
                0x0000ca98       0x48 .\CortexM0\ARM_GCC_541\Debug\OS2.a(PWM_Red.o)
                0x0000ca98                PWM_Red_SetCountMode
 .text.PWM_Red_TriggerCommand
                0x0000cae0       0x3c .\CortexM0\ARM_GCC_541\Debug\OS2.a(PWM_Red.o)
                0x0000cae0                PWM_Red_TriggerCommand
 .text.PWM_Red_ReadStatus
                0x0000cb1c       0x20 .\CortexM0\ARM_GCC_541\Debug\OS2.a(PWM_Red.o)
                0x0000cb1c                PWM_Red_ReadStatus
 .text.PWM_Red_SetInterruptMode
                0x0000cb3c       0x1c .\CortexM0\ARM_GCC_541\Debug\OS2.a(PWM_Red.o)
                0x0000cb3c                PWM_Red_SetInterruptMode
 .text.PWM_Red_GetInterruptSourceMasked
                0x0000cb58       0x14 .\CortexM0\ARM_GCC_541\Debug\OS2.a(PWM_Red.o)
                0x0000cb58                PWM_Red_GetInterruptSourceMasked
 .text.PWM_Red_GetInterruptSource
                0x0000cb6c       0x14 .\CortexM0\ARM_GCC_541\Debug\OS2.a(PWM_Red.o)
                0x0000cb6c                PWM_Red_GetInterruptSource
 .text.PWM_Red_ClearInterrupt
                0x0000cb80       0x1c .\CortexM0\ARM_GCC_541\Debug\OS2.a(PWM_Red.o)
                0x0000cb80                PWM_Red_ClearInterrupt
 .text.PWM_Red_SetInterrupt
                0x0000cb9c       0x1c .\CortexM0\ARM_GCC_541\Debug\OS2.a(PWM_Red.o)
                0x0000cb9c                PWM_Red_SetInterrupt
 .text          0x0000cbb8        0x0 .\CortexM0\ARM_GCC_541\Debug\OS2.a(Accel_Pin.o)
 .text.Accel_Pin_Write
                0x0000cbb8       0x50 .\CortexM0\ARM_GCC_541\Debug\OS2.a(Accel_Pin.o)
                0x0000cbb8                Accel_Pin_Write
 .text.Accel_Pin_SetDriveMode
                0x0000cc08       0x30 .\CortexM0\ARM_GCC_541\Debug\OS2.a(Accel_Pin.o)
                0x0000cc08                Accel_Pin_SetDriveMode
 .text.Accel_Pin_Read
                0x0000cc38       0x1c .\CortexM0\ARM_GCC_541\Debug\OS2.a(Accel_Pin.o)
                0x0000cc38                Accel_Pin_Read
 .text.Accel_Pin_ReadDataReg
                0x0000cc54       0x1c .\CortexM0\ARM_GCC_541\Debug\OS2.a(Accel_Pin.o)
                0x0000cc54                Accel_Pin_ReadDataReg
 .text.Accel_Pin_ClearInterrupt
                0x0000cc70       0x30 .\CortexM0\ARM_GCC_541\Debug\OS2.a(Accel_Pin.o)
                0x0000cc70                Accel_Pin_ClearInterrupt
 .text          0x0000cca0        0x0 .\CortexM0\ARM_GCC_541\Debug\OS2.a(I2C.o)
 .text.I2C_Init
                0x0000cca0       0x10 .\CortexM0\ARM_GCC_541\Debug\OS2.a(I2C.o)
                0x0000cca0                I2C_Init
 .text.I2C_Enable
                0x0000ccb0       0x24 .\CortexM0\ARM_GCC_541\Debug\OS2.a(I2C.o)
                0x0000ccb0                I2C_Enable
 .text.I2C_Start
                0x0000ccd4       0x24 .\CortexM0\ARM_GCC_541\Debug\OS2.a(I2C.o)
                0x0000ccd4                I2C_Start
 .text.I2C_Stop
                0x0000ccf8       0x34 .\CortexM0\ARM_GCC_541\Debug\OS2.a(I2C.o)
                0x0000ccf8                I2C_Stop
 .text.I2C_SetRxFifoLevel
                0x0000cd2c       0x34 .\CortexM0\ARM_GCC_541\Debug\OS2.a(I2C.o)
                0x0000cd2c                I2C_SetRxFifoLevel
 .text.I2C_SetTxFifoLevel
                0x0000cd60       0x34 .\CortexM0\ARM_GCC_541\Debug\OS2.a(I2C.o)
                0x0000cd60                I2C_SetTxFifoLevel
 .text.I2C_SetCustomInterruptHandler
                0x0000cd94       0x1c .\CortexM0\ARM_GCC_541\Debug\OS2.a(I2C.o)
                0x0000cd94                I2C_SetCustomInterruptHandler
 .text.I2C_ScbEnableIntr
                0x0000cdb0       0x10 .\CortexM0\ARM_GCC_541\Debug\OS2.a(I2C.o)
 .text.I2C_ScbModePostEnable
                0x0000cdc0        0xc .\CortexM0\ARM_GCC_541\Debug\OS2.a(I2C.o)
 .text.I2C_ScbModeStop
                0x0000cdcc       0x10 .\CortexM0\ARM_GCC_541\Debug\OS2.a(I2C.o)
 .text          0x0000cddc        0x0 .\CortexM0\ARM_GCC_541\Debug\OS2.a(I2C_I2C.o)
 .text.I2C_I2CInit
                0x0000cddc       0xdc .\CortexM0\ARM_GCC_541\Debug\OS2.a(I2C_I2C.o)
                0x0000cddc                I2C_I2CInit
 .text.I2C_I2CStop
                0x0000ceb8       0x14 .\CortexM0\ARM_GCC_541\Debug\OS2.a(I2C_I2C.o)
                0x0000ceb8                I2C_I2CStop
 .text          0x0000cecc        0x0 .\CortexM0\ARM_GCC_541\Debug\OS2.a(I2C_I2C_MASTER.o)
 .text.I2C_I2CMasterWriteBuf
                0x0000cecc      0x11c .\CortexM0\ARM_GCC_541\Debug\OS2.a(I2C_I2C_MASTER.o)
                0x0000cecc                I2C_I2CMasterWriteBuf
 .text.I2C_I2CMasterReadBuf
                0x0000cfe8      0x12c .\CortexM0\ARM_GCC_541\Debug\OS2.a(I2C_I2C_MASTER.o)
                0x0000cfe8                I2C_I2CMasterReadBuf
 .text.I2C_I2CMasterSendStart
                0x0000d114      0x110 .\CortexM0\ARM_GCC_541\Debug\OS2.a(I2C_I2C_MASTER.o)
                0x0000d114                I2C_I2CMasterSendStart
 .text.I2C_I2CMasterSendRestart
                0x0000d224      0x108 .\CortexM0\ARM_GCC_541\Debug\OS2.a(I2C_I2C_MASTER.o)
                0x0000d224                I2C_I2CMasterSendRestart
 .text.I2C_I2CMasterSendStop
                0x0000d32c       0xbc .\CortexM0\ARM_GCC_541\Debug\OS2.a(I2C_I2C_MASTER.o)
                0x0000d32c                I2C_I2CMasterSendStop
 .text.I2C_I2CMasterWriteByte
                0x0000d3e8       0xcc .\CortexM0\ARM_GCC_541\Debug\OS2.a(I2C_I2C_MASTER.o)
                0x0000d3e8                I2C_I2CMasterWriteByte
 .text.I2C_I2CMasterReadByte
                0x0000d4b4       0xa8 .\CortexM0\ARM_GCC_541\Debug\OS2.a(I2C_I2C_MASTER.o)
                0x0000d4b4                I2C_I2CMasterReadByte
 .text.I2C_I2CMasterGetReadBufSize
                0x0000d55c       0x14 .\CortexM0\ARM_GCC_541\Debug\OS2.a(I2C_I2C_MASTER.o)
                0x0000d55c                I2C_I2CMasterGetReadBufSize
 .text.I2C_I2CMasterGetWriteBufSize
                0x0000d570       0x14 .\CortexM0\ARM_GCC_541\Debug\OS2.a(I2C_I2C_MASTER.o)
                0x0000d570                I2C_I2CMasterGetWriteBufSize
 .text.I2C_I2CMasterClearReadBuf
                0x0000d584       0x34 .\CortexM0\ARM_GCC_541\Debug\OS2.a(I2C_I2C_MASTER.o)
                0x0000d584                I2C_I2CMasterClearReadBuf
 .text.I2C_I2CMasterClearWriteBuf
                0x0000d5b8       0x34 .\CortexM0\ARM_GCC_541\Debug\OS2.a(I2C_I2C_MASTER.o)
                0x0000d5b8                I2C_I2CMasterClearWriteBuf
 .text.I2C_I2CMasterStatus
                0x0000d5ec       0x44 .\CortexM0\ARM_GCC_541\Debug\OS2.a(I2C_I2C_MASTER.o)
                0x0000d5ec                I2C_I2CMasterStatus
 .text.I2C_I2CMasterClearStatus
                0x0000d630       0x30 .\CortexM0\ARM_GCC_541\Debug\OS2.a(I2C_I2C_MASTER.o)
                0x0000d630                I2C_I2CMasterClearStatus
 .text.I2C_I2CReStartGeneration
                0x0000d660       0x38 .\CortexM0\ARM_GCC_541\Debug\OS2.a(I2C_I2C_MASTER.o)
                0x0000d660                I2C_I2CReStartGeneration
 .text          0x0000d698        0x0 .\CortexM0\ARM_GCC_541\Debug\OS2.a(SW2.o)
 .text.SW2_Write
                0x0000d698       0x48 .\CortexM0\ARM_GCC_541\Debug\OS2.a(SW2.o)
                0x0000d698                SW2_Write
 .text.SW2_SetDriveMode
                0x0000d6e0       0x30 .\CortexM0\ARM_GCC_541\Debug\OS2.a(SW2.o)
                0x0000d6e0                SW2_SetDriveMode
 .text.SW2_Read
                0x0000d710       0x1c .\CortexM0\ARM_GCC_541\Debug\OS2.a(SW2.o)
                0x0000d710                SW2_Read
 .text.SW2_ReadDataReg
                0x0000d72c       0x1c .\CortexM0\ARM_GCC_541\Debug\OS2.a(SW2.o)
                0x0000d72c                SW2_ReadDataReg
 .text.SW2_ClearInterrupt
                0x0000d748       0x30 .\CortexM0\ARM_GCC_541\Debug\OS2.a(SW2.o)
                0x0000d748                SW2_ClearInterrupt
 .text          0x0000d778        0x0 .\CortexM0\ARM_GCC_541\Debug\OS2.a(Accel_ISR.o)
 .text.Accel_ISR_Start
                0x0000d778       0x24 .\CortexM0\ARM_GCC_541\Debug\OS2.a(Accel_ISR.o)
                0x0000d778                Accel_ISR_Start
 .text.Accel_ISR_StartEx
                0x0000d79c       0x28 .\CortexM0\ARM_GCC_541\Debug\OS2.a(Accel_ISR.o)
                0x0000d79c                Accel_ISR_StartEx
 .text.Accel_ISR_Stop
                0x0000d7c4       0x1c .\CortexM0\ARM_GCC_541\Debug\OS2.a(Accel_ISR.o)
                0x0000d7c4                Accel_ISR_Stop
 .text.Accel_ISR_Interrupt
                0x0000d7e0        0xc .\CortexM0\ARM_GCC_541\Debug\OS2.a(Accel_ISR.o)
                0x0000d7e0                Accel_ISR_Interrupt
 .text.Accel_ISR_SetVector
                0x0000d7ec       0x1c .\CortexM0\ARM_GCC_541\Debug\OS2.a(Accel_ISR.o)
                0x0000d7ec                Accel_ISR_SetVector
 .text.Accel_ISR_GetVector
                0x0000d808       0x14 .\CortexM0\ARM_GCC_541\Debug\OS2.a(Accel_ISR.o)
                0x0000d808                Accel_ISR_GetVector
 .text.Accel_ISR_SetPriority
                0x0000d81c       0x50 .\CortexM0\ARM_GCC_541\Debug\OS2.a(Accel_ISR.o)
                0x0000d81c                Accel_ISR_SetPriority
 .text.Accel_ISR_GetPriority
                0x0000d86c       0x2c .\CortexM0\ARM_GCC_541\Debug\OS2.a(Accel_ISR.o)
                0x0000d86c                Accel_ISR_GetPriority
 .text.Accel_ISR_Enable
                0x0000d898       0x14 .\CortexM0\ARM_GCC_541\Debug\OS2.a(Accel_ISR.o)
                0x0000d898                Accel_ISR_Enable
 .text.Accel_ISR_GetState
                0x0000d8ac       0x20 .\CortexM0\ARM_GCC_541\Debug\OS2.a(Accel_ISR.o)
                0x0000d8ac                Accel_ISR_GetState
 .text.Accel_ISR_Disable
                0x0000d8cc       0x14 .\CortexM0\ARM_GCC_541\Debug\OS2.a(Accel_ISR.o)
                0x0000d8cc                Accel_ISR_Disable
 .text.Accel_ISR_SetPending
                0x0000d8e0       0x14 .\CortexM0\ARM_GCC_541\Debug\OS2.a(Accel_ISR.o)
                0x0000d8e0                Accel_ISR_SetPending
 .text.Accel_ISR_ClearPending
                0x0000d8f4       0x14 .\CortexM0\ARM_GCC_541\Debug\OS2.a(Accel_ISR.o)
                0x0000d8f4                Accel_ISR_ClearPending
 .text          0x0000d908        0x0 .\CortexM0\ARM_GCC_541\Debug\OS2.a(Temp_Sensor.o)
 .text.Temp_Sensor_Start
                0x0000d908       0x24 .\CortexM0\ARM_GCC_541\Debug\OS2.a(Temp_Sensor.o)
                0x0000d908                Temp_Sensor_Start
 .text.Temp_Sensor_Stop
                0x0000d92c       0x44 .\CortexM0\ARM_GCC_541\Debug\OS2.a(Temp_Sensor.o)
                0x0000d92c                Temp_Sensor_Stop
 .text.Temp_Sensor_Init
                0x0000d970       0x20 .\CortexM0\ARM_GCC_541\Debug\OS2.a(Temp_Sensor.o)
                0x0000d970                Temp_Sensor_Init
 .text.Temp_Sensor_Enable
                0x0000d990       0x78 .\CortexM0\ARM_GCC_541\Debug\OS2.a(Temp_Sensor.o)
                0x0000d990                Temp_Sensor_Enable
 .text.Temp_Sensor_Trigger
                0x0000da08       0x4c .\CortexM0\ARM_GCC_541\Debug\OS2.a(Temp_Sensor.o)
                0x0000da08                Temp_Sensor_Trigger
 .text.Temp_Sensor_GetTemperature
                0x0000da54       0x70 .\CortexM0\ARM_GCC_541\Debug\OS2.a(Temp_Sensor.o)
                0x0000da54                Temp_Sensor_GetTemperature
 .text.Temp_Sensor_ConversionStatus
                0x0000dac4       0x1c .\CortexM0\ARM_GCC_541\Debug\OS2.a(Temp_Sensor.o)
                0x0000dac4                Temp_Sensor_ConversionStatus
 .text.Temp_Sensor_SetMode
                0x0000dae0       0x20 .\CortexM0\ARM_GCC_541\Debug\OS2.a(Temp_Sensor.o)
                0x0000dae0                Temp_Sensor_SetMode
 .text.Temp_Sensor_DiscoverSensors
                0x0000db00      0x10c .\CortexM0\ARM_GCC_541\Debug\OS2.a(Temp_Sensor.o)
                0x0000db00                Temp_Sensor_DiscoverSensors
 .text          0x0000dc0c        0x0 .\CortexM0\ARM_GCC_541\Debug\OS2.a(Temp_Sensor_INT.o)
 .text.Temp_Sensor_EOC_ISR_Int
                0x0000dc0c       0xc0 .\CortexM0\ARM_GCC_541\Debug\OS2.a(Temp_Sensor_INT.o)
                0x0000dc0c                Temp_Sensor_EOC_ISR_Int
 .text          0x0000dccc        0x0 .\CortexM0\ARM_GCC_541\Debug\OS2.a(DMA.o)
 .text.DMA_ChEnable
                0x0000dccc       0x10 .\CortexM0\ARM_GCC_541\Debug\OS2.a(DMA.o)
 .text.DMA_ValidateDescriptor
                0x0000dcdc       0x1c .\CortexM0\ARM_GCC_541\Debug\OS2.a(DMA.o)
 .text.DMA_SetSrcAddress
                0x0000dcf8       0x20 .\CortexM0\ARM_GCC_541\Debug\OS2.a(DMA.o)
 .text.DMA_SetDstAddress
                0x0000dd18       0x20 .\CortexM0\ARM_GCC_541\Debug\OS2.a(DMA.o)
 .text.DMA_Start
                0x0000dd38       0x4c .\CortexM0\ARM_GCC_541\Debug\OS2.a(DMA.o)
                0x0000dd38                DMA_Start
 .text.DMA_Init
                0x0000dd84       0x28 .\CortexM0\ARM_GCC_541\Debug\OS2.a(DMA.o)
                0x0000dd84                DMA_Init
 .text          0x0000ddac        0x0 .\CortexM0\ARM_GCC_541\Debug\OS2.a(Opamp.o)
 .text.Opamp_Init
                0x0000ddac       0x34 .\CortexM0\ARM_GCC_541\Debug\OS2.a(Opamp.o)
                0x0000ddac                Opamp_Init
 .text.Opamp_Enable
                0x0000dde0       0x28 .\CortexM0\ARM_GCC_541\Debug\OS2.a(Opamp.o)
                0x0000dde0                Opamp_Enable
 .text.Opamp_Start
                0x0000de08       0x24 .\CortexM0\ARM_GCC_541\Debug\OS2.a(Opamp.o)
                0x0000de08                Opamp_Start
 .text.Opamp_Stop
                0x0000de2c       0x20 .\CortexM0\ARM_GCC_541\Debug\OS2.a(Opamp.o)
                0x0000de2c                Opamp_Stop
 .text.Opamp_SetPower
                0x0000de4c       0x38 .\CortexM0\ARM_GCC_541\Debug\OS2.a(Opamp.o)
                0x0000de4c                Opamp_SetPower
 .text.Opamp_PumpControl
                0x0000de84       0x3c .\CortexM0\ARM_GCC_541\Debug\OS2.a(Opamp.o)
                0x0000de84                Opamp_PumpControl
 .text          0x0000dec0        0x0 .\CortexM0\ARM_GCC_541\Debug\OS2.a(ADC.o)
 .text.ADC_Start
                0x0000dec0       0x24 .\CortexM0\ARM_GCC_541\Debug\OS2.a(ADC.o)
                0x0000dec0                ADC_Start
 .text.ADC_Init
                0x0000dee4      0x1bc .\CortexM0\ARM_GCC_541\Debug\OS2.a(ADC.o)
                0x0000dee4                ADC_Init
 .text.ADC_Enable
                0x0000e0a0       0x38 .\CortexM0\ARM_GCC_541\Debug\OS2.a(ADC.o)
                0x0000e0a0                ADC_Enable
 .text.ADC_Stop
                0x0000e0d8       0x1c .\CortexM0\ARM_GCC_541\Debug\OS2.a(ADC.o)
                0x0000e0d8                ADC_Stop
 .text.ADC_StartConvert
                0x0000e0f4       0x1c .\CortexM0\ARM_GCC_541\Debug\OS2.a(ADC.o)
                0x0000e0f4                ADC_StartConvert
 .text.ADC_StopConvert
                0x0000e110       0x20 .\CortexM0\ARM_GCC_541\Debug\OS2.a(ADC.o)
                0x0000e110                ADC_StopConvert
 .text.ADC_IsEndConversion
                0x0000e130       0x48 .\CortexM0\ARM_GCC_541\Debug\OS2.a(ADC.o)
                0x0000e130                ADC_IsEndConversion
 .text.ADC_GetResult16
                0x0000e178       0x44 .\CortexM0\ARM_GCC_541\Debug\OS2.a(ADC.o)
                0x0000e178                ADC_GetResult16
 .text.ADC_SetChanMask
                0x0000e1bc       0x20 .\CortexM0\ARM_GCC_541\Debug\OS2.a(ADC.o)
                0x0000e1bc                ADC_SetChanMask
 .text.ADC_SetLowLimit
                0x0000e1dc       0x30 .\CortexM0\ARM_GCC_541\Debug\OS2.a(ADC.o)
                0x0000e1dc                ADC_SetLowLimit
 .text.ADC_SetHighLimit
                0x0000e20c       0x30 .\CortexM0\ARM_GCC_541\Debug\OS2.a(ADC.o)
                0x0000e20c                ADC_SetHighLimit
 .text.ADC_SetLimitMask
                0x0000e23c       0x20 .\CortexM0\ARM_GCC_541\Debug\OS2.a(ADC.o)
                0x0000e23c                ADC_SetLimitMask
 .text.ADC_SetSatMask
                0x0000e25c       0x20 .\CortexM0\ARM_GCC_541\Debug\OS2.a(ADC.o)
                0x0000e25c                ADC_SetSatMask
 .text.ADC_SetOffset
                0x0000e27c       0x34 .\CortexM0\ARM_GCC_541\Debug\OS2.a(ADC.o)
                0x0000e27c                ADC_SetOffset
 .text.ADC_SetGain
                0x0000e2b0       0x2c .\CortexM0\ARM_GCC_541\Debug\OS2.a(ADC.o)
                0x0000e2b0                ADC_SetGain
 .text.ADC_CountsTo_mVolts
                0x0000e2dc       0xa0 .\CortexM0\ARM_GCC_541\Debug\OS2.a(ADC.o)
                0x0000e2dc                ADC_CountsTo_mVolts
 .text.ADC_CountsTo_uVolts
                0x0000e37c       0x90 .\CortexM0\ARM_GCC_541\Debug\OS2.a(ADC.o)
                0x0000e37c                ADC_CountsTo_uVolts
 .text.ADC_CountsTo_Volts
                0x0000e40c       0x80 .\CortexM0\ARM_GCC_541\Debug\OS2.a(ADC.o)
                0x0000e40c                ADC_CountsTo_Volts
 .text          0x0000e48c        0x0 .\CortexM0\ARM_GCC_541\Debug\OS2.a(ADC_INT.o)
 .text.ADC_ISR  0x0000e48c       0x20 .\CortexM0\ARM_GCC_541\Debug\OS2.a(ADC_INT.o)
                0x0000e48c                ADC_ISR
 .text          0x0000e4ac        0x0 .\CortexM0\ARM_GCC_541\Debug\OS2.a(Temp_Sensor_EOC_ISR.o)
 .text.Temp_Sensor_EOC_ISR_Start
                0x0000e4ac       0x24 .\CortexM0\ARM_GCC_541\Debug\OS2.a(Temp_Sensor_EOC_ISR.o)
                0x0000e4ac                Temp_Sensor_EOC_ISR_Start
 .text.Temp_Sensor_EOC_ISR_StartEx
                0x0000e4d0       0x28 .\CortexM0\ARM_GCC_541\Debug\OS2.a(Temp_Sensor_EOC_ISR.o)
                0x0000e4d0                Temp_Sensor_EOC_ISR_StartEx
 .text.Temp_Sensor_EOC_ISR_Stop
                0x0000e4f8       0x1c .\CortexM0\ARM_GCC_541\Debug\OS2.a(Temp_Sensor_EOC_ISR.o)
                0x0000e4f8                Temp_Sensor_EOC_ISR_Stop
 .text.Temp_Sensor_EOC_ISR_Interrupt
                0x0000e514        0xc .\CortexM0\ARM_GCC_541\Debug\OS2.a(Temp_Sensor_EOC_ISR.o)
                0x0000e514                Temp_Sensor_EOC_ISR_Interrupt
 .text.Temp_Sensor_EOC_ISR_SetVector
                0x0000e520       0x1c .\CortexM0\ARM_GCC_541\Debug\OS2.a(Temp_Sensor_EOC_ISR.o)
                0x0000e520                Temp_Sensor_EOC_ISR_SetVector
 .text.Temp_Sensor_EOC_ISR_GetVector
                0x0000e53c       0x14 .\CortexM0\ARM_GCC_541\Debug\OS2.a(Temp_Sensor_EOC_ISR.o)
                0x0000e53c                Temp_Sensor_EOC_ISR_GetVector
 .text.Temp_Sensor_EOC_ISR_SetPriority
                0x0000e550       0x50 .\CortexM0\ARM_GCC_541\Debug\OS2.a(Temp_Sensor_EOC_ISR.o)
                0x0000e550                Temp_Sensor_EOC_ISR_SetPriority
 .text.Temp_Sensor_EOC_ISR_GetPriority
                0x0000e5a0       0x2c .\CortexM0\ARM_GCC_541\Debug\OS2.a(Temp_Sensor_EOC_ISR.o)
                0x0000e5a0                Temp_Sensor_EOC_ISR_GetPriority
 .text.Temp_Sensor_EOC_ISR_Enable
                0x0000e5cc       0x14 .\CortexM0\ARM_GCC_541\Debug\OS2.a(Temp_Sensor_EOC_ISR.o)
                0x0000e5cc                Temp_Sensor_EOC_ISR_Enable
 .text.Temp_Sensor_EOC_ISR_GetState
                0x0000e5e0       0x1c .\CortexM0\ARM_GCC_541\Debug\OS2.a(Temp_Sensor_EOC_ISR.o)
                0x0000e5e0                Temp_Sensor_EOC_ISR_GetState
 .text.Temp_Sensor_EOC_ISR_Disable
                0x0000e5fc       0x14 .\CortexM0\ARM_GCC_541\Debug\OS2.a(Temp_Sensor_EOC_ISR.o)
                0x0000e5fc                Temp_Sensor_EOC_ISR_Disable
 .text.Temp_Sensor_EOC_ISR_SetPending
                0x0000e610       0x14 .\CortexM0\ARM_GCC_541\Debug\OS2.a(Temp_Sensor_EOC_ISR.o)
                0x0000e610                Temp_Sensor_EOC_ISR_SetPending
 .text.Temp_Sensor_EOC_ISR_ClearPending
                0x0000e624       0x14 .\CortexM0\ARM_GCC_541\Debug\OS2.a(Temp_Sensor_EOC_ISR.o)
                0x0000e624                Temp_Sensor_EOC_ISR_ClearPending
 .text          0x0000e638        0x0 .\CortexM0\ARM_GCC_541\Debug\OS2.a(CyLib.o)
 .text.CySysClkImoStart
                0x0000e638       0x1c .\CortexM0\ARM_GCC_541\Debug\OS2.a(CyLib.o)
                0x0000e638                CySysClkImoStart
 .text.CySysClkImoStop
                0x0000e654       0x20 .\CortexM0\ARM_GCC_541\Debug\OS2.a(CyLib.o)
                0x0000e654                CySysClkImoStop
 .text.CySysClkImoEnableWcoLock
                0x0000e674       0xfc .\CortexM0\ARM_GCC_541\Debug\OS2.a(CyLib.o)
                0x0000e674                CySysClkImoEnableWcoLock
 .text.CySysClkImoDisableWcoLock
                0x0000e770       0x20 .\CortexM0\ARM_GCC_541\Debug\OS2.a(CyLib.o)
                0x0000e770                CySysClkImoDisableWcoLock
 .text.CySysClkImoGetWcoLock
                0x0000e790       0x20 .\CortexM0\ARM_GCC_541\Debug\OS2.a(CyLib.o)
 .text.CySysClkWriteHfclkDirect
                0x0000e7b0       0x44 .\CortexM0\ARM_GCC_541\Debug\OS2.a(CyLib.o)
                0x0000e7b0                CySysClkWriteHfclkDirect
 .text.CySysClkWriteSysclkDiv
                0x0000e7f4       0x48 .\CortexM0\ARM_GCC_541\Debug\OS2.a(CyLib.o)
                0x0000e7f4                CySysClkWriteSysclkDiv
 .text.CySysClkWriteImoFreq
                0x0000e83c       0xb8 .\CortexM0\ARM_GCC_541\Debug\OS2.a(CyLib.o)
                0x0000e83c                CySysClkWriteImoFreq
 .text.CySysLvdEnable
                0x0000e8f4       0x64 .\CortexM0\ARM_GCC_541\Debug\OS2.a(CyLib.o)
                0x0000e8f4                CySysLvdEnable
 .text.CySysLvdDisable
                0x0000e958       0x2c .\CortexM0\ARM_GCC_541\Debug\OS2.a(CyLib.o)
                0x0000e958                CySysLvdDisable
 .text.CySysLvdGetInterruptSource
                0x0000e984       0x18 .\CortexM0\ARM_GCC_541\Debug\OS2.a(CyLib.o)
                0x0000e984                CySysLvdGetInterruptSource
 .text.CySysLvdClearInterrupt
                0x0000e99c       0x14 .\CortexM0\ARM_GCC_541\Debug\OS2.a(CyLib.o)
                0x0000e99c                CySysLvdClearInterrupt
 .text.CySysGetResetReason
                0x0000e9b0       0x30 .\CortexM0\ARM_GCC_541\Debug\OS2.a(CyLib.o)
                0x0000e9b0                CySysGetResetReason