ARM GAS  C:\Users\ADMINI~1\AppData\Local\Temp\ccxz1S6I.s 			page 1


   1              		.syntax unified
   2              		.cpu cortex-m0
   3              		.fpu softvfp
   4              		.eabi_attribute 20, 1
   5              		.eabi_attribute 21, 1
   6              		.eabi_attribute 23, 3
   7              		.eabi_attribute 24, 1
   8              		.eabi_attribute 25, 1
   9              		.eabi_attribute 26, 1
  10              		.eabi_attribute 30, 6
  11              		.eabi_attribute 34, 0
  12              		.eabi_attribute 18, 4
  13              		.thumb
  14              		.syntax unified
  15              		.file	"Temp_Sensor.c"
  16              		.text
  17              	.Ltext0:
  18              		.cfi_sections	.debug_frame
  19              		.global	Temp_Sensor_initVar
  20              		.bss
  21              		.type	Temp_Sensor_initVar, %object
  22              		.size	Temp_Sensor_initVar, 1
  23              	Temp_Sensor_initVar:
  24 0000 00       		.space	1
  25              		.comm	Temp_Sensor_lo,2,4
  26              		.comm	Temp_Sensor_hi,2,4
  27              		.comm	Temp_Sensor_busyFlag,1,1
  28              		.comm	Temp_Sensor_contMode,1,1
  29              		.section	.text.Temp_Sensor_Start,"ax",%progbits
  30              		.align	2
  31              		.global	Temp_Sensor_Start
  32              		.code	16
  33              		.thumb_func
  34              		.type	Temp_Sensor_Start, %function
  35              	Temp_Sensor_Start:
  36              	.LFB1:
  37              		.file 1 "Generated_Source\\PSoC4\\Temp_Sensor.c"
   1:Generated_Source\PSoC4/Temp_Sensor.c **** /*******************************************************************************
   2:Generated_Source\PSoC4/Temp_Sensor.c **** * File Name: Temp_Sensor.c
   3:Generated_Source\PSoC4/Temp_Sensor.c **** * Version 1.10
   4:Generated_Source\PSoC4/Temp_Sensor.c **** *
   5:Generated_Source\PSoC4/Temp_Sensor.c **** * Description:
   6:Generated_Source\PSoC4/Temp_Sensor.c **** *  This file provides all API functionality of the Temp_Sensor component.
   7:Generated_Source\PSoC4/Temp_Sensor.c **** *
   8:Generated_Source\PSoC4/Temp_Sensor.c **** * Note:
   9:Generated_Source\PSoC4/Temp_Sensor.c **** *  None
  10:Generated_Source\PSoC4/Temp_Sensor.c **** *
  11:Generated_Source\PSoC4/Temp_Sensor.c **** ********************************************************************************
  12:Generated_Source\PSoC4/Temp_Sensor.c **** * Copyright 2012-2013, Cypress Semiconductor Corporation.  All rights reserved.
  13:Generated_Source\PSoC4/Temp_Sensor.c **** * You may use this file only in accordance with the license, terms, conditions,
  14:Generated_Source\PSoC4/Temp_Sensor.c **** * disclaimers, and limitations in the end user license agreement accompanying
  15:Generated_Source\PSoC4/Temp_Sensor.c **** * the software package with which this file was provided.
  16:Generated_Source\PSoC4/Temp_Sensor.c **** *******************************************************************************/
  17:Generated_Source\PSoC4/Temp_Sensor.c **** 
  18:Generated_Source\PSoC4/Temp_Sensor.c **** #include "Temp_Sensor_PVT.h"
  19:Generated_Source\PSoC4/Temp_Sensor.c **** 
  20:Generated_Source\PSoC4/Temp_Sensor.c **** 
ARM GAS  C:\Users\ADMINI~1\AppData\Local\Temp\ccxz1S6I.s 			page 2


  21:Generated_Source\PSoC4/Temp_Sensor.c **** /*******************************************************************************
  22:Generated_Source\PSoC4/Temp_Sensor.c **** * Variables
  23:Generated_Source\PSoC4/Temp_Sensor.c **** ********************************************************************************/
  24:Generated_Source\PSoC4/Temp_Sensor.c **** uint8  Temp_Sensor_initVar = 0u;
  25:Generated_Source\PSoC4/Temp_Sensor.c **** volatile uint16 Temp_Sensor_lo[Temp_Sensor_CUSTOM_NUM_SENSORS];
  26:Generated_Source\PSoC4/Temp_Sensor.c **** volatile uint16 Temp_Sensor_hi[Temp_Sensor_CUSTOM_NUM_SENSORS];
  27:Generated_Source\PSoC4/Temp_Sensor.c **** volatile uint8  Temp_Sensor_busyFlag;
  28:Generated_Source\PSoC4/Temp_Sensor.c **** volatile uint8  Temp_Sensor_contMode;
  29:Generated_Source\PSoC4/Temp_Sensor.c **** 
  30:Generated_Source\PSoC4/Temp_Sensor.c **** 
  31:Generated_Source\PSoC4/Temp_Sensor.c **** /*******************************************************************************
  32:Generated_Source\PSoC4/Temp_Sensor.c **** * Function Name: Temp_Sensor_Start
  33:Generated_Source\PSoC4/Temp_Sensor.c **** ********************************************************************************
  34:Generated_Source\PSoC4/Temp_Sensor.c **** *
  35:Generated_Source\PSoC4/Temp_Sensor.c **** * Summary:
  36:Generated_Source\PSoC4/Temp_Sensor.c **** * Starts the component. Calls the Temp_Sensor_Init() API if the component
  37:Generated_Source\PSoC4/Temp_Sensor.c **** * has not been initialized before. Calls the enable API.
  38:Generated_Source\PSoC4/Temp_Sensor.c **** *
  39:Generated_Source\PSoC4/Temp_Sensor.c **** * Parameters:
  40:Generated_Source\PSoC4/Temp_Sensor.c **** *  None
  41:Generated_Source\PSoC4/Temp_Sensor.c **** *
  42:Generated_Source\PSoC4/Temp_Sensor.c **** * Return:
  43:Generated_Source\PSoC4/Temp_Sensor.c **** *  None
  44:Generated_Source\PSoC4/Temp_Sensor.c **** *
  45:Generated_Source\PSoC4/Temp_Sensor.c **** * Global Variables:
  46:Generated_Source\PSoC4/Temp_Sensor.c **** *  Temp_Sensor_initVar - used to check initial configuration, modified on
  47:Generated_Source\PSoC4/Temp_Sensor.c **** *  first function call.
  48:Generated_Source\PSoC4/Temp_Sensor.c **** *
  49:Generated_Source\PSoC4/Temp_Sensor.c **** *******************************************************************************/
  50:Generated_Source\PSoC4/Temp_Sensor.c **** void Temp_Sensor_Start(void) 
  51:Generated_Source\PSoC4/Temp_Sensor.c **** {
  38              		.loc 1 51 0
  39              		.cfi_startproc
  40              		@ args = 0, pretend = 0, frame = 0
  41              		@ frame_needed = 1, uses_anonymous_args = 0
  42 0000 80B5     		push	{r7, lr}
  43              		.cfi_def_cfa_offset 8
  44              		.cfi_offset 7, -8
  45              		.cfi_offset 14, -4
  46 0002 00AF     		add	r7, sp, #0
  47              		.cfi_def_cfa_register 7
  52:Generated_Source\PSoC4/Temp_Sensor.c ****     /* If not already initialized, then initialize hardware and software */
  53:Generated_Source\PSoC4/Temp_Sensor.c ****     if(0u == Temp_Sensor_initVar)
  48              		.loc 1 53 0
  49 0004 064B     		ldr	r3, .L3
  50 0006 1B78     		ldrb	r3, [r3]
  51 0008 002B     		cmp	r3, #0
  52 000a 04D1     		bne	.L2
  54:Generated_Source\PSoC4/Temp_Sensor.c ****     {
  55:Generated_Source\PSoC4/Temp_Sensor.c ****         Temp_Sensor_Init();
  53              		.loc 1 55 0
  54 000c FFF7FEFF 		bl	Temp_Sensor_Init
  56:Generated_Source\PSoC4/Temp_Sensor.c ****         Temp_Sensor_initVar = 1u;
  55              		.loc 1 56 0
  56 0010 034B     		ldr	r3, .L3
  57 0012 0122     		movs	r2, #1
  58 0014 1A70     		strb	r2, [r3]
ARM GAS  C:\Users\ADMINI~1\AppData\Local\Temp\ccxz1S6I.s 			page 3


  59              	.L2:
  57:Generated_Source\PSoC4/Temp_Sensor.c ****     }
  58:Generated_Source\PSoC4/Temp_Sensor.c ****     Temp_Sensor_Enable();
  60              		.loc 1 58 0
  61 0016 FFF7FEFF 		bl	Temp_Sensor_Enable
  59:Generated_Source\PSoC4/Temp_Sensor.c **** }
  62              		.loc 1 59 0
  63 001a C046     		nop
  64 001c BD46     		mov	sp, r7
  65              		@ sp needed
  66 001e 80BD     		pop	{r7, pc}
  67              	.L4:
  68              		.align	2
  69              	.L3:
  70 0020 00000000 		.word	Temp_Sensor_initVar
  71              		.cfi_endproc
  72              	.LFE1:
  73              		.size	Temp_Sensor_Start, .-Temp_Sensor_Start
  74              		.section	.text.Temp_Sensor_Stop,"ax",%progbits
  75              		.align	2
  76              		.global	Temp_Sensor_Stop
  77              		.code	16
  78              		.thumb_func
  79              		.type	Temp_Sensor_Stop, %function
  80              	Temp_Sensor_Stop:
  81              	.LFB2:
  60:Generated_Source\PSoC4/Temp_Sensor.c **** 
  61:Generated_Source\PSoC4/Temp_Sensor.c **** 
  62:Generated_Source\PSoC4/Temp_Sensor.c **** /*******************************************************************************
  63:Generated_Source\PSoC4/Temp_Sensor.c **** * Function Name: Temp_Sensor_Stop
  64:Generated_Source\PSoC4/Temp_Sensor.c **** ********************************************************************************
  65:Generated_Source\PSoC4/Temp_Sensor.c **** *
  66:Generated_Source\PSoC4/Temp_Sensor.c **** * Summary:
  67:Generated_Source\PSoC4/Temp_Sensor.c **** *  Disables and stops the component.
  68:Generated_Source\PSoC4/Temp_Sensor.c **** *
  69:Generated_Source\PSoC4/Temp_Sensor.c **** * Parameters:
  70:Generated_Source\PSoC4/Temp_Sensor.c **** *  None
  71:Generated_Source\PSoC4/Temp_Sensor.c **** *
  72:Generated_Source\PSoC4/Temp_Sensor.c **** * Return:
  73:Generated_Source\PSoC4/Temp_Sensor.c **** *  None
  74:Generated_Source\PSoC4/Temp_Sensor.c **** *
  75:Generated_Source\PSoC4/Temp_Sensor.c **** * Global Variables:
  76:Generated_Source\PSoC4/Temp_Sensor.c **** *  Temp_Sensor_busyFlag - used for reflect sensor masuring.
  77:Generated_Source\PSoC4/Temp_Sensor.c **** *
  78:Generated_Source\PSoC4/Temp_Sensor.c **** ***************u****************************************************************/
  79:Generated_Source\PSoC4/Temp_Sensor.c **** void Temp_Sensor_Stop(void) 
  80:Generated_Source\PSoC4/Temp_Sensor.c **** {
  82              		.loc 1 80 0
  83              		.cfi_startproc
  84              		@ args = 0, pretend = 0, frame = 8
  85              		@ frame_needed = 1, uses_anonymous_args = 0
  86 0000 90B5     		push	{r4, r7, lr}
  87              		.cfi_def_cfa_offset 12
  88              		.cfi_offset 4, -12
  89              		.cfi_offset 7, -8
  90              		.cfi_offset 14, -4
  91 0002 83B0     		sub	sp, sp, #12
ARM GAS  C:\Users\ADMINI~1\AppData\Local\Temp\ccxz1S6I.s 			page 4


  92              		.cfi_def_cfa_offset 24
  93 0004 00AF     		add	r7, sp, #0
  94              		.cfi_def_cfa_register 7
  81:Generated_Source\PSoC4/Temp_Sensor.c ****     uint8 enableInterrupts;
  82:Generated_Source\PSoC4/Temp_Sensor.c **** 
  83:Generated_Source\PSoC4/Temp_Sensor.c ****     /* Change shared regs, need to be safety */
  84:Generated_Source\PSoC4/Temp_Sensor.c ****     enableInterrupts = CyEnterCriticalSection();
  95              		.loc 1 84 0
  96 0006 FC1D     		adds	r4, r7, #7
  97 0008 FFF7FEFF 		bl	CyEnterCriticalSection
  98 000c 0300     		movs	r3, r0
  99 000e 2370     		strb	r3, [r4]
  85:Generated_Source\PSoC4/Temp_Sensor.c **** 
  86:Generated_Source\PSoC4/Temp_Sensor.c ****     Temp_Sensor_CONTROL_REG = (Temp_Sensor_CONTROL_REG & Temp_Sensor_CTRL_EOC_TRIG);
 100              		.loc 1 86 0
 101 0010 0A4A     		ldr	r2, .L6
 102 0012 0A4B     		ldr	r3, .L6
 103 0014 1B78     		ldrb	r3, [r3]
 104 0016 DBB2     		uxtb	r3, r3
 105 0018 0921     		movs	r1, #9
 106 001a 0B40     		ands	r3, r1
 107 001c DBB2     		uxtb	r3, r3
 108 001e 1370     		strb	r3, [r2]
  87:Generated_Source\PSoC4/Temp_Sensor.c ****  
  88:Generated_Source\PSoC4/Temp_Sensor.c ****     Temp_Sensor_EOC_ISR_Disable();
 109              		.loc 1 88 0
 110 0020 FFF7FEFF 		bl	Temp_Sensor_EOC_ISR_Disable
  89:Generated_Source\PSoC4/Temp_Sensor.c **** 
  90:Generated_Source\PSoC4/Temp_Sensor.c ****     Temp_Sensor_busyFlag = 0u;
 111              		.loc 1 90 0
 112 0024 064B     		ldr	r3, .L6+4
 113 0026 0022     		movs	r2, #0
 114 0028 1A70     		strb	r2, [r3]
  91:Generated_Source\PSoC4/Temp_Sensor.c **** 
  92:Generated_Source\PSoC4/Temp_Sensor.c ****     /* shared regs config are done */
  93:Generated_Source\PSoC4/Temp_Sensor.c ****     CyExitCriticalSection(enableInterrupts);
 115              		.loc 1 93 0
 116 002a FB1D     		adds	r3, r7, #7
 117 002c 1B78     		ldrb	r3, [r3]
 118 002e 1800     		movs	r0, r3
 119 0030 FFF7FEFF 		bl	CyExitCriticalSection
  94:Generated_Source\PSoC4/Temp_Sensor.c **** }
 120              		.loc 1 94 0
 121 0034 C046     		nop
 122 0036 BD46     		mov	sp, r7
 123 0038 03B0     		add	sp, sp, #12
 124              		@ sp needed
 125 003a 90BD     		pop	{r4, r7, pc}
 126              	.L7:
 127              		.align	2
 128              	.L6:
 129 003c 71000F40 		.word	1074724977
 130 0040 00000000 		.word	Temp_Sensor_busyFlag
 131              		.cfi_endproc
 132              	.LFE2:
 133              		.size	Temp_Sensor_Stop, .-Temp_Sensor_Stop
 134              		.section	.text.Temp_Sensor_Init,"ax",%progbits
ARM GAS  C:\Users\ADMINI~1\AppData\Local\Temp\ccxz1S6I.s 			page 5


 135              		.align	2
 136              		.global	Temp_Sensor_Init
 137              		.code	16
 138              		.thumb_func
 139              		.type	Temp_Sensor_Init, %function
 140              	Temp_Sensor_Init:
 141              	.LFB3:
  95:Generated_Source\PSoC4/Temp_Sensor.c **** 
  96:Generated_Source\PSoC4/Temp_Sensor.c **** /*******************************************************************************
  97:Generated_Source\PSoC4/Temp_Sensor.c **** * Function Name: Temp_Sensor_Init()
  98:Generated_Source\PSoC4/Temp_Sensor.c **** ********************************************************************************
  99:Generated_Source\PSoC4/Temp_Sensor.c **** *
 100:Generated_Source\PSoC4/Temp_Sensor.c **** * Summary:
 101:Generated_Source\PSoC4/Temp_Sensor.c **** *  Initializes the component.
 102:Generated_Source\PSoC4/Temp_Sensor.c **** *
 103:Generated_Source\PSoC4/Temp_Sensor.c **** * Parameters:
 104:Generated_Source\PSoC4/Temp_Sensor.c **** *  None
 105:Generated_Source\PSoC4/Temp_Sensor.c **** *
 106:Generated_Source\PSoC4/Temp_Sensor.c **** * Return:
 107:Generated_Source\PSoC4/Temp_Sensor.c **** *  None
 108:Generated_Source\PSoC4/Temp_Sensor.c **** *
 109:Generated_Source\PSoC4/Temp_Sensor.c **** * Side Effects:
 110:Generated_Source\PSoC4/Temp_Sensor.c **** *  None
 111:Generated_Source\PSoC4/Temp_Sensor.c **** *
 112:Generated_Source\PSoC4/Temp_Sensor.c **** * Global Variables:
 113:Generated_Source\PSoC4/Temp_Sensor.c **** *  Temp_Sensor_busyFlag - used for reflect sensor masuring.
 114:Generated_Source\PSoC4/Temp_Sensor.c **** *  Temp_Sensor_contMode - used for reflect modes of operation used:
 115:Generated_Source\PSoC4/Temp_Sensor.c **** *     - Temp_Sensor_MODE_CONTINUOUS.
 116:Generated_Source\PSoC4/Temp_Sensor.c **** *     - Temp_Sensor_MODE_ONESHOT.
 117:Generated_Source\PSoC4/Temp_Sensor.c **** *
 118:Generated_Source\PSoC4/Temp_Sensor.c **** ********************************************************************************/
 119:Generated_Source\PSoC4/Temp_Sensor.c **** void Temp_Sensor_Init(void) 
 120:Generated_Source\PSoC4/Temp_Sensor.c **** {
 142              		.loc 1 120 0
 143              		.cfi_startproc
 144              		@ args = 0, pretend = 0, frame = 0
 145              		@ frame_needed = 1, uses_anonymous_args = 0
 146 0000 80B5     		push	{r7, lr}
 147              		.cfi_def_cfa_offset 8
 148              		.cfi_offset 7, -8
 149              		.cfi_offset 14, -4
 150 0002 00AF     		add	r7, sp, #0
 151              		.cfi_def_cfa_register 7
 121:Generated_Source\PSoC4/Temp_Sensor.c ****     Temp_Sensor_contMode = Temp_Sensor_CUSTOM_CONTINUOUS_MODE;
 152              		.loc 1 121 0
 153 0004 044B     		ldr	r3, .L9
 154 0006 0022     		movs	r2, #0
 155 0008 1A70     		strb	r2, [r3]
 122:Generated_Source\PSoC4/Temp_Sensor.c ****     Temp_Sensor_busyFlag = 0u;
 156              		.loc 1 122 0
 157 000a 044B     		ldr	r3, .L9+4
 158 000c 0022     		movs	r2, #0
 159 000e 1A70     		strb	r2, [r3]
 123:Generated_Source\PSoC4/Temp_Sensor.c **** }
 160              		.loc 1 123 0
 161 0010 C046     		nop
 162 0012 BD46     		mov	sp, r7
ARM GAS  C:\Users\ADMINI~1\AppData\Local\Temp\ccxz1S6I.s 			page 6


 163              		@ sp needed
 164 0014 80BD     		pop	{r7, pc}
 165              	.L10:
 166 0016 C046     		.align	2
 167              	.L9:
 168 0018 00000000 		.word	Temp_Sensor_contMode
 169 001c 00000000 		.word	Temp_Sensor_busyFlag
 170              		.cfi_endproc
 171              	.LFE3:
 172              		.size	Temp_Sensor_Init, .-Temp_Sensor_Init
 173              		.section	.text.Temp_Sensor_Enable,"ax",%progbits
 174              		.align	2
 175              		.global	Temp_Sensor_Enable
 176              		.code	16
 177              		.thumb_func
 178              		.type	Temp_Sensor_Enable, %function
 179              	Temp_Sensor_Enable:
 180              	.LFB4:
 124:Generated_Source\PSoC4/Temp_Sensor.c **** 
 125:Generated_Source\PSoC4/Temp_Sensor.c **** 
 126:Generated_Source\PSoC4/Temp_Sensor.c **** /*******************************************************************************
 127:Generated_Source\PSoC4/Temp_Sensor.c **** * Function Name: Temp_Sensor_Enable()
 128:Generated_Source\PSoC4/Temp_Sensor.c **** ********************************************************************************
 129:Generated_Source\PSoC4/Temp_Sensor.c **** *
 130:Generated_Source\PSoC4/Temp_Sensor.c **** * Summary:
 131:Generated_Source\PSoC4/Temp_Sensor.c **** *  Enables the component.
 132:Generated_Source\PSoC4/Temp_Sensor.c **** *
 133:Generated_Source\PSoC4/Temp_Sensor.c **** * Parameters:
 134:Generated_Source\PSoC4/Temp_Sensor.c **** *  None
 135:Generated_Source\PSoC4/Temp_Sensor.c **** *
 136:Generated_Source\PSoC4/Temp_Sensor.c **** * Return:
 137:Generated_Source\PSoC4/Temp_Sensor.c **** *  None
 138:Generated_Source\PSoC4/Temp_Sensor.c **** *
 139:Generated_Source\PSoC4/Temp_Sensor.c **** * Side Effects:
 140:Generated_Source\PSoC4/Temp_Sensor.c **** *  None
 141:Generated_Source\PSoC4/Temp_Sensor.c **** *
 142:Generated_Source\PSoC4/Temp_Sensor.c **** ********************************************************************************/
 143:Generated_Source\PSoC4/Temp_Sensor.c **** void Temp_Sensor_Enable(void) 
 144:Generated_Source\PSoC4/Temp_Sensor.c **** {
 181              		.loc 1 144 0
 182              		.cfi_startproc
 183              		@ args = 0, pretend = 0, frame = 8
 184              		@ frame_needed = 1, uses_anonymous_args = 0
 185 0000 90B5     		push	{r4, r7, lr}
 186              		.cfi_def_cfa_offset 12
 187              		.cfi_offset 4, -12
 188              		.cfi_offset 7, -8
 189              		.cfi_offset 14, -4
 190 0002 83B0     		sub	sp, sp, #12
 191              		.cfi_def_cfa_offset 24
 192 0004 00AF     		add	r7, sp, #0
 193              		.cfi_def_cfa_register 7
 145:Generated_Source\PSoC4/Temp_Sensor.c ****     uint8 enableInterrupts;
 146:Generated_Source\PSoC4/Temp_Sensor.c **** 
 147:Generated_Source\PSoC4/Temp_Sensor.c ****     /* Change shared regs, need to be safety */
 148:Generated_Source\PSoC4/Temp_Sensor.c ****     enableInterrupts = CyEnterCriticalSection();
 194              		.loc 1 148 0
ARM GAS  C:\Users\ADMINI~1\AppData\Local\Temp\ccxz1S6I.s 			page 7


 195 0006 FC1D     		adds	r4, r7, #7
 196 0008 FFF7FEFF 		bl	CyEnterCriticalSection
 197 000c 0300     		movs	r3, r0
 198 000e 2370     		strb	r3, [r4]
 149:Generated_Source\PSoC4/Temp_Sensor.c **** 
 150:Generated_Source\PSoC4/Temp_Sensor.c ****     /* Setup the number of Sensors from the customizer */
 151:Generated_Source\PSoC4/Temp_Sensor.c ****     Temp_Sensor_CONTROL_REG = ((Temp_Sensor_CONTROL_REG & Temp_Sensor_CTRL_EOC_TRIG) | 
 199              		.loc 1 151 0
 200 0010 1449     		ldr	r1, .L12
 201 0012 144B     		ldr	r3, .L12
 202 0014 1B78     		ldrb	r3, [r3]
 203 0016 DBB2     		uxtb	r3, r3
 204 0018 0922     		movs	r2, #9
 205 001a 1340     		ands	r3, r2
 206 001c DBB2     		uxtb	r3, r3
 207 001e 8022     		movs	r2, #128
 208 0020 5242     		rsbs	r2, r2, #0
 209 0022 1343     		orrs	r3, r2
 210 0024 DBB2     		uxtb	r3, r3
 211 0026 0B70     		strb	r3, [r1]
 152:Generated_Source\PSoC4/Temp_Sensor.c ****                                    ((uint8)((Temp_Sensor_CUSTOM_NUM_SENSORS - 1u)  << 
 153:Generated_Source\PSoC4/Temp_Sensor.c ****                                              Temp_Sensor_CTRL_REG_SNS_SHIFT))  |
 154:Generated_Source\PSoC4/Temp_Sensor.c ****                                              Temp_Sensor_CTRL_REG_ENABLE);
 155:Generated_Source\PSoC4/Temp_Sensor.c **** 
 156:Generated_Source\PSoC4/Temp_Sensor.c ****     /* Reset Timer FIFOs */
 157:Generated_Source\PSoC4/Temp_Sensor.c ****     CY_SET_REG16(Temp_Sensor_FIFO_AUXCTL_PTR, (CY_GET_REG16(Temp_Sensor_FIFO_AUXCTL_PTR) |
 212              		.loc 1 157 0
 213 0028 0F4A     		ldr	r2, .L12+4
 214 002a 0F4B     		ldr	r3, .L12+4
 215 002c 1B88     		ldrh	r3, [r3]
 216 002e 9BB2     		uxth	r3, r3
 217 0030 0E49     		ldr	r1, .L12+8
 218 0032 0B43     		orrs	r3, r1
 219 0034 9BB2     		uxth	r3, r3
 220 0036 1380     		strh	r3, [r2]
 158:Generated_Source\PSoC4/Temp_Sensor.c ****                                                                  Temp_Sensor_FIFO_CLEAR_MASK));
 159:Generated_Source\PSoC4/Temp_Sensor.c ****     CY_SET_REG16(Temp_Sensor_FIFO_AUXCTL_PTR, (CY_GET_REG16(Temp_Sensor_FIFO_AUXCTL_PTR) &
 221              		.loc 1 159 0
 222 0038 0B4A     		ldr	r2, .L12+4
 223 003a 0B4B     		ldr	r3, .L12+4
 224 003c 1B88     		ldrh	r3, [r3]
 225 003e 9BB2     		uxth	r3, r3
 226 0040 0B49     		ldr	r1, .L12+12
 227 0042 0B40     		ands	r3, r1
 228 0044 9BB2     		uxth	r3, r3
 229 0046 1380     		strh	r3, [r2]
 160:Generated_Source\PSoC4/Temp_Sensor.c ****                                                                  (uint16)~Temp_Sensor_FIFO_CLEAR_MA
 161:Generated_Source\PSoC4/Temp_Sensor.c **** 
 162:Generated_Source\PSoC4/Temp_Sensor.c ****     /* shared regs config are done */
 163:Generated_Source\PSoC4/Temp_Sensor.c ****     CyExitCriticalSection(enableInterrupts);
 230              		.loc 1 163 0
 231 0048 FB1D     		adds	r3, r7, #7
 232 004a 1B78     		ldrb	r3, [r3]
 233 004c 1800     		movs	r0, r3
 234 004e FFF7FEFF 		bl	CyExitCriticalSection
 164:Generated_Source\PSoC4/Temp_Sensor.c **** 
 165:Generated_Source\PSoC4/Temp_Sensor.c ****     /* Enable the buried ISR component */
ARM GAS  C:\Users\ADMINI~1\AppData\Local\Temp\ccxz1S6I.s 			page 8


 166:Generated_Source\PSoC4/Temp_Sensor.c ****     Temp_Sensor_EOC_ISR_StartEx(&Temp_Sensor_EOC_ISR_Int);
 235              		.loc 1 166 0
 236 0052 084B     		ldr	r3, .L12+16
 237 0054 1800     		movs	r0, r3
 238 0056 FFF7FEFF 		bl	Temp_Sensor_EOC_ISR_StartEx
 167:Generated_Source\PSoC4/Temp_Sensor.c **** }
 239              		.loc 1 167 0
 240 005a C046     		nop
 241 005c BD46     		mov	sp, r7
 242 005e 03B0     		add	sp, sp, #12
 243              		@ sp needed
 244 0060 90BD     		pop	{r4, r7, pc}
 245              	.L13:
 246 0062 C046     		.align	2
 247              	.L12:
 248 0064 71000F40 		.word	1074724977
 249 0068 24110F40 		.word	1074729252
 250 006c 03030000 		.word	771
 251 0070 FCFCFFFF 		.word	-772
 252 0074 00000000 		.word	Temp_Sensor_EOC_ISR_Int
 253              		.cfi_endproc
 254              	.LFE4:
 255              		.size	Temp_Sensor_Enable, .-Temp_Sensor_Enable
 256              		.section	.text.Temp_Sensor_Trigger,"ax",%progbits
 257              		.align	2
 258              		.global	Temp_Sensor_Trigger
 259              		.code	16
 260              		.thumb_func
 261              		.type	Temp_Sensor_Trigger, %function
 262              	Temp_Sensor_Trigger:
 263              	.LFB5:
 168:Generated_Source\PSoC4/Temp_Sensor.c **** 
 169:Generated_Source\PSoC4/Temp_Sensor.c **** 
 170:Generated_Source\PSoC4/Temp_Sensor.c **** /*******************************************************************************
 171:Generated_Source\PSoC4/Temp_Sensor.c **** * Function Name: Temp_Sensor_Trigger
 172:Generated_Source\PSoC4/Temp_Sensor.c **** ********************************************************************************
 173:Generated_Source\PSoC4/Temp_Sensor.c **** *
 174:Generated_Source\PSoC4/Temp_Sensor.c **** * Summary:
 175:Generated_Source\PSoC4/Temp_Sensor.c **** *  Provides a valid strobe/trigger output on the conv terminal.
 176:Generated_Source\PSoC4/Temp_Sensor.c **** *
 177:Generated_Source\PSoC4/Temp_Sensor.c **** * Parameters:
 178:Generated_Source\PSoC4/Temp_Sensor.c **** *  None
 179:Generated_Source\PSoC4/Temp_Sensor.c **** *
 180:Generated_Source\PSoC4/Temp_Sensor.c **** * Return:
 181:Generated_Source\PSoC4/Temp_Sensor.c **** *  None
 182:Generated_Source\PSoC4/Temp_Sensor.c **** *
 183:Generated_Source\PSoC4/Temp_Sensor.c **** * Global Variables:
 184:Generated_Source\PSoC4/Temp_Sensor.c **** *  Temp_Sensor_busyFlag - used for reflect sensor masuring.
 185:Generated_Source\PSoC4/Temp_Sensor.c **** *
 186:Generated_Source\PSoC4/Temp_Sensor.c **** *******************************************************************************/
 187:Generated_Source\PSoC4/Temp_Sensor.c **** void Temp_Sensor_Trigger(void) 
 188:Generated_Source\PSoC4/Temp_Sensor.c **** {
 264              		.loc 1 188 0
 265              		.cfi_startproc
 266              		@ args = 0, pretend = 0, frame = 8
 267              		@ frame_needed = 1, uses_anonymous_args = 0
 268 0000 90B5     		push	{r4, r7, lr}
ARM GAS  C:\Users\ADMINI~1\AppData\Local\Temp\ccxz1S6I.s 			page 9


 269              		.cfi_def_cfa_offset 12
 270              		.cfi_offset 4, -12
 271              		.cfi_offset 7, -8
 272              		.cfi_offset 14, -4
 273 0002 83B0     		sub	sp, sp, #12
 274              		.cfi_def_cfa_offset 24
 275 0004 00AF     		add	r7, sp, #0
 276              		.cfi_def_cfa_register 7
 189:Generated_Source\PSoC4/Temp_Sensor.c ****     uint8 enableInterrupts;
 190:Generated_Source\PSoC4/Temp_Sensor.c **** 
 191:Generated_Source\PSoC4/Temp_Sensor.c ****     if( 0u == Temp_Sensor_busyFlag)
 277              		.loc 1 191 0
 278 0006 0F4B     		ldr	r3, .L17
 279 0008 1B78     		ldrb	r3, [r3]
 280 000a DBB2     		uxtb	r3, r3
 281 000c 002B     		cmp	r3, #0
 282 000e 14D1     		bne	.L16
 192:Generated_Source\PSoC4/Temp_Sensor.c ****     {
 193:Generated_Source\PSoC4/Temp_Sensor.c ****         /* Change shared regs, need to be safety */
 194:Generated_Source\PSoC4/Temp_Sensor.c ****         enableInterrupts = CyEnterCriticalSection();
 283              		.loc 1 194 0
 284 0010 FC1D     		adds	r4, r7, #7
 285 0012 FFF7FEFF 		bl	CyEnterCriticalSection
 286 0016 0300     		movs	r3, r0
 287 0018 2370     		strb	r3, [r4]
 195:Generated_Source\PSoC4/Temp_Sensor.c **** 
 196:Generated_Source\PSoC4/Temp_Sensor.c ****         /* Generate a CONV strobe */
 197:Generated_Source\PSoC4/Temp_Sensor.c ****         Temp_Sensor_CONTROL_REG ^= Temp_Sensor_CTRL_TRIG;
 288              		.loc 1 197 0
 289 001a 0B4A     		ldr	r2, .L17+4
 290 001c 0A4B     		ldr	r3, .L17+4
 291 001e 1B78     		ldrb	r3, [r3]
 292 0020 DBB2     		uxtb	r3, r3
 293 0022 0121     		movs	r1, #1
 294 0024 4B40     		eors	r3, r1
 295 0026 DBB2     		uxtb	r3, r3
 296 0028 1370     		strb	r3, [r2]
 198:Generated_Source\PSoC4/Temp_Sensor.c **** 
 199:Generated_Source\PSoC4/Temp_Sensor.c ****         Temp_Sensor_busyFlag = 1u;
 297              		.loc 1 199 0
 298 002a 064B     		ldr	r3, .L17
 299 002c 0122     		movs	r2, #1
 300 002e 1A70     		strb	r2, [r3]
 200:Generated_Source\PSoC4/Temp_Sensor.c **** 
 201:Generated_Source\PSoC4/Temp_Sensor.c ****         /* shared regs config are done */
 202:Generated_Source\PSoC4/Temp_Sensor.c ****         CyExitCriticalSection(enableInterrupts);
 301              		.loc 1 202 0
 302 0030 FB1D     		adds	r3, r7, #7
 303 0032 1B78     		ldrb	r3, [r3]
 304 0034 1800     		movs	r0, r3
 305 0036 FFF7FEFF 		bl	CyExitCriticalSection
 306              	.L16:
 203:Generated_Source\PSoC4/Temp_Sensor.c ****     }
 204:Generated_Source\PSoC4/Temp_Sensor.c ****     else
 205:Generated_Source\PSoC4/Temp_Sensor.c ****     {
 206:Generated_Source\PSoC4/Temp_Sensor.c ****         /* Do nothing */
 207:Generated_Source\PSoC4/Temp_Sensor.c ****     }
ARM GAS  C:\Users\ADMINI~1\AppData\Local\Temp\ccxz1S6I.s 			page 10


 208:Generated_Source\PSoC4/Temp_Sensor.c **** 
 209:Generated_Source\PSoC4/Temp_Sensor.c **** }
 307              		.loc 1 209 0
 308 003a C046     		nop
 309 003c BD46     		mov	sp, r7
 310 003e 03B0     		add	sp, sp, #12
 311              		@ sp needed
 312 0040 90BD     		pop	{r4, r7, pc}
 313              	.L18:
 314 0042 C046     		.align	2
 315              	.L17:
 316 0044 00000000 		.word	Temp_Sensor_busyFlag
 317 0048 71000F40 		.word	1074724977
 318              		.cfi_endproc
 319              	.LFE5:
 320              		.size	Temp_Sensor_Trigger, .-Temp_Sensor_Trigger
 321              		.global	__aeabi_idiv
 322              		.section	.text.Temp_Sensor_GetTemperature,"ax",%progbits
 323              		.align	2
 324              		.global	Temp_Sensor_GetTemperature
 325              		.code	16
 326              		.thumb_func
 327              		.type	Temp_Sensor_GetTemperature, %function
 328              	Temp_Sensor_GetTemperature:
 329              	.LFB6:
 210:Generated_Source\PSoC4/Temp_Sensor.c **** 
 211:Generated_Source\PSoC4/Temp_Sensor.c **** 
 212:Generated_Source\PSoC4/Temp_Sensor.c **** /*******************************************************************************
 213:Generated_Source\PSoC4/Temp_Sensor.c **** * Function Name: Temp_Sensor_GetTemperature
 214:Generated_Source\PSoC4/Temp_Sensor.c **** ********************************************************************************
 215:Generated_Source\PSoC4/Temp_Sensor.c **** *
 216:Generated_Source\PSoC4/Temp_Sensor.c **** * Summary:
 217:Generated_Source\PSoC4/Temp_Sensor.c **** *  Calculates the temperature in degrees Celsius.
 218:Generated_Source\PSoC4/Temp_Sensor.c **** *
 219:Generated_Source\PSoC4/Temp_Sensor.c **** * Parameters:
 220:Generated_Source\PSoC4/Temp_Sensor.c **** *  uint8 SensorNum. The TMP05 sensor number from 0..3.
 221:Generated_Source\PSoC4/Temp_Sensor.c **** *
 222:Generated_Source\PSoC4/Temp_Sensor.c **** * Return:
 223:Generated_Source\PSoC4/Temp_Sensor.c **** *  int16 Temperature in 1/100ths degrees C of the requested sensor.
 224:Generated_Source\PSoC4/Temp_Sensor.c **** *
 225:Generated_Source\PSoC4/Temp_Sensor.c **** *******************************************************************************/
 226:Generated_Source\PSoC4/Temp_Sensor.c **** int16 Temp_Sensor_GetTemperature(uint8 sensorNum) 
 227:Generated_Source\PSoC4/Temp_Sensor.c **** {
 330              		.loc 1 227 0
 331              		.cfi_startproc
 332              		@ args = 0, pretend = 0, frame = 16
 333              		@ frame_needed = 1, uses_anonymous_args = 0
 334 0000 80B5     		push	{r7, lr}
 335              		.cfi_def_cfa_offset 8
 336              		.cfi_offset 7, -8
 337              		.cfi_offset 14, -4
 338 0002 84B0     		sub	sp, sp, #16
 339              		.cfi_def_cfa_offset 24
 340 0004 00AF     		add	r7, sp, #0
 341              		.cfi_def_cfa_register 7
 342 0006 0200     		movs	r2, r0
 343 0008 FB1D     		adds	r3, r7, #7
ARM GAS  C:\Users\ADMINI~1\AppData\Local\Temp\ccxz1S6I.s 			page 11


 344 000a 1A70     		strb	r2, [r3]
 228:Generated_Source\PSoC4/Temp_Sensor.c ****     uint16 hi_temp;
 229:Generated_Source\PSoC4/Temp_Sensor.c ****     uint16 lo_temp;
 230:Generated_Source\PSoC4/Temp_Sensor.c ****     
 231:Generated_Source\PSoC4/Temp_Sensor.c ****     Temp_Sensor_EOC_ISR_Disable();
 345              		.loc 1 231 0
 346 000c FFF7FEFF 		bl	Temp_Sensor_EOC_ISR_Disable
 232:Generated_Source\PSoC4/Temp_Sensor.c ****     hi_temp = Temp_Sensor_hi[sensorNum];
 347              		.loc 1 232 0
 348 0010 FB1D     		adds	r3, r7, #7
 349 0012 1978     		ldrb	r1, [r3]
 350 0014 0E23     		movs	r3, #14
 351 0016 FB18     		adds	r3, r7, r3
 352 0018 114A     		ldr	r2, .L21
 353 001a 4900     		lsls	r1, r1, #1
 354 001c 8A5A     		ldrh	r2, [r1, r2]
 355 001e 1A80     		strh	r2, [r3]
 233:Generated_Source\PSoC4/Temp_Sensor.c ****     lo_temp = Temp_Sensor_lo[sensorNum];
 356              		.loc 1 233 0
 357 0020 FB1D     		adds	r3, r7, #7
 358 0022 1978     		ldrb	r1, [r3]
 359 0024 0C23     		movs	r3, #12
 360 0026 FB18     		adds	r3, r7, r3
 361 0028 0E4A     		ldr	r2, .L21+4
 362 002a 4900     		lsls	r1, r1, #1
 363 002c 8A5A     		ldrh	r2, [r1, r2]
 364 002e 1A80     		strh	r2, [r3]
 234:Generated_Source\PSoC4/Temp_Sensor.c ****     Temp_Sensor_EOC_ISR_Enable();
 365              		.loc 1 234 0
 366 0030 FFF7FEFF 		bl	Temp_Sensor_EOC_ISR_Enable
 235:Generated_Source\PSoC4/Temp_Sensor.c ****     
 236:Generated_Source\PSoC4/Temp_Sensor.c ****     /* Calculates temp for each sensor based on mathematical equation shown in TMP05 datasheet */
 237:Generated_Source\PSoC4/Temp_Sensor.c ****     return ((int16)((Temp_Sensor_SCALED_CONST_TMP1 - 
 238:Generated_Source\PSoC4/Temp_Sensor.c **** 		   ((Temp_Sensor_SCALED_CONST_TMP2 * (int32) hi_temp) / (int32) lo_temp))));
 367              		.loc 1 238 0
 368 0034 0E23     		movs	r3, #14
 369 0036 FB18     		adds	r3, r7, r3
 370 0038 1B88     		ldrh	r3, [r3]
 371 003a 0B4A     		ldr	r2, .L21+8
 372 003c 5A43     		muls	r2, r3
 373 003e 0C23     		movs	r3, #12
 374 0040 FB18     		adds	r3, r7, r3
 375 0042 1B88     		ldrh	r3, [r3]
 376 0044 1900     		movs	r1, r3
 377 0046 1000     		movs	r0, r2
 378 0048 FFF7FEFF 		bl	__aeabi_idiv
 379 004c 0300     		movs	r3, r0
 237:Generated_Source\PSoC4/Temp_Sensor.c **** 		   ((Temp_Sensor_SCALED_CONST_TMP2 * (int32) hi_temp) / (int32) lo_temp))));
 380              		.loc 1 237 0
 381 004e 9BB2     		uxth	r3, r3
 382 0050 064A     		ldr	r2, .L21+12
 383 0052 D31A     		subs	r3, r2, r3
 384 0054 9BB2     		uxth	r3, r3
 385 0056 1BB2     		sxth	r3, r3
 239:Generated_Source\PSoC4/Temp_Sensor.c **** }
 386              		.loc 1 239 0
 387 0058 1800     		movs	r0, r3
ARM GAS  C:\Users\ADMINI~1\AppData\Local\Temp\ccxz1S6I.s 			page 12


 388 005a BD46     		mov	sp, r7
 389 005c 04B0     		add	sp, sp, #16
 390              		@ sp needed
 391 005e 80BD     		pop	{r7, pc}
 392              	.L22:
 393              		.align	2
 394              	.L21:
 395 0060 00000000 		.word	Temp_Sensor_hi
 396 0064 00000000 		.word	Temp_Sensor_lo
 397 0068 5C250100 		.word	75100
 398 006c 74A4FFFF 		.word	-23436
 399              		.cfi_endproc
 400              	.LFE6:
 401              		.size	Temp_Sensor_GetTemperature, .-Temp_Sensor_GetTemperature
 402              		.section	.text.Temp_Sensor_ConversionStatus,"ax",%progbits
 403              		.align	2
 404              		.global	Temp_Sensor_ConversionStatus
 405              		.code	16
 406              		.thumb_func
 407              		.type	Temp_Sensor_ConversionStatus, %function
 408              	Temp_Sensor_ConversionStatus:
 409              	.LFB7:
 240:Generated_Source\PSoC4/Temp_Sensor.c **** 
 241:Generated_Source\PSoC4/Temp_Sensor.c **** 
 242:Generated_Source\PSoC4/Temp_Sensor.c **** /*******************************************************************************
 243:Generated_Source\PSoC4/Temp_Sensor.c **** * Function Name: Temp_Sensor_ConversionStatus
 244:Generated_Source\PSoC4/Temp_Sensor.c **** ********************************************************************************
 245:Generated_Source\PSoC4/Temp_Sensor.c **** *
 246:Generated_Source\PSoC4/Temp_Sensor.c **** * Summary:
 247:Generated_Source\PSoC4/Temp_Sensor.c **** *  Enables firmware to synchronize with the hardware.
 248:Generated_Source\PSoC4/Temp_Sensor.c **** *
 249:Generated_Source\PSoC4/Temp_Sensor.c **** * Parameters:
 250:Generated_Source\PSoC4/Temp_Sensor.c **** *  None
 251:Generated_Source\PSoC4/Temp_Sensor.c **** *
 252:Generated_Source\PSoC4/Temp_Sensor.c **** * Return:
 253:Generated_Source\PSoC4/Temp_Sensor.c **** *  uint8 status code:
 254:Generated_Source\PSoC4/Temp_Sensor.c **** *   Temp_Sensor_STATUS_IN_PROGRESS - Conversion in progress.
 255:Generated_Source\PSoC4/Temp_Sensor.c **** *   Temp_Sensor_STATUS_COMPLETE - Conversion complete.
 256:Generated_Source\PSoC4/Temp_Sensor.c **** *   Temp_Sensor_STATUS_ERROR - Sensor Error.
 257:Generated_Source\PSoC4/Temp_Sensor.c **** *
 258:Generated_Source\PSoC4/Temp_Sensor.c **** *******************************************************************************/
 259:Generated_Source\PSoC4/Temp_Sensor.c **** uint8 Temp_Sensor_ConversionStatus(void) 
 260:Generated_Source\PSoC4/Temp_Sensor.c **** {
 410              		.loc 1 260 0
 411              		.cfi_startproc
 412              		@ args = 0, pretend = 0, frame = 0
 413              		@ frame_needed = 1, uses_anonymous_args = 0
 414 0000 80B5     		push	{r7, lr}
 415              		.cfi_def_cfa_offset 8
 416              		.cfi_offset 7, -8
 417              		.cfi_offset 14, -4
 418 0002 00AF     		add	r7, sp, #0
 419              		.cfi_def_cfa_register 7
 261:Generated_Source\PSoC4/Temp_Sensor.c ****     return (Temp_Sensor_STATUS_REG & Temp_Sensor_STATUS_CLR_MASK);
 420              		.loc 1 261 0
 421 0004 044B     		ldr	r3, .L25
 422 0006 1B78     		ldrb	r3, [r3]
ARM GAS  C:\Users\ADMINI~1\AppData\Local\Temp\ccxz1S6I.s 			page 13


 423 0008 DBB2     		uxtb	r3, r3
 424 000a 0322     		movs	r2, #3
 425 000c 1340     		ands	r3, r2
 426 000e DBB2     		uxtb	r3, r3
 262:Generated_Source\PSoC4/Temp_Sensor.c **** }
 427              		.loc 1 262 0
 428 0010 1800     		movs	r0, r3
 429 0012 BD46     		mov	sp, r7
 430              		@ sp needed
 431 0014 80BD     		pop	{r7, pc}
 432              	.L26:
 433 0016 C046     		.align	2
 434              	.L25:
 435 0018 63000F40 		.word	1074724963
 436              		.cfi_endproc
 437              	.LFE7:
 438              		.size	Temp_Sensor_ConversionStatus, .-Temp_Sensor_ConversionStatus
 439              		.section	.text.Temp_Sensor_SetMode,"ax",%progbits
 440              		.align	2
 441              		.global	Temp_Sensor_SetMode
 442              		.code	16
 443              		.thumb_func
 444              		.type	Temp_Sensor_SetMode, %function
 445              	Temp_Sensor_SetMode:
 446              	.LFB8:
 263:Generated_Source\PSoC4/Temp_Sensor.c **** 
 264:Generated_Source\PSoC4/Temp_Sensor.c **** 
 265:Generated_Source\PSoC4/Temp_Sensor.c **** /*******************************************************************************
 266:Generated_Source\PSoC4/Temp_Sensor.c **** * Function Name: Temp_Sensor_SetMode
 267:Generated_Source\PSoC4/Temp_Sensor.c **** ********************************************************************************
 268:Generated_Source\PSoC4/Temp_Sensor.c **** *
 269:Generated_Source\PSoC4/Temp_Sensor.c **** * Summary:
 270:Generated_Source\PSoC4/Temp_Sensor.c **** *  Sets the operating mode of the component.
 271:Generated_Source\PSoC4/Temp_Sensor.c **** *
 272:Generated_Source\PSoC4/Temp_Sensor.c **** * Parameters:
 273:Generated_Source\PSoC4/Temp_Sensor.c **** *  uint8 mode: operating mode:
 274:Generated_Source\PSoC4/Temp_Sensor.c **** *   Temp_Sensor_MODE_CONTINUOUS - Continuous mode.
 275:Generated_Source\PSoC4/Temp_Sensor.c **** *   Temp_Sensor_MODE_ONESHOT - One-shot mode.
 276:Generated_Source\PSoC4/Temp_Sensor.c **** *
 277:Generated_Source\PSoC4/Temp_Sensor.c **** * Return:
 278:Generated_Source\PSoC4/Temp_Sensor.c **** *  None
 279:Generated_Source\PSoC4/Temp_Sensor.c **** *
 280:Generated_Source\PSoC4/Temp_Sensor.c **** * Global Variables:
 281:Generated_Source\PSoC4/Temp_Sensor.c **** *  Temp_Sensor_contMode - used for reflect modes of operation used:
 282:Generated_Source\PSoC4/Temp_Sensor.c **** *     - Temp_Sensor_MODE_CONTINUOUS.
 283:Generated_Source\PSoC4/Temp_Sensor.c **** *     - Temp_Sensor_MODE_ONESHOT.
 284:Generated_Source\PSoC4/Temp_Sensor.c **** *
 285:Generated_Source\PSoC4/Temp_Sensor.c **** *******************************************************************************/
 286:Generated_Source\PSoC4/Temp_Sensor.c **** void Temp_Sensor_SetMode(uint8 mode) 
 287:Generated_Source\PSoC4/Temp_Sensor.c **** {
 447              		.loc 1 287 0
 448              		.cfi_startproc
 449              		@ args = 0, pretend = 0, frame = 8
 450              		@ frame_needed = 1, uses_anonymous_args = 0
 451 0000 80B5     		push	{r7, lr}
 452              		.cfi_def_cfa_offset 8
 453              		.cfi_offset 7, -8
ARM GAS  C:\Users\ADMINI~1\AppData\Local\Temp\ccxz1S6I.s 			page 14


 454              		.cfi_offset 14, -4
 455 0002 82B0     		sub	sp, sp, #8
 456              		.cfi_def_cfa_offset 16
 457 0004 00AF     		add	r7, sp, #0
 458              		.cfi_def_cfa_register 7
 459 0006 0200     		movs	r2, r0
 460 0008 FB1D     		adds	r3, r7, #7
 461 000a 1A70     		strb	r2, [r3]
 288:Generated_Source\PSoC4/Temp_Sensor.c ****    Temp_Sensor_contMode = mode;
 462              		.loc 1 288 0
 463 000c 034B     		ldr	r3, .L28
 464 000e FA1D     		adds	r2, r7, #7
 465 0010 1278     		ldrb	r2, [r2]
 466 0012 1A70     		strb	r2, [r3]
 289:Generated_Source\PSoC4/Temp_Sensor.c **** }
 467              		.loc 1 289 0
 468 0014 C046     		nop
 469 0016 BD46     		mov	sp, r7
 470 0018 02B0     		add	sp, sp, #8
 471              		@ sp needed
 472 001a 80BD     		pop	{r7, pc}
 473              	.L29:
 474              		.align	2
 475              	.L28:
 476 001c 00000000 		.word	Temp_Sensor_contMode
 477              		.cfi_endproc
 478              	.LFE8:
 479              		.size	Temp_Sensor_SetMode, .-Temp_Sensor_SetMode
 480              		.section	.text.Temp_Sensor_DiscoverSensors,"ax",%progbits
 481              		.align	2
 482              		.global	Temp_Sensor_DiscoverSensors
 483              		.code	16
 484              		.thumb_func
 485              		.type	Temp_Sensor_DiscoverSensors, %function
 486              	Temp_Sensor_DiscoverSensors:
 487              	.LFB9:
 290:Generated_Source\PSoC4/Temp_Sensor.c **** 
 291:Generated_Source\PSoC4/Temp_Sensor.c **** 
 292:Generated_Source\PSoC4/Temp_Sensor.c **** /*******************************************************************************
 293:Generated_Source\PSoC4/Temp_Sensor.c **** * Function Name: Temp_Sensor_DiscoverSensors
 294:Generated_Source\PSoC4/Temp_Sensor.c **** ********************************************************************************
 295:Generated_Source\PSoC4/Temp_Sensor.c **** *
 296:Generated_Source\PSoC4/Temp_Sensor.c **** * Summary:
 297:Generated_Source\PSoC4/Temp_Sensor.c **** *  This API is provided for applications that might have a variable number of
 298:Generated_Source\PSoC4/Temp_Sensor.c **** *  temperature sensors connected. It automatically detects how many temperature
 299:Generated_Source\PSoC4/Temp_Sensor.c **** *  sensors are daisy-chained to the component. The algorithm starts by checking
 300:Generated_Source\PSoC4/Temp_Sensor.c **** *  to see if the number of sensors actually connected matches the NumSensors
 301:Generated_Source\PSoC4/Temp_Sensor.c **** *  parameter setting in the Basic Tab of the component customizer. If not,
 302:Generated_Source\PSoC4/Temp_Sensor.c **** *  it will retry assuming 1 less sensor is connected. This process will repeat
 303:Generated_Source\PSoC4/Temp_Sensor.c **** *  until the actual number of sensors connected is known.
 304:Generated_Source\PSoC4/Temp_Sensor.c **** *  Confirming whether or not a sensor is attached or not takes a few hundred
 305:Generated_Source\PSoC4/Temp_Sensor.c **** *  milliseconds per sensor per iteration of the algorithm. To limit the
 306:Generated_Source\PSoC4/Temp_Sensor.c **** *  sensing time, reduce the NumSensors parameter setting in the General Tab
 307:Generated_Source\PSoC4/Temp_Sensor.c **** *  of the component customizer to the maximum number of possible sensors
 308:Generated_Source\PSoC4/Temp_Sensor.c **** *  in the system.
 309:Generated_Source\PSoC4/Temp_Sensor.c **** *
 310:Generated_Source\PSoC4/Temp_Sensor.c **** * Parameters:
ARM GAS  C:\Users\ADMINI~1\AppData\Local\Temp\ccxz1S6I.s 			page 15


 311:Generated_Source\PSoC4/Temp_Sensor.c **** *  None
 312:Generated_Source\PSoC4/Temp_Sensor.c **** *
 313:Generated_Source\PSoC4/Temp_Sensor.c **** * Return:
 314:Generated_Source\PSoC4/Temp_Sensor.c **** *  uint8 representing the number of sensors actually connected (0..4).
 315:Generated_Source\PSoC4/Temp_Sensor.c **** *
 316:Generated_Source\PSoC4/Temp_Sensor.c **** * Global Variables:
 317:Generated_Source\PSoC4/Temp_Sensor.c **** *  Temp_Sensor_contMode - used for reflect modes of operation used:
 318:Generated_Source\PSoC4/Temp_Sensor.c **** *     - Temp_Sensor_MODE_CONTINUOUS.
 319:Generated_Source\PSoC4/Temp_Sensor.c **** *     - Temp_Sensor_MODE_ONESHOT.
 320:Generated_Source\PSoC4/Temp_Sensor.c **** *
 321:Generated_Source\PSoC4/Temp_Sensor.c **** *******************************************************************************/
 322:Generated_Source\PSoC4/Temp_Sensor.c **** uint8 Temp_Sensor_DiscoverSensors(void) 
 323:Generated_Source\PSoC4/Temp_Sensor.c **** {
 488              		.loc 1 323 0
 489              		.cfi_startproc
 490              		@ args = 0, pretend = 0, frame = 8
 491              		@ frame_needed = 1, uses_anonymous_args = 0
 492 0000 90B5     		push	{r4, r7, lr}
 493              		.cfi_def_cfa_offset 12
 494              		.cfi_offset 4, -12
 495              		.cfi_offset 7, -8
 496              		.cfi_offset 14, -4
 497 0002 83B0     		sub	sp, sp, #12
 498              		.cfi_def_cfa_offset 24
 499 0004 00AF     		add	r7, sp, #0
 500              		.cfi_def_cfa_register 7
 324:Generated_Source\PSoC4/Temp_Sensor.c ****     uint8 sensorCount = Temp_Sensor_CUSTOM_NUM_SENSORS;
 501              		.loc 1 324 0
 502 0006 FB1D     		adds	r3, r7, #7
 503 0008 0122     		movs	r2, #1
 504 000a 1A70     		strb	r2, [r3]
 325:Generated_Source\PSoC4/Temp_Sensor.c ****     uint8 enableInterrupts;
 326:Generated_Source\PSoC4/Temp_Sensor.c ****     uint8 eocRegStatus;
 327:Generated_Source\PSoC4/Temp_Sensor.c ****     uint8 contFlag;
 328:Generated_Source\PSoC4/Temp_Sensor.c **** 
 329:Generated_Source\PSoC4/Temp_Sensor.c ****     if (0u != (Temp_Sensor_MODE_CONTINUOUS & Temp_Sensor_contMode))
 505              		.loc 1 329 0
 506 000c 3D4B     		ldr	r3, .L41
 507 000e 1B78     		ldrb	r3, [r3]
 508 0010 DBB2     		uxtb	r3, r3
 509 0012 0122     		movs	r2, #1
 510 0014 1340     		ands	r3, r2
 511 0016 DBB2     		uxtb	r3, r3
 512 0018 002B     		cmp	r3, #0
 513 001a 06D0     		beq	.L31
 330:Generated_Source\PSoC4/Temp_Sensor.c ****     {
 331:Generated_Source\PSoC4/Temp_Sensor.c ****         Temp_Sensor_contMode = Temp_Sensor_MODE_ONESHOT;
 514              		.loc 1 331 0
 515 001c 394B     		ldr	r3, .L41
 516 001e 0022     		movs	r2, #0
 517 0020 1A70     		strb	r2, [r3]
 332:Generated_Source\PSoC4/Temp_Sensor.c ****         contFlag = 1u;
 518              		.loc 1 332 0
 519 0022 7B1D     		adds	r3, r7, #5
 520 0024 0122     		movs	r2, #1
 521 0026 1A70     		strb	r2, [r3]
 522 0028 02E0     		b	.L32
ARM GAS  C:\Users\ADMINI~1\AppData\Local\Temp\ccxz1S6I.s 			page 16


 523              	.L31:
 333:Generated_Source\PSoC4/Temp_Sensor.c ****     }
 334:Generated_Source\PSoC4/Temp_Sensor.c ****     else
 335:Generated_Source\PSoC4/Temp_Sensor.c ****     {
 336:Generated_Source\PSoC4/Temp_Sensor.c ****         contFlag = 0u;
 524              		.loc 1 336 0
 525 002a 7B1D     		adds	r3, r7, #5
 526 002c 0022     		movs	r2, #0
 527 002e 1A70     		strb	r2, [r3]
 528              	.L32:
 337:Generated_Source\PSoC4/Temp_Sensor.c ****     }
 338:Generated_Source\PSoC4/Temp_Sensor.c **** 
 339:Generated_Source\PSoC4/Temp_Sensor.c ****     /* Change shared regs, need to be safety */
 340:Generated_Source\PSoC4/Temp_Sensor.c ****     enableInterrupts = CyEnterCriticalSection();
 529              		.loc 1 340 0
 530 0030 3C1D     		adds	r4, r7, #4
 531 0032 FFF7FEFF 		bl	CyEnterCriticalSection
 532 0036 0300     		movs	r3, r0
 533 0038 2370     		strb	r3, [r4]
 341:Generated_Source\PSoC4/Temp_Sensor.c **** 
 342:Generated_Source\PSoC4/Temp_Sensor.c ****     /* Setup the number of Sensors from the customizer */
 343:Generated_Source\PSoC4/Temp_Sensor.c ****     Temp_Sensor_CONTROL_REG = ((Temp_Sensor_CONTROL_REG & Temp_Sensor_CTRL_NUM_SNS_MASK) | 
 534              		.loc 1 343 0
 535 003a 334A     		ldr	r2, .L41+4
 536 003c 324B     		ldr	r3, .L41+4
 537 003e 1B78     		ldrb	r3, [r3]
 538 0040 DBB2     		uxtb	r3, r3
 539 0042 0621     		movs	r1, #6
 540 0044 8B43     		bics	r3, r1
 541 0046 DBB2     		uxtb	r3, r3
 542 0048 1370     		strb	r3, [r2]
 344:Generated_Source\PSoC4/Temp_Sensor.c ****                                    (uint8)((Temp_Sensor_CUSTOM_NUM_SENSORS - 1u) << 
 345:Generated_Source\PSoC4/Temp_Sensor.c ****                                             Temp_Sensor_CTRL_REG_SNS_SHIFT));
 346:Generated_Source\PSoC4/Temp_Sensor.c ****                                      
 347:Generated_Source\PSoC4/Temp_Sensor.c ****     /* shared regs config are done */
 348:Generated_Source\PSoC4/Temp_Sensor.c ****     CyExitCriticalSection(enableInterrupts);
 543              		.loc 1 348 0
 544 004a 3B1D     		adds	r3, r7, #4
 545 004c 1B78     		ldrb	r3, [r3]
 546 004e 1800     		movs	r0, r3
 547 0050 FFF7FEFF 		bl	CyExitCriticalSection
 349:Generated_Source\PSoC4/Temp_Sensor.c **** 
 350:Generated_Source\PSoC4/Temp_Sensor.c ****     /* Start conversion */
 351:Generated_Source\PSoC4/Temp_Sensor.c ****     Temp_Sensor_Trigger();
 548              		.loc 1 351 0
 549 0054 FFF7FEFF 		bl	Temp_Sensor_Trigger
 550              	.L33:
 352:Generated_Source\PSoC4/Temp_Sensor.c **** 
 353:Generated_Source\PSoC4/Temp_Sensor.c ****     /* Wait for conversion complete or error */
 354:Generated_Source\PSoC4/Temp_Sensor.c ****     do
 355:Generated_Source\PSoC4/Temp_Sensor.c ****     {
 356:Generated_Source\PSoC4/Temp_Sensor.c ****         eocRegStatus = Temp_Sensor_ConversionStatus();
 551              		.loc 1 356 0 discriminator 1
 552 0058 BC1D     		adds	r4, r7, #6
 553 005a FFF7FEFF 		bl	Temp_Sensor_ConversionStatus
 554 005e 0300     		movs	r3, r0
 555 0060 2370     		strb	r3, [r4]
ARM GAS  C:\Users\ADMINI~1\AppData\Local\Temp\ccxz1S6I.s 			page 17


 357:Generated_Source\PSoC4/Temp_Sensor.c ****     }
 358:Generated_Source\PSoC4/Temp_Sensor.c ****     while (eocRegStatus == Temp_Sensor_STATUS_IN_PROGRESS);
 556              		.loc 1 358 0 discriminator 1
 557 0062 BB1D     		adds	r3, r7, #6
 558 0064 1B78     		ldrb	r3, [r3]
 559 0066 002B     		cmp	r3, #0
 560 0068 F6D0     		beq	.L33
 359:Generated_Source\PSoC4/Temp_Sensor.c **** 
 360:Generated_Source\PSoC4/Temp_Sensor.c ****     /* Error returned, re-try with 1 less sensor */
 361:Generated_Source\PSoC4/Temp_Sensor.c ****     if (0u != (eocRegStatus & Temp_Sensor_STATUS_ERR))
 561              		.loc 1 361 0
 562 006a BB1D     		adds	r3, r7, #6
 563 006c 1B78     		ldrb	r3, [r3]
 564 006e 0222     		movs	r2, #2
 565 0070 1340     		ands	r3, r2
 566 0072 39D0     		beq	.L34
 567              	.L38:
 362:Generated_Source\PSoC4/Temp_Sensor.c ****     {
 363:Generated_Source\PSoC4/Temp_Sensor.c ****         do
 364:Generated_Source\PSoC4/Temp_Sensor.c ****         {
 365:Generated_Source\PSoC4/Temp_Sensor.c ****             sensorCount--;
 568              		.loc 1 365 0
 569 0074 FB1D     		adds	r3, r7, #7
 570 0076 1A78     		ldrb	r2, [r3]
 571 0078 FB1D     		adds	r3, r7, #7
 572 007a 013A     		subs	r2, r2, #1
 573 007c 1A70     		strb	r2, [r3]
 366:Generated_Source\PSoC4/Temp_Sensor.c **** 
 367:Generated_Source\PSoC4/Temp_Sensor.c ****             if (0u == sensorCount)
 574              		.loc 1 367 0
 575 007e FB1D     		adds	r3, r7, #7
 576 0080 1B78     		ldrb	r3, [r3]
 577 0082 002B     		cmp	r3, #0
 578 0084 03D1     		bne	.L35
 368:Generated_Source\PSoC4/Temp_Sensor.c ****             {
 369:Generated_Source\PSoC4/Temp_Sensor.c ****                 eocRegStatus = 0u;
 579              		.loc 1 369 0
 580 0086 BB1D     		adds	r3, r7, #6
 581 0088 0022     		movs	r2, #0
 582 008a 1A70     		strb	r2, [r3]
 583 008c 27E0     		b	.L36
 584              	.L35:
 370:Generated_Source\PSoC4/Temp_Sensor.c ****             }
 371:Generated_Source\PSoC4/Temp_Sensor.c ****             else
 372:Generated_Source\PSoC4/Temp_Sensor.c ****             {
 373:Generated_Source\PSoC4/Temp_Sensor.c ****                 /* Change shared regs, need to be safety */
 374:Generated_Source\PSoC4/Temp_Sensor.c ****                 enableInterrupts = CyEnterCriticalSection();
 585              		.loc 1 374 0
 586 008e 3C1D     		adds	r4, r7, #4
 587 0090 FFF7FEFF 		bl	CyEnterCriticalSection
 588 0094 0300     		movs	r3, r0
 589 0096 2370     		strb	r3, [r4]
 375:Generated_Source\PSoC4/Temp_Sensor.c **** 
 376:Generated_Source\PSoC4/Temp_Sensor.c ****                 Temp_Sensor_CONTROL_REG = ((Temp_Sensor_CONTROL_REG & Temp_Sensor_CTRL_NUM_SNS_MASK
 590              		.loc 1 376 0
 591 0098 1B49     		ldr	r1, .L41+4
 592 009a 1B4B     		ldr	r3, .L41+4
ARM GAS  C:\Users\ADMINI~1\AppData\Local\Temp\ccxz1S6I.s 			page 18


 593 009c 1B78     		ldrb	r3, [r3]
 594 009e DBB2     		uxtb	r3, r3
 595 00a0 5BB2     		sxtb	r3, r3
 596 00a2 0622     		movs	r2, #6
 597 00a4 9343     		bics	r3, r2
 598 00a6 5AB2     		sxtb	r2, r3
 377:Generated_Source\PSoC4/Temp_Sensor.c ****                                                (uint8)((sensorCount - 1u) << Temp_Sensor_CTRL_REG_S
 599              		.loc 1 377 0
 600 00a8 FB1D     		adds	r3, r7, #7
 601 00aa 1B78     		ldrb	r3, [r3]
 602 00ac 013B     		subs	r3, r3, #1
 603 00ae DBB2     		uxtb	r3, r3
 604 00b0 DB18     		adds	r3, r3, r3
 605 00b2 DBB2     		uxtb	r3, r3
 376:Generated_Source\PSoC4/Temp_Sensor.c ****                                                (uint8)((sensorCount - 1u) << Temp_Sensor_CTRL_REG_S
 606              		.loc 1 376 0
 607 00b4 5BB2     		sxtb	r3, r3
 608 00b6 1343     		orrs	r3, r2
 609 00b8 5BB2     		sxtb	r3, r3
 610 00ba DBB2     		uxtb	r3, r3
 611 00bc 0B70     		strb	r3, [r1]
 378:Generated_Source\PSoC4/Temp_Sensor.c **** 
 379:Generated_Source\PSoC4/Temp_Sensor.c ****                 /* shared regs config are done */
 380:Generated_Source\PSoC4/Temp_Sensor.c ****                 CyExitCriticalSection(enableInterrupts);
 612              		.loc 1 380 0
 613 00be 3B1D     		adds	r3, r7, #4
 614 00c0 1B78     		ldrb	r3, [r3]
 615 00c2 1800     		movs	r0, r3
 616 00c4 FFF7FEFF 		bl	CyExitCriticalSection
 381:Generated_Source\PSoC4/Temp_Sensor.c **** 
 382:Generated_Source\PSoC4/Temp_Sensor.c ****                  /* Start conversion */
 383:Generated_Source\PSoC4/Temp_Sensor.c ****                 Temp_Sensor_Trigger();
 617              		.loc 1 383 0
 618 00c8 FFF7FEFF 		bl	Temp_Sensor_Trigger
 619              	.L37:
 384:Generated_Source\PSoC4/Temp_Sensor.c **** 
 385:Generated_Source\PSoC4/Temp_Sensor.c ****                 /* Wait for conversion complete or error */
 386:Generated_Source\PSoC4/Temp_Sensor.c ****                 do
 387:Generated_Source\PSoC4/Temp_Sensor.c ****                 {
 388:Generated_Source\PSoC4/Temp_Sensor.c ****                     eocRegStatus = Temp_Sensor_ConversionStatus();
 620              		.loc 1 388 0 discriminator 1
 621 00cc BC1D     		adds	r4, r7, #6
 622 00ce FFF7FEFF 		bl	Temp_Sensor_ConversionStatus
 623 00d2 0300     		movs	r3, r0
 624 00d4 2370     		strb	r3, [r4]
 389:Generated_Source\PSoC4/Temp_Sensor.c ****                 }
 390:Generated_Source\PSoC4/Temp_Sensor.c ****                 while (eocRegStatus == Temp_Sensor_STATUS_IN_PROGRESS);
 625              		.loc 1 390 0 discriminator 1
 626 00d6 BB1D     		adds	r3, r7, #6
 627 00d8 1B78     		ldrb	r3, [r3]
 628 00da 002B     		cmp	r3, #0
 629 00dc F6D0     		beq	.L37
 630              	.L36:
 391:Generated_Source\PSoC4/Temp_Sensor.c ****             }
 392:Generated_Source\PSoC4/Temp_Sensor.c ****         }
 393:Generated_Source\PSoC4/Temp_Sensor.c ****         while (0u != (eocRegStatus & Temp_Sensor_STATUS_ERR));
 631              		.loc 1 393 0
ARM GAS  C:\Users\ADMINI~1\AppData\Local\Temp\ccxz1S6I.s 			page 19


 632 00de BB1D     		adds	r3, r7, #6
 633 00e0 1B78     		ldrb	r3, [r3]
 634 00e2 0222     		movs	r2, #2
 635 00e4 1340     		ands	r3, r2
 636 00e6 C5D1     		bne	.L38
 637              	.L34:
 394:Generated_Source\PSoC4/Temp_Sensor.c ****     }
 395:Generated_Source\PSoC4/Temp_Sensor.c **** 
 396:Generated_Source\PSoC4/Temp_Sensor.c ****     if (0u != contFlag)
 638              		.loc 1 396 0
 639 00e8 7B1D     		adds	r3, r7, #5
 640 00ea 1B78     		ldrb	r3, [r3]
 641 00ec 002B     		cmp	r3, #0
 642 00ee 02D0     		beq	.L39
 397:Generated_Source\PSoC4/Temp_Sensor.c ****     {
 398:Generated_Source\PSoC4/Temp_Sensor.c ****         Temp_Sensor_contMode = Temp_Sensor_MODE_CONTINUOUS;
 643              		.loc 1 398 0
 644 00f0 044B     		ldr	r3, .L41
 645 00f2 0122     		movs	r2, #1
 646 00f4 1A70     		strb	r2, [r3]
 647              	.L39:
 399:Generated_Source\PSoC4/Temp_Sensor.c ****     }
 400:Generated_Source\PSoC4/Temp_Sensor.c **** 
 401:Generated_Source\PSoC4/Temp_Sensor.c ****     return (sensorCount);
 648              		.loc 1 401 0
 649 00f6 FB1D     		adds	r3, r7, #7
 650 00f8 1B78     		ldrb	r3, [r3]
 402:Generated_Source\PSoC4/Temp_Sensor.c **** }
 651              		.loc 1 402 0
 652 00fa 1800     		movs	r0, r3
 653 00fc BD46     		mov	sp, r7
 654 00fe 03B0     		add	sp, sp, #12
 655              		@ sp needed
 656 0100 90BD     		pop	{r4, r7, pc}
 657              	.L42:
 658 0102 C046     		.align	2
 659              	.L41:
 660 0104 00000000 		.word	Temp_Sensor_contMode
 661 0108 71000F40 		.word	1074724977
 662              		.cfi_endproc
 663              	.LFE9:
 664              		.size	Temp_Sensor_DiscoverSensors, .-Temp_Sensor_DiscoverSensors
 665              		.text
 666              	.Letext0:
 667              		.file 2 "Generated_Source\\PSoC4\\cytypes.h"
 668              		.section	.debug_info,"",%progbits
 669              	.Ldebug_info0:
 670 0000 AD020000 		.4byte	0x2ad
 671 0004 0400     		.2byte	0x4
 672 0006 00000000 		.4byte	.Ldebug_abbrev0
 673 000a 04       		.byte	0x4
 674 000b 01       		.uleb128 0x1
 675 000c 02010000 		.4byte	.LASF41
 676 0010 0C       		.byte	0xc
 677 0011 65000000 		.4byte	.LASF42
 678 0015 80020000 		.4byte	.LASF43
 679 0019 00000000 		.4byte	.Ldebug_ranges0+0
ARM GAS  C:\Users\ADMINI~1\AppData\Local\Temp\ccxz1S6I.s 			page 20


 680 001d 00000000 		.4byte	0
 681 0021 00000000 		.4byte	.Ldebug_line0
 682 0025 02       		.uleb128 0x2
 683 0026 01       		.byte	0x1
 684 0027 06       		.byte	0x6
 685 0028 05030000 		.4byte	.LASF0
 686 002c 02       		.uleb128 0x2
 687 002d 01       		.byte	0x1
 688 002e 08       		.byte	0x8
 689 002f B6010000 		.4byte	.LASF1
 690 0033 02       		.uleb128 0x2
 691 0034 02       		.byte	0x2
 692 0035 05       		.byte	0x5
 693 0036 5B020000 		.4byte	.LASF2
 694 003a 02       		.uleb128 0x2
 695 003b 02       		.byte	0x2
 696 003c 07       		.byte	0x7
 697 003d 48000000 		.4byte	.LASF3
 698 0041 02       		.uleb128 0x2
 699 0042 04       		.byte	0x4
 700 0043 05       		.byte	0x5
 701 0044 DA020000 		.4byte	.LASF4
 702 0048 02       		.uleb128 0x2
 703 0049 04       		.byte	0x4
 704 004a 07       		.byte	0x7
 705 004b EA000000 		.4byte	.LASF5
 706 004f 02       		.uleb128 0x2
 707 0050 08       		.byte	0x8
 708 0051 05       		.byte	0x5
 709 0052 2F020000 		.4byte	.LASF6
 710 0056 02       		.uleb128 0x2
 711 0057 08       		.byte	0x8
 712 0058 07       		.byte	0x7
 713 0059 F1010000 		.4byte	.LASF7
 714 005d 03       		.uleb128 0x3
 715 005e 04       		.byte	0x4
 716 005f 05       		.byte	0x5
 717 0060 696E7400 		.ascii	"int\000"
 718 0064 02       		.uleb128 0x2
 719 0065 04       		.byte	0x4
 720 0066 07       		.byte	0x7
 721 0067 D2010000 		.4byte	.LASF8
 722 006b 04       		.uleb128 0x4
 723 006c 7A020000 		.4byte	.LASF9
 724 0070 02       		.byte	0x2
 725 0071 C2       		.byte	0xc2
 726 0072 2C000000 		.4byte	0x2c
 727 0076 04       		.uleb128 0x4
 728 0077 CB010000 		.4byte	.LASF10
 729 007b 02       		.byte	0x2
 730 007c C3       		.byte	0xc3
 731 007d 3A000000 		.4byte	0x3a
 732 0081 04       		.uleb128 0x4
 733 0082 1B020000 		.4byte	.LASF11
 734 0086 02       		.byte	0x2
 735 0087 C6       		.byte	0xc6
 736 0088 33000000 		.4byte	0x33
ARM GAS  C:\Users\ADMINI~1\AppData\Local\Temp\ccxz1S6I.s 			page 21


 737 008c 04       		.uleb128 0x4
 738 008d FC000000 		.4byte	.LASF12
 739 0091 02       		.byte	0x2
 740 0092 C7       		.byte	0xc7
 741 0093 41000000 		.4byte	0x41
 742 0097 02       		.uleb128 0x2
 743 0098 04       		.byte	0x4
 744 0099 04       		.byte	0x4
 745 009a 33000000 		.4byte	.LASF13
 746 009e 02       		.uleb128 0x2
 747 009f 08       		.byte	0x8
 748 00a0 04       		.byte	0x4
 749 00a1 C4010000 		.4byte	.LASF14
 750 00a5 02       		.uleb128 0x2
 751 00a6 01       		.byte	0x1
 752 00a7 08       		.byte	0x8
 753 00a8 4E020000 		.4byte	.LASF15
 754 00ac 05       		.uleb128 0x5
 755 00ad C8000000 		.4byte	.LASF16
 756 00b1 02       		.byte	0x2
 757 00b2 6C01     		.2byte	0x16c
 758 00b4 B8000000 		.4byte	0xb8
 759 00b8 06       		.uleb128 0x6
 760 00b9 6B000000 		.4byte	0x6b
 761 00bd 05       		.uleb128 0x5
 762 00be 00000000 		.4byte	.LASF17
 763 00c2 02       		.byte	0x2
 764 00c3 6D01     		.2byte	0x16d
 765 00c5 C9000000 		.4byte	0xc9
 766 00c9 06       		.uleb128 0x6
 767 00ca 76000000 		.4byte	0x76
 768 00ce 02       		.uleb128 0x2
 769 00cf 08       		.byte	0x8
 770 00d0 04       		.byte	0x4
 771 00d1 F9020000 		.4byte	.LASF18
 772 00d5 02       		.uleb128 0x2
 773 00d6 04       		.byte	0x4
 774 00d7 07       		.byte	0x7
 775 00d8 26020000 		.4byte	.LASF19
 776 00dc 07       		.uleb128 0x7
 777 00dd DF010000 		.4byte	.LASF20
 778 00e1 01       		.byte	0x1
 779 00e2 32       		.byte	0x32
 780 00e3 00000000 		.4byte	.LFB1
 781 00e7 24000000 		.4byte	.LFE1-.LFB1
 782 00eb 01       		.uleb128 0x1
 783 00ec 9C       		.byte	0x9c
 784 00ed 08       		.uleb128 0x8
 785 00ee 0E000000 		.4byte	.LASF22
 786 00f2 01       		.byte	0x1
 787 00f3 4F       		.byte	0x4f
 788 00f4 00000000 		.4byte	.LFB2
 789 00f8 44000000 		.4byte	.LFE2-.LFB2
 790 00fc 01       		.uleb128 0x1
 791 00fd 9C       		.byte	0x9c
 792 00fe 11010000 		.4byte	0x111
 793 0102 09       		.uleb128 0x9
ARM GAS  C:\Users\ADMINI~1\AppData\Local\Temp\ccxz1S6I.s 			page 22


 794 0103 90010000 		.4byte	.LASF24
 795 0107 01       		.byte	0x1
 796 0108 51       		.byte	0x51
 797 0109 6B000000 		.4byte	0x6b
 798 010d 02       		.uleb128 0x2
 799 010e 91       		.byte	0x91
 800 010f 6F       		.sleb128 -17
 801 0110 00       		.byte	0
 802 0111 0A       		.uleb128 0xa
 803 0112 3D020000 		.4byte	.LASF21
 804 0116 01       		.byte	0x1
 805 0117 77       		.byte	0x77
 806 0118 00000000 		.4byte	.LFB3
 807 011c 20000000 		.4byte	.LFE3-.LFB3
 808 0120 01       		.uleb128 0x1
 809 0121 9C       		.byte	0x9c
 810 0122 08       		.uleb128 0x8
 811 0123 08020000 		.4byte	.LASF23
 812 0127 01       		.byte	0x1
 813 0128 8F       		.byte	0x8f
 814 0129 00000000 		.4byte	.LFB4
 815 012d 78000000 		.4byte	.LFE4-.LFB4
 816 0131 01       		.uleb128 0x1
 817 0132 9C       		.byte	0x9c
 818 0133 46010000 		.4byte	0x146
 819 0137 09       		.uleb128 0x9
 820 0138 90010000 		.4byte	.LASF24
 821 013c 01       		.byte	0x1
 822 013d 91       		.byte	0x91
 823 013e 6B000000 		.4byte	0x6b
 824 0142 02       		.uleb128 0x2
 825 0143 91       		.byte	0x91
 826 0144 6F       		.sleb128 -17
 827 0145 00       		.byte	0
 828 0146 08       		.uleb128 0x8
 829 0147 39030000 		.4byte	.LASF25
 830 014b 01       		.byte	0x1
 831 014c BB       		.byte	0xbb
 832 014d 00000000 		.4byte	.LFB5
 833 0151 4C000000 		.4byte	.LFE5-.LFB5
 834 0155 01       		.uleb128 0x1
 835 0156 9C       		.byte	0x9c
 836 0157 6A010000 		.4byte	0x16a
 837 015b 09       		.uleb128 0x9
 838 015c 90010000 		.4byte	.LASF24
 839 0160 01       		.byte	0x1
 840 0161 BD       		.byte	0xbd
 841 0162 6B000000 		.4byte	0x6b
 842 0166 02       		.uleb128 0x2
 843 0167 91       		.byte	0x91
 844 0168 6F       		.sleb128 -17
 845 0169 00       		.byte	0
 846 016a 0B       		.uleb128 0xb
 847 016b 8A000000 		.4byte	.LASF31
 848 016f 01       		.byte	0x1
 849 0170 E2       		.byte	0xe2
 850 0171 81000000 		.4byte	0x81
ARM GAS  C:\Users\ADMINI~1\AppData\Local\Temp\ccxz1S6I.s 			page 23


 851 0175 00000000 		.4byte	.LFB6
 852 0179 70000000 		.4byte	.LFE6-.LFB6
 853 017d 01       		.uleb128 0x1
 854 017e 9C       		.byte	0x9c
 855 017f AE010000 		.4byte	0x1ae
 856 0183 0C       		.uleb128 0xc
 857 0184 5B000000 		.4byte	.LASF29
 858 0188 01       		.byte	0x1
 859 0189 E2       		.byte	0xe2
 860 018a 6B000000 		.4byte	0x6b
 861 018e 02       		.uleb128 0x2
 862 018f 91       		.byte	0x91
 863 0190 6F       		.sleb128 -17
 864 0191 09       		.uleb128 0x9
 865 0192 53020000 		.4byte	.LASF26
 866 0196 01       		.byte	0x1
 867 0197 E4       		.byte	0xe4
 868 0198 76000000 		.4byte	0x76
 869 019c 02       		.uleb128 0x2
 870 019d 91       		.byte	0x91
 871 019e 76       		.sleb128 -10
 872 019f 09       		.uleb128 0x9
 873 01a0 06000000 		.4byte	.LASF27
 874 01a4 01       		.byte	0x1
 875 01a5 E5       		.byte	0xe5
 876 01a6 76000000 		.4byte	0x76
 877 01aa 02       		.uleb128 0x2
 878 01ab 91       		.byte	0x91
 879 01ac 74       		.sleb128 -12
 880 01ad 00       		.byte	0
 881 01ae 0D       		.uleb128 0xd
 882 01af CD000000 		.4byte	.LASF44
 883 01b3 01       		.byte	0x1
 884 01b4 0301     		.2byte	0x103
 885 01b6 6B000000 		.4byte	0x6b
 886 01ba 00000000 		.4byte	.LFB7
 887 01be 1C000000 		.4byte	.LFE7-.LFB7
 888 01c2 01       		.uleb128 0x1
 889 01c3 9C       		.byte	0x9c
 890 01c4 0E       		.uleb128 0xe
 891 01c5 1F000000 		.4byte	.LASF28
 892 01c9 01       		.byte	0x1
 893 01ca 1E01     		.2byte	0x11e
 894 01cc 00000000 		.4byte	.LFB8
 895 01d0 20000000 		.4byte	.LFE8-.LFB8
 896 01d4 01       		.uleb128 0x1
 897 01d5 9C       		.byte	0x9c
 898 01d6 EA010000 		.4byte	0x1ea
 899 01da 0F       		.uleb128 0xf
 900 01db 21020000 		.4byte	.LASF30
 901 01df 01       		.byte	0x1
 902 01e0 1E01     		.2byte	0x11e
 903 01e2 6B000000 		.4byte	0x6b
 904 01e6 02       		.uleb128 0x2
 905 01e7 91       		.byte	0x91
 906 01e8 77       		.sleb128 -9
 907 01e9 00       		.byte	0
ARM GAS  C:\Users\ADMINI~1\AppData\Local\Temp\ccxz1S6I.s 			page 24


 908 01ea 10       		.uleb128 0x10
 909 01eb 11030000 		.4byte	.LASF32
 910 01ef 01       		.byte	0x1
 911 01f0 4201     		.2byte	0x142
 912 01f2 6B000000 		.4byte	0x6b
 913 01f6 00000000 		.4byte	.LFB9
 914 01fa 0C010000 		.4byte	.LFE9-.LFB9
 915 01fe 01       		.uleb128 0x1
 916 01ff 9C       		.byte	0x9c
 917 0200 41020000 		.4byte	0x241
 918 0204 11       		.uleb128 0x11
 919 0205 2D030000 		.4byte	.LASF33
 920 0209 01       		.byte	0x1
 921 020a 4401     		.2byte	0x144
 922 020c 6B000000 		.4byte	0x6b
 923 0210 02       		.uleb128 0x2
 924 0211 91       		.byte	0x91
 925 0212 6F       		.sleb128 -17
 926 0213 11       		.uleb128 0x11
 927 0214 90010000 		.4byte	.LASF24
 928 0218 01       		.byte	0x1
 929 0219 4501     		.2byte	0x145
 930 021b 6B000000 		.4byte	0x6b
 931 021f 02       		.uleb128 0x2
 932 0220 91       		.byte	0x91
 933 0221 6C       		.sleb128 -20
 934 0222 11       		.uleb128 0x11
 935 0223 E3020000 		.4byte	.LASF34
 936 0227 01       		.byte	0x1
 937 0228 4601     		.2byte	0x146
 938 022a 6B000000 		.4byte	0x6b
 939 022e 02       		.uleb128 0x2
 940 022f 91       		.byte	0x91
 941 0230 6E       		.sleb128 -18
 942 0231 11       		.uleb128 0x11
 943 0232 F0020000 		.4byte	.LASF35
 944 0236 01       		.byte	0x1
 945 0237 4701     		.2byte	0x147
 946 0239 6B000000 		.4byte	0x6b
 947 023d 02       		.uleb128 0x2
 948 023e 91       		.byte	0x91
 949 023f 6D       		.sleb128 -19
 950 0240 00       		.byte	0
 951 0241 12       		.uleb128 0x12
 952 0242 65020000 		.4byte	.LASF36
 953 0246 01       		.byte	0x1
 954 0247 1B       		.byte	0x1b
 955 0248 B8000000 		.4byte	0xb8
 956 024c 05       		.uleb128 0x5
 957 024d 03       		.byte	0x3
 958 024e 00000000 		.4byte	Temp_Sensor_busyFlag
 959 0252 12       		.uleb128 0x12
 960 0253 B4000000 		.4byte	.LASF37
 961 0257 01       		.byte	0x1
 962 0258 18       		.byte	0x18
 963 0259 6B000000 		.4byte	0x6b
 964 025d 05       		.uleb128 0x5
ARM GAS  C:\Users\ADMINI~1\AppData\Local\Temp\ccxz1S6I.s 			page 25


 965 025e 03       		.byte	0x3
 966 025f 00000000 		.4byte	Temp_Sensor_initVar
 967 0263 13       		.uleb128 0x13
 968 0264 C9000000 		.4byte	0xc9
 969 0268 73020000 		.4byte	0x273
 970 026c 14       		.uleb128 0x14
 971 026d D5000000 		.4byte	0xd5
 972 0271 00       		.byte	0
 973 0272 00       		.byte	0
 974 0273 12       		.uleb128 0x12
 975 0274 A5000000 		.4byte	.LASF38
 976 0278 01       		.byte	0x1
 977 0279 19       		.byte	0x19
 978 027a 84020000 		.4byte	0x284
 979 027e 05       		.uleb128 0x5
 980 027f 03       		.byte	0x3
 981 0280 00000000 		.4byte	Temp_Sensor_lo
 982 0284 06       		.uleb128 0x6
 983 0285 63020000 		.4byte	0x263
 984 0289 12       		.uleb128 0x12
 985 028a 39000000 		.4byte	.LASF39
 986 028e 01       		.byte	0x1
 987 028f 1A       		.byte	0x1a
 988 0290 9A020000 		.4byte	0x29a
 989 0294 05       		.uleb128 0x5
 990 0295 03       		.byte	0x3
 991 0296 00000000 		.4byte	Temp_Sensor_hi
 992 029a 06       		.uleb128 0x6
 993 029b 63020000 		.4byte	0x263
 994 029f 12       		.uleb128 0x12
 995 02a0 A1010000 		.4byte	.LASF40
 996 02a4 01       		.byte	0x1
 997 02a5 1C       		.byte	0x1c
 998 02a6 B8000000 		.4byte	0xb8
 999 02aa 05       		.uleb128 0x5
 1000 02ab 03       		.byte	0x3
 1001 02ac 00000000 		.4byte	Temp_Sensor_contMode
 1002 02b0 00       		.byte	0
 1003              		.section	.debug_abbrev,"",%progbits
 1004              	.Ldebug_abbrev0:
 1005 0000 01       		.uleb128 0x1
 1006 0001 11       		.uleb128 0x11
 1007 0002 01       		.byte	0x1
 1008 0003 25       		.uleb128 0x25
 1009 0004 0E       		.uleb128 0xe
 1010 0005 13       		.uleb128 0x13
 1011 0006 0B       		.uleb128 0xb
 1012 0007 03       		.uleb128 0x3
 1013 0008 0E       		.uleb128 0xe
 1014 0009 1B       		.uleb128 0x1b
 1015 000a 0E       		.uleb128 0xe
 1016 000b 55       		.uleb128 0x55
 1017 000c 17       		.uleb128 0x17
 1018 000d 11       		.uleb128 0x11
 1019 000e 01       		.uleb128 0x1
 1020 000f 10       		.uleb128 0x10
 1021 0010 17       		.uleb128 0x17
ARM GAS  C:\Users\ADMINI~1\AppData\Local\Temp\ccxz1S6I.s 			page 26


 1022 0011 00       		.byte	0
 1023 0012 00       		.byte	0
 1024 0013 02       		.uleb128 0x2
 1025 0014 24       		.uleb128 0x24
 1026 0015 00       		.byte	0
 1027 0016 0B       		.uleb128 0xb
 1028 0017 0B       		.uleb128 0xb
 1029 0018 3E       		.uleb128 0x3e
 1030 0019 0B       		.uleb128 0xb
 1031 001a 03       		.uleb128 0x3
 1032 001b 0E       		.uleb128 0xe
 1033 001c 00       		.byte	0
 1034 001d 00       		.byte	0
 1035 001e 03       		.uleb128 0x3
 1036 001f 24       		.uleb128 0x24
 1037 0020 00       		.byte	0
 1038 0021 0B       		.uleb128 0xb
 1039 0022 0B       		.uleb128 0xb
 1040 0023 3E       		.uleb128 0x3e
 1041 0024 0B       		.uleb128 0xb
 1042 0025 03       		.uleb128 0x3
 1043 0026 08       		.uleb128 0x8
 1044 0027 00       		.byte	0
 1045 0028 00       		.byte	0
 1046 0029 04       		.uleb128 0x4
 1047 002a 16       		.uleb128 0x16
 1048 002b 00       		.byte	0
 1049 002c 03       		.uleb128 0x3
 1050 002d 0E       		.uleb128 0xe
 1051 002e 3A       		.uleb128 0x3a
 1052 002f 0B       		.uleb128 0xb
 1053 0030 3B       		.uleb128 0x3b
 1054 0031 0B       		.uleb128 0xb
 1055 0032 49       		.uleb128 0x49
 1056 0033 13       		.uleb128 0x13
 1057 0034 00       		.byte	0
 1058 0035 00       		.byte	0
 1059 0036 05       		.uleb128 0x5
 1060 0037 16       		.uleb128 0x16
 1061 0038 00       		.byte	0
 1062 0039 03       		.uleb128 0x3
 1063 003a 0E       		.uleb128 0xe
 1064 003b 3A       		.uleb128 0x3a
 1065 003c 0B       		.uleb128 0xb
 1066 003d 3B       		.uleb128 0x3b
 1067 003e 05       		.uleb128 0x5
 1068 003f 49       		.uleb128 0x49
 1069 0040 13       		.uleb128 0x13
 1070 0041 00       		.byte	0
 1071 0042 00       		.byte	0
 1072 0043 06       		.uleb128 0x6
 1073 0044 35       		.uleb128 0x35
 1074 0045 00       		.byte	0
 1075 0046 49       		.uleb128 0x49
 1076 0047 13       		.uleb128 0x13
 1077 0048 00       		.byte	0
 1078 0049 00       		.byte	0
ARM GAS  C:\Users\ADMINI~1\AppData\Local\Temp\ccxz1S6I.s 			page 27


 1079 004a 07       		.uleb128 0x7
 1080 004b 2E       		.uleb128 0x2e
 1081 004c 00       		.byte	0
 1082 004d 3F       		.uleb128 0x3f
 1083 004e 19       		.uleb128 0x19
 1084 004f 03       		.uleb128 0x3
 1085 0050 0E       		.uleb128 0xe
 1086 0051 3A       		.uleb128 0x3a
 1087 0052 0B       		.uleb128 0xb
 1088 0053 3B       		.uleb128 0x3b
 1089 0054 0B       		.uleb128 0xb
 1090 0055 27       		.uleb128 0x27
 1091 0056 19       		.uleb128 0x19
 1092 0057 11       		.uleb128 0x11
 1093 0058 01       		.uleb128 0x1
 1094 0059 12       		.uleb128 0x12
 1095 005a 06       		.uleb128 0x6
 1096 005b 40       		.uleb128 0x40
 1097 005c 18       		.uleb128 0x18
 1098 005d 9642     		.uleb128 0x2116
 1099 005f 19       		.uleb128 0x19
 1100 0060 00       		.byte	0
 1101 0061 00       		.byte	0
 1102 0062 08       		.uleb128 0x8
 1103 0063 2E       		.uleb128 0x2e
 1104 0064 01       		.byte	0x1
 1105 0065 3F       		.uleb128 0x3f
 1106 0066 19       		.uleb128 0x19
 1107 0067 03       		.uleb128 0x3
 1108 0068 0E       		.uleb128 0xe
 1109 0069 3A       		.uleb128 0x3a
 1110 006a 0B       		.uleb128 0xb
 1111 006b 3B       		.uleb128 0x3b
 1112 006c 0B       		.uleb128 0xb
 1113 006d 27       		.uleb128 0x27
 1114 006e 19       		.uleb128 0x19
 1115 006f 11       		.uleb128 0x11
 1116 0070 01       		.uleb128 0x1
 1117 0071 12       		.uleb128 0x12
 1118 0072 06       		.uleb128 0x6
 1119 0073 40       		.uleb128 0x40
 1120 0074 18       		.uleb128 0x18
 1121 0075 9642     		.uleb128 0x2116
 1122 0077 19       		.uleb128 0x19
 1123 0078 01       		.uleb128 0x1
 1124 0079 13       		.uleb128 0x13
 1125 007a 00       		.byte	0
 1126 007b 00       		.byte	0
 1127 007c 09       		.uleb128 0x9
 1128 007d 34       		.uleb128 0x34
 1129 007e 00       		.byte	0
 1130 007f 03       		.uleb128 0x3
 1131 0080 0E       		.uleb128 0xe
 1132 0081 3A       		.uleb128 0x3a
 1133 0082 0B       		.uleb128 0xb
 1134 0083 3B       		.uleb128 0x3b
 1135 0084 0B       		.uleb128 0xb
ARM GAS  C:\Users\ADMINI~1\AppData\Local\Temp\ccxz1S6I.s 			page 28


 1136 0085 49       		.uleb128 0x49
 1137 0086 13       		.uleb128 0x13
 1138 0087 02       		.uleb128 0x2
 1139 0088 18       		.uleb128 0x18
 1140 0089 00       		.byte	0
 1141 008a 00       		.byte	0
 1142 008b 0A       		.uleb128 0xa
 1143 008c 2E       		.uleb128 0x2e
 1144 008d 00       		.byte	0
 1145 008e 3F       		.uleb128 0x3f
 1146 008f 19       		.uleb128 0x19
 1147 0090 03       		.uleb128 0x3
 1148 0091 0E       		.uleb128 0xe
 1149 0092 3A       		.uleb128 0x3a
 1150 0093 0B       		.uleb128 0xb
 1151 0094 3B       		.uleb128 0x3b
 1152 0095 0B       		.uleb128 0xb
 1153 0096 27       		.uleb128 0x27
 1154 0097 19       		.uleb128 0x19
 1155 0098 11       		.uleb128 0x11
 1156 0099 01       		.uleb128 0x1
 1157 009a 12       		.uleb128 0x12
 1158 009b 06       		.uleb128 0x6
 1159 009c 40       		.uleb128 0x40
 1160 009d 18       		.uleb128 0x18
 1161 009e 9742     		.uleb128 0x2117
 1162 00a0 19       		.uleb128 0x19
 1163 00a1 00       		.byte	0
 1164 00a2 00       		.byte	0
 1165 00a3 0B       		.uleb128 0xb
 1166 00a4 2E       		.uleb128 0x2e
 1167 00a5 01       		.byte	0x1
 1168 00a6 3F       		.uleb128 0x3f
 1169 00a7 19       		.uleb128 0x19
 1170 00a8 03       		.uleb128 0x3
 1171 00a9 0E       		.uleb128 0xe
 1172 00aa 3A       		.uleb128 0x3a
 1173 00ab 0B       		.uleb128 0xb
 1174 00ac 3B       		.uleb128 0x3b
 1175 00ad 0B       		.uleb128 0xb
 1176 00ae 27       		.uleb128 0x27
 1177 00af 19       		.uleb128 0x19
 1178 00b0 49       		.uleb128 0x49
 1179 00b1 13       		.uleb128 0x13
 1180 00b2 11       		.uleb128 0x11
 1181 00b3 01       		.uleb128 0x1
 1182 00b4 12       		.uleb128 0x12
 1183 00b5 06       		.uleb128 0x6
 1184 00b6 40       		.uleb128 0x40
 1185 00b7 18       		.uleb128 0x18
 1186 00b8 9642     		.uleb128 0x2116
 1187 00ba 19       		.uleb128 0x19
 1188 00bb 01       		.uleb128 0x1
 1189 00bc 13       		.uleb128 0x13
 1190 00bd 00       		.byte	0
 1191 00be 00       		.byte	0
 1192 00bf 0C       		.uleb128 0xc
ARM GAS  C:\Users\ADMINI~1\AppData\Local\Temp\ccxz1S6I.s 			page 29


 1193 00c0 05       		.uleb128 0x5
 1194 00c1 00       		.byte	0
 1195 00c2 03       		.uleb128 0x3
 1196 00c3 0E       		.uleb128 0xe
 1197 00c4 3A       		.uleb128 0x3a
 1198 00c5 0B       		.uleb128 0xb
 1199 00c6 3B       		.uleb128 0x3b
 1200 00c7 0B       		.uleb128 0xb
 1201 00c8 49       		.uleb128 0x49
 1202 00c9 13       		.uleb128 0x13
 1203 00ca 02       		.uleb128 0x2
 1204 00cb 18       		.uleb128 0x18
 1205 00cc 00       		.byte	0
 1206 00cd 00       		.byte	0
 1207 00ce 0D       		.uleb128 0xd
 1208 00cf 2E       		.uleb128 0x2e
 1209 00d0 00       		.byte	0
 1210 00d1 3F       		.uleb128 0x3f
 1211 00d2 19       		.uleb128 0x19
 1212 00d3 03       		.uleb128 0x3
 1213 00d4 0E       		.uleb128 0xe
 1214 00d5 3A       		.uleb128 0x3a
 1215 00d6 0B       		.uleb128 0xb
 1216 00d7 3B       		.uleb128 0x3b
 1217 00d8 05       		.uleb128 0x5
 1218 00d9 27       		.uleb128 0x27
 1219 00da 19       		.uleb128 0x19
 1220 00db 49       		.uleb128 0x49
 1221 00dc 13       		.uleb128 0x13
 1222 00dd 11       		.uleb128 0x11
 1223 00de 01       		.uleb128 0x1
 1224 00df 12       		.uleb128 0x12
 1225 00e0 06       		.uleb128 0x6
 1226 00e1 40       		.uleb128 0x40
 1227 00e2 18       		.uleb128 0x18
 1228 00e3 9742     		.uleb128 0x2117
 1229 00e5 19       		.uleb128 0x19
 1230 00e6 00       		.byte	0
 1231 00e7 00       		.byte	0
 1232 00e8 0E       		.uleb128 0xe
 1233 00e9 2E       		.uleb128 0x2e
 1234 00ea 01       		.byte	0x1
 1235 00eb 3F       		.uleb128 0x3f
 1236 00ec 19       		.uleb128 0x19
 1237 00ed 03       		.uleb128 0x3
 1238 00ee 0E       		.uleb128 0xe
 1239 00ef 3A       		.uleb128 0x3a
 1240 00f0 0B       		.uleb128 0xb
 1241 00f1 3B       		.uleb128 0x3b
 1242 00f2 05       		.uleb128 0x5
 1243 00f3 27       		.uleb128 0x27
 1244 00f4 19       		.uleb128 0x19
 1245 00f5 11       		.uleb128 0x11
 1246 00f6 01       		.uleb128 0x1
 1247 00f7 12       		.uleb128 0x12
 1248 00f8 06       		.uleb128 0x6
 1249 00f9 40       		.uleb128 0x40
ARM GAS  C:\Users\ADMINI~1\AppData\Local\Temp\ccxz1S6I.s 			page 30


 1250 00fa 18       		.uleb128 0x18
 1251 00fb 9742     		.uleb128 0x2117
 1252 00fd 19       		.uleb128 0x19
 1253 00fe 01       		.uleb128 0x1
 1254 00ff 13       		.uleb128 0x13
 1255 0100 00       		.byte	0
 1256 0101 00       		.byte	0
 1257 0102 0F       		.uleb128 0xf
 1258 0103 05       		.uleb128 0x5
 1259 0104 00       		.byte	0
 1260 0105 03       		.uleb128 0x3
 1261 0106 0E       		.uleb128 0xe
 1262 0107 3A       		.uleb128 0x3a
 1263 0108 0B       		.uleb128 0xb
 1264 0109 3B       		.uleb128 0x3b
 1265 010a 05       		.uleb128 0x5
 1266 010b 49       		.uleb128 0x49
 1267 010c 13       		.uleb128 0x13
 1268 010d 02       		.uleb128 0x2
 1269 010e 18       		.uleb128 0x18
 1270 010f 00       		.byte	0
 1271 0110 00       		.byte	0
 1272 0111 10       		.uleb128 0x10
 1273 0112 2E       		.uleb128 0x2e
 1274 0113 01       		.byte	0x1
 1275 0114 3F       		.uleb128 0x3f
 1276 0115 19       		.uleb128 0x19
 1277 0116 03       		.uleb128 0x3
 1278 0117 0E       		.uleb128 0xe
 1279 0118 3A       		.uleb128 0x3a
 1280 0119 0B       		.uleb128 0xb
 1281 011a 3B       		.uleb128 0x3b
 1282 011b 05       		.uleb128 0x5
 1283 011c 27       		.uleb128 0x27
 1284 011d 19       		.uleb128 0x19
 1285 011e 49       		.uleb128 0x49
 1286 011f 13       		.uleb128 0x13
 1287 0120 11       		.uleb128 0x11
 1288 0121 01       		.uleb128 0x1
 1289 0122 12       		.uleb128 0x12
 1290 0123 06       		.uleb128 0x6
 1291 0124 40       		.uleb128 0x40
 1292 0125 18       		.uleb128 0x18
 1293 0126 9642     		.uleb128 0x2116
 1294 0128 19       		.uleb128 0x19
 1295 0129 01       		.uleb128 0x1
 1296 012a 13       		.uleb128 0x13
 1297 012b 00       		.byte	0
 1298 012c 00       		.byte	0
 1299 012d 11       		.uleb128 0x11
 1300 012e 34       		.uleb128 0x34
 1301 012f 00       		.byte	0
 1302 0130 03       		.uleb128 0x3
 1303 0131 0E       		.uleb128 0xe
 1304 0132 3A       		.uleb128 0x3a
 1305 0133 0B       		.uleb128 0xb
 1306 0134 3B       		.uleb128 0x3b
ARM GAS  C:\Users\ADMINI~1\AppData\Local\Temp\ccxz1S6I.s 			page 31


 1307 0135 05       		.uleb128 0x5
 1308 0136 49       		.uleb128 0x49
 1309 0137 13       		.uleb128 0x13
 1310 0138 02       		.uleb128 0x2
 1311 0139 18       		.uleb128 0x18
 1312 013a 00       		.byte	0
 1313 013b 00       		.byte	0
 1314 013c 12       		.uleb128 0x12
 1315 013d 34       		.uleb128 0x34
 1316 013e 00       		.byte	0
 1317 013f 03       		.uleb128 0x3
 1318 0140 0E       		.uleb128 0xe
 1319 0141 3A       		.uleb128 0x3a
 1320 0142 0B       		.uleb128 0xb
 1321 0143 3B       		.uleb128 0x3b
 1322 0144 0B       		.uleb128 0xb
 1323 0145 49       		.uleb128 0x49
 1324 0146 13       		.uleb128 0x13
 1325 0147 3F       		.uleb128 0x3f
 1326 0148 19       		.uleb128 0x19
 1327 0149 02       		.uleb128 0x2
 1328 014a 18       		.uleb128 0x18
 1329 014b 00       		.byte	0
 1330 014c 00       		.byte	0
 1331 014d 13       		.uleb128 0x13
 1332 014e 01       		.uleb128 0x1
 1333 014f 01       		.byte	0x1
 1334 0150 49       		.uleb128 0x49
 1335 0151 13       		.uleb128 0x13
 1336 0152 01       		.uleb128 0x1
 1337 0153 13       		.uleb128 0x13
 1338 0154 00       		.byte	0
 1339 0155 00       		.byte	0
 1340 0156 14       		.uleb128 0x14
 1341 0157 21       		.uleb128 0x21
 1342 0158 00       		.byte	0
 1343 0159 49       		.uleb128 0x49
 1344 015a 13       		.uleb128 0x13
 1345 015b 2F       		.uleb128 0x2f
 1346 015c 0B       		.uleb128 0xb
 1347 015d 00       		.byte	0
 1348 015e 00       		.byte	0
 1349 015f 00       		.byte	0
 1350              		.section	.debug_aranges,"",%progbits
 1351 0000 5C000000 		.4byte	0x5c
 1352 0004 0200     		.2byte	0x2
 1353 0006 00000000 		.4byte	.Ldebug_info0
 1354 000a 04       		.byte	0x4
 1355 000b 00       		.byte	0
 1356 000c 0000     		.2byte	0
 1357 000e 0000     		.2byte	0
 1358 0010 00000000 		.4byte	.LFB1
 1359 0014 24000000 		.4byte	.LFE1-.LFB1
 1360 0018 00000000 		.4byte	.LFB2
 1361 001c 44000000 		.4byte	.LFE2-.LFB2
 1362 0020 00000000 		.4byte	.LFB3
 1363 0024 20000000 		.4byte	.LFE3-.LFB3
ARM GAS  C:\Users\ADMINI~1\AppData\Local\Temp\ccxz1S6I.s 			page 32


 1364 0028 00000000 		.4byte	.LFB4
 1365 002c 78000000 		.4byte	.LFE4-.LFB4
 1366 0030 00000000 		.4byte	.LFB5
 1367 0034 4C000000 		.4byte	.LFE5-.LFB5
 1368 0038 00000000 		.4byte	.LFB6
 1369 003c 70000000 		.4byte	.LFE6-.LFB6
 1370 0040 00000000 		.4byte	.LFB7
 1371 0044 1C000000 		.4byte	.LFE7-.LFB7
 1372 0048 00000000 		.4byte	.LFB8
 1373 004c 20000000 		.4byte	.LFE8-.LFB8
 1374 0050 00000000 		.4byte	.LFB9
 1375 0054 0C010000 		.4byte	.LFE9-.LFB9
 1376 0058 00000000 		.4byte	0
 1377 005c 00000000 		.4byte	0
 1378              		.section	.debug_ranges,"",%progbits
 1379              	.Ldebug_ranges0:
 1380 0000 00000000 		.4byte	.LFB1
 1381 0004 24000000 		.4byte	.LFE1
 1382 0008 00000000 		.4byte	.LFB2
 1383 000c 44000000 		.4byte	.LFE2
 1384 0010 00000000 		.4byte	.LFB3
 1385 0014 20000000 		.4byte	.LFE3
 1386 0018 00000000 		.4byte	.LFB4
 1387 001c 78000000 		.4byte	.LFE4
 1388 0020 00000000 		.4byte	.LFB5
 1389 0024 4C000000 		.4byte	.LFE5
 1390 0028 00000000 		.4byte	.LFB6
 1391 002c 70000000 		.4byte	.LFE6
 1392 0030 00000000 		.4byte	.LFB7
 1393 0034 1C000000 		.4byte	.LFE7
 1394 0038 00000000 		.4byte	.LFB8
 1395 003c 20000000 		.4byte	.LFE8
 1396 0040 00000000 		.4byte	.LFB9
 1397 0044 0C010000 		.4byte	.LFE9
 1398 0048 00000000 		.4byte	0
 1399 004c 00000000 		.4byte	0
 1400              		.section	.debug_line,"",%progbits
 1401              	.Ldebug_line0:
 1402 0000 2F010000 		.section	.debug_str,"MS",%progbits,1
 1402      02004800 
 1402      00000201 
 1402      FB0E0D00 
 1402      01010101 
 1403              	.LASF17:
 1404 0000 72656731 		.ascii	"reg16\000"
 1404      3600
 1405              	.LASF27:
 1406 0006 6C6F5F74 		.ascii	"lo_temp\000"
 1406      656D7000 
 1407              	.LASF22:
 1408 000e 54656D70 		.ascii	"Temp_Sensor_Stop\000"
 1408      5F53656E 
 1408      736F725F 
 1408      53746F70 
 1408      00
 1409              	.LASF28:
 1410 001f 54656D70 		.ascii	"Temp_Sensor_SetMode\000"
ARM GAS  C:\Users\ADMINI~1\AppData\Local\Temp\ccxz1S6I.s 			page 33


 1410      5F53656E 
 1410      736F725F 
 1410      5365744D 
 1410      6F646500 
 1411              	.LASF13:
 1412 0033 666C6F61 		.ascii	"float\000"
 1412      7400
 1413              	.LASF39:
 1414 0039 54656D70 		.ascii	"Temp_Sensor_hi\000"
 1414      5F53656E 
 1414      736F725F 
 1414      686900
 1415              	.LASF3:
 1416 0048 73686F72 		.ascii	"short unsigned int\000"
 1416      7420756E 
 1416      7369676E 
 1416      65642069 
 1416      6E7400
 1417              	.LASF29:
 1418 005b 73656E73 		.ascii	"sensorNum\000"
 1418      6F724E75 
 1418      6D00
 1419              	.LASF42:
 1420 0065 47656E65 		.ascii	"Generated_Source\\PSoC4\\Temp_Sensor.c\000"
 1420      72617465 
 1420      645F536F 
 1420      75726365 
 1420      5C50536F 
 1421              	.LASF31:
 1422 008a 54656D70 		.ascii	"Temp_Sensor_GetTemperature\000"
 1422      5F53656E 
 1422      736F725F 
 1422      47657454 
 1422      656D7065 
 1423              	.LASF38:
 1424 00a5 54656D70 		.ascii	"Temp_Sensor_lo\000"
 1424      5F53656E 
 1424      736F725F 
 1424      6C6F00
 1425              	.LASF37:
 1426 00b4 54656D70 		.ascii	"Temp_Sensor_initVar\000"
 1426      5F53656E 
 1426      736F725F 
 1426      696E6974 
 1426      56617200 
 1427              	.LASF16:
 1428 00c8 72656738 		.ascii	"reg8\000"
 1428      00
 1429              	.LASF44:
 1430 00cd 54656D70 		.ascii	"Temp_Sensor_ConversionStatus\000"
 1430      5F53656E 
 1430      736F725F 
 1430      436F6E76 
 1430      65727369 
 1431              	.LASF5:
 1432 00ea 6C6F6E67 		.ascii	"long unsigned int\000"
 1432      20756E73 
ARM GAS  C:\Users\ADMINI~1\AppData\Local\Temp\ccxz1S6I.s 			page 34


 1432      69676E65 
 1432      6420696E 
 1432      7400
 1433              	.LASF12:
 1434 00fc 696E7433 		.ascii	"int32\000"
 1434      3200
 1435              	.LASF41:
 1436 0102 474E5520 		.ascii	"GNU C11 5.4.1 20160609 (release) [ARM/embedded-5-br"
 1436      43313120 
 1436      352E342E 
 1436      31203230 
 1436      31363036 
 1437 0135 616E6368 		.ascii	"anch revision 237715] -mcpu=cortex-m0 -mthumb -g -O"
 1437      20726576 
 1437      6973696F 
 1437      6E203233 
 1437      37373135 
 1438 0168 30202D66 		.ascii	"0 -ffunction-sections -ffat-lto-objects\000"
 1438      66756E63 
 1438      74696F6E 
 1438      2D736563 
 1438      74696F6E 
 1439              	.LASF24:
 1440 0190 656E6162 		.ascii	"enableInterrupts\000"
 1440      6C65496E 
 1440      74657272 
 1440      75707473 
 1440      00
 1441              	.LASF40:
 1442 01a1 54656D70 		.ascii	"Temp_Sensor_contMode\000"
 1442      5F53656E 
 1442      736F725F 
 1442      636F6E74 
 1442      4D6F6465 
 1443              	.LASF1:
 1444 01b6 756E7369 		.ascii	"unsigned char\000"
 1444      676E6564 
 1444      20636861 
 1444      7200
 1445              	.LASF14:
 1446 01c4 646F7562 		.ascii	"double\000"
 1446      6C6500
 1447              	.LASF10:
 1448 01cb 75696E74 		.ascii	"uint16\000"
 1448      313600
 1449              	.LASF8:
 1450 01d2 756E7369 		.ascii	"unsigned int\000"
 1450      676E6564 
 1450      20696E74 
 1450      00
 1451              	.LASF20:
 1452 01df 54656D70 		.ascii	"Temp_Sensor_Start\000"
 1452      5F53656E 
 1452      736F725F 
 1452      53746172 
 1452      7400
 1453              	.LASF7:
ARM GAS  C:\Users\ADMINI~1\AppData\Local\Temp\ccxz1S6I.s 			page 35


 1454 01f1 6C6F6E67 		.ascii	"long long unsigned int\000"
 1454      206C6F6E 
 1454      6720756E 
 1454      7369676E 
 1454      65642069 
 1455              	.LASF23:
 1456 0208 54656D70 		.ascii	"Temp_Sensor_Enable\000"
 1456      5F53656E 
 1456      736F725F 
 1456      456E6162 
 1456      6C6500
 1457              	.LASF11:
 1458 021b 696E7431 		.ascii	"int16\000"
 1458      3600
 1459              	.LASF30:
 1460 0221 6D6F6465 		.ascii	"mode\000"
 1460      00
 1461              	.LASF19:
 1462 0226 73697A65 		.ascii	"sizetype\000"
 1462      74797065 
 1462      00
 1463              	.LASF6:
 1464 022f 6C6F6E67 		.ascii	"long long int\000"
 1464      206C6F6E 
 1464      6720696E 
 1464      7400
 1465              	.LASF21:
 1466 023d 54656D70 		.ascii	"Temp_Sensor_Init\000"
 1466      5F53656E 
 1466      736F725F 
 1466      496E6974 
 1466      00
 1467              	.LASF15:
 1468 024e 63686172 		.ascii	"char\000"
 1468      00
 1469              	.LASF26:
 1470 0253 68695F74 		.ascii	"hi_temp\000"
 1470      656D7000 
 1471              	.LASF2:
 1472 025b 73686F72 		.ascii	"short int\000"
 1472      7420696E 
 1472      7400
 1473              	.LASF36:
 1474 0265 54656D70 		.ascii	"Temp_Sensor_busyFlag\000"
 1474      5F53656E 
 1474      736F725F 
 1474      62757379 
 1474      466C6167 
 1475              	.LASF9:
 1476 027a 75696E74 		.ascii	"uint8\000"
 1476      3800
 1477              	.LASF43:
 1478 0280 443A5C43 		.ascii	"D:\\CYTEST\\Micrium_CY8CKIT-044_OS2\\Micrium\\Examp"
 1478      59544553 
 1478      545C4D69 
 1478      63726975 
 1478      6D5F4359 
ARM GAS  C:\Users\ADMINI~1\AppData\Local\Temp\ccxz1S6I.s 			page 36


 1479 02af 6C65735C 		.ascii	"les\\Cypress\\CY8CKIT-044\\OS2\\PSoC\\OS2.cydsn\000"
 1479      43797072 
 1479      6573735C 
 1479      43593843 
 1479      4B49542D 
 1480              	.LASF4:
 1481 02da 6C6F6E67 		.ascii	"long int\000"
 1481      20696E74 
 1481      00
 1482              	.LASF34:
 1483 02e3 656F6352 		.ascii	"eocRegStatus\000"
 1483      65675374 
 1483      61747573 
 1483      00
 1484              	.LASF35:
 1485 02f0 636F6E74 		.ascii	"contFlag\000"
 1485      466C6167 
 1485      00
 1486              	.LASF18:
 1487 02f9 6C6F6E67 		.ascii	"long double\000"
 1487      20646F75 
 1487      626C6500 
 1488              	.LASF0:
 1489 0305 7369676E 		.ascii	"signed char\000"
 1489      65642063 
 1489      68617200 
 1490              	.LASF32:
 1491 0311 54656D70 		.ascii	"Temp_Sensor_DiscoverSensors\000"
 1491      5F53656E 
 1491      736F725F 
 1491      44697363 
 1491      6F766572 
 1492              	.LASF33:
 1493 032d 73656E73 		.ascii	"sensorCount\000"
 1493      6F72436F 
 1493      756E7400 
 1494              	.LASF25:
 1495 0339 54656D70 		.ascii	"Temp_Sensor_Trigger\000"
 1495      5F53656E 
 1495      736F725F 
 1495      54726967 
 1495      67657200 
 1496              		.ident	"GCC: (GNU Tools for ARM Embedded Processors) 5.4.1 20160609 (release) [ARM/embedded-5-bran
